<constituencyResults><constituencyResult seqNo="1"><consituencyId>2</consituencyId><constituencyName>Aberconwy</constituencyName><results><result><partyCode>LAB </partyCode><votes>8994</votes><share>33.00</share></result><result><partyCode>CON </partyCode><votes>7924</votes><share>29.10</share></result><result><partyCode>LD  </partyCode><votes>5197</votes><share>19.10</share></result><result><partyCode>PC  </partyCode><votes>3818</votes><share>14.00</share></result><result><partyCode>OTH</partyCode><votes>517</votes><share>1.90</share></result><result><partyCode>GRN </partyCode><votes>512</votes><share>1.90</share></result><result><partyCode>UKIP</partyCode><votes>296</votes><share>1.10</share></result></results></constituencyResult></constituencyResults>
<constituencyResults><constituencyResult seqNo="2"><consituencyId>16</consituencyId><constituencyName>Arfon</constituencyName><results><result><partyCode>LAB </partyCode><votes>8484</votes><share>33.90</share></result><result><partyCode>PC  </partyCode><votes>8028</votes><share>32.10</share></result><result><partyCode>CON </partyCode><votes>4106</votes><share>16.40</share></result><result><partyCode>LD  </partyCode><votes>3942</votes><share>15.70</share></result><result><partyCode>UKIP</partyCode><votes>482</votes><share>1.90</share></result><result><partyCode>OTH</partyCode><votes>0</votes><share>0.00</share></result></results></constituencyResult></constituencyResults>
<constituencyResults><constituencyResult seqNo="3"><consituencyId>33</consituencyId><constituencyName>Basildon South &amp; East Thurrock</constituencyName><results><result><partyCode>LAB </partyCode><votes>17195</votes><share>40.70</share></result><result><partyCode>CON </partyCode><votes>16290</votes><share>38.50</share></result><result><partyCode>LD  </partyCode><votes>4469</votes><share>10.60</share></result><result><partyCode>OTH</partyCode><votes>2565</votes><share>6.10</share></result><result><partyCode>UKIP</partyCode><votes>1109</votes><share>2.60</share></result><result><partyCode>GRN </partyCode><votes>662</votes><share>1.60</share></result></results></constituencyResult></constituencyResults>
<constituencyResults><constituencyResult seqNo="4"><consituencyId>49</consituencyId><constituencyName>Bermondsey &amp; Old Southwark</constituencyName><results><result><partyCode>LD  </partyCode><votes>17177</votes><share>47.60</share></result><result><partyCode>LAB </partyCode><votes>11408</votes><share>31.60</share></result><result><partyCode>CON </partyCode><votes>4671</votes><share>13.00</share></result><result><partyCode>GRN </partyCode><votes>1096</votes><share>3.00</share></result><result><partyCode>OTH</partyCode><votes>937</votes><share>2.60</share></result><result><partyCode>UKIP</partyCode><votes>763</votes><share>2.10</share></result></results></constituencyResult></constituencyResults>
<constituencyResults><constituencyResult seqNo="5"><consituencyId>68</consituencyId><constituencyName>Blackley &amp; Broughton</constituencyName><results><result><partyCode>LAB </partyCode><votes>18825</votes><share>62.50</share></result><result><partyCode>LD  </partyCode><votes>5765</votes><share>19.10</share></result><result><partyCode>CON </partyCode><votes>3927</votes><share>13.00</share></result><result><partyCode>UKIP</partyCode><votes>1607</votes><share>5.30</share></result><result><partyCode>OTH</partyCode><votes>0</votes><share>0.00</share></result></results></constituencyResult></constituencyResults>
<constituencyResults><constituencyResult seqNo="6"><consituencyId>85</consituencyId><constituencyName>Bradford East</constituencyName><results><result><partyCode>LAB </partyCode><votes>16172</votes><share>44.10</share></result><result><partyCode>LD  </partyCode><votes>10945</votes><share>29.80</share></result><result><partyCode>CON </partyCode><votes>6392</votes><share>17.40</share></result><result><partyCode>OTH</partyCode><votes>2535</votes><share>6.90</share></result><result><partyCode>GRN </partyCode><votes>661</votes><share>1.80</share></result></results></constituencyResult></constituencyResults>
<constituencyResults><constituencyResult seqNo="7"><consituencyId>90</consituencyId><constituencyName>Brent Central</constituencyName><results><result><partyCode>LAB </partyCode><votes>19684</votes><share>50.10</share></result><result><partyCode>LD  </partyCode><votes>12215</votes><share>31.10</share></result><result><partyCode>CON </partyCode><votes>5142</votes><share>13.10</share></result><result><partyCode>GRN </partyCode><votes>1426</votes><share>3.60</share></result><result><partyCode>OTH</partyCode><votes>800</votes><share>2.00</share></result></results></constituencyResult></constituencyResults>
<constituencyResults><constituencyResult seqNo="8"><consituencyId>95</consituencyId><constituencyName>Bridgwater &amp; West Somerset</constituencyName><results><result><partyCode>CON </partyCode><votes>23140</votes><share>45.40</share></result><result><partyCode>LAB </partyCode><votes>13059</votes><share>25.60</share></result><result><partyCode>LD  </partyCode><votes>11545</votes><share>22.60</share></result><result><partyCode>UKIP</partyCode><votes>1853</votes><share>3.60</share></result><result><partyCode>GRN </partyCode><votes>1391</votes><share>2.70</share></result><result><partyCode>OTH</partyCode><votes>0</votes><share>0.00</share></result></results></constituencyResult></constituencyResults>
<constituencyResults><constituencyResult seqNo="9"><consituencyId>103</consituencyId><constituencyName>Broadland</constituencyName><results><result><partyCode>CON </partyCode><votes>20442</votes><share>43.40</share></result><result><partyCode>LD  </partyCode><votes>13869</votes><share>29.50</share></result><result><partyCode>LAB </partyCode><votes>11128</votes><share>23.60</share></result><result><partyCode>UKIP</partyCode><votes>1627</votes><share>3.50</share></result><result><partyCode>OTH</partyCode><votes>0</votes><share>0.00</share></result></results></constituencyResult></constituencyResults>
<constituencyResults><constituencyResult seqNo="10"><consituencyId>118</consituencyId><constituencyName>Camborne &amp; Redruth</constituencyName><results><result><partyCode>LD  </partyCode><votes>13830</votes><share>35.90</share></result><result><partyCode>LAB </partyCode><votes>11097</votes><share>28.80</share></result><result><partyCode>CON </partyCode><votes>9874</votes><share>25.60</share></result><result><partyCode>OTH</partyCode><votes>1943</votes><share>5.00</share></result><result><partyCode>UKIP</partyCode><votes>1833</votes><share>4.80</share></result></results></constituencyResult></constituencyResults>
<constituencyResults><constituencyResult seqNo="11"><consituencyId>139</consituencyId><constituencyName>Chelmsford</constituencyName><results><result><partyCode>CON </partyCode><votes>18686</votes><share>39.50</share></result><result><partyCode>LD  </partyCode><votes>14328</votes><share>30.30</share></result><result><partyCode>LAB </partyCode><votes>12749</votes><share>26.90</share></result><result><partyCode>UKIP</partyCode><votes>1590</votes><share>3.40</share></result><result><partyCode>OTH</partyCode><votes>0</votes><share>0.00</share></result></results></constituencyResult></constituencyResults>
<constituencyResults><constituencyResult seqNo="12"><consituencyId>140</consituencyId><constituencyName>Chelsea &amp; Fulham</constituencyName><results><result><partyCode>CON </partyCode><votes>19003</votes><share>55.20</share></result><result><partyCode>LAB </partyCode><votes>8750</votes><share>25.40</share></result><result><partyCode>LD  </partyCode><votes>4831</votes><share>14.00</share></result><result><partyCode>GRN </partyCode><votes>1443</votes><share>4.20</share></result><result><partyCode>UKIP</partyCode><votes>388</votes><share>1.10</share></result><result><partyCode>OTH</partyCode><votes>0</votes><share>0.00</share></result></results></constituencyResult></constituencyResults>
<constituencyResults><constituencyResult seqNo="13"><consituencyId>147</consituencyId><constituencyName>Chippenham</constituencyName><results><result><partyCode>LD  </partyCode><votes>19704</votes><share>42.40</share></result><result><partyCode>CON </partyCode><votes>17521</votes><share>37.70</share></result><result><partyCode>LAB </partyCode><votes>7801</votes><share>16.80</share></result><result><partyCode>UKIP</partyCode><votes>1419</votes><share>3.10</share></result><result><partyCode>OTH</partyCode><votes>0</votes><share>0.00</share></result></results></constituencyResult></constituencyResults>
<constituencyResults><constituencyResult seqNo="14"><consituencyId>152</consituencyId><constituencyName>Clacton</constituencyName><results><result><partyCode>CON </partyCode><votes>18971</votes><share>44.50</share></result><result><partyCode>LAB </partyCode><votes>15342</votes><share>35.90</share></result><result><partyCode>LD  </partyCode><votes>5776</votes><share>13.50</share></result><result><partyCode>UKIP</partyCode><votes>1957</votes><share>4.60</share></result><result><partyCode>OTH</partyCode><votes>631</votes><share>1.50</share></result></results></constituencyResult></constituencyResults>
<constituencyResults><constituencyResult seqNo="15"><consituencyId>175</consituencyId><constituencyName>Dagenham &amp; Rainham</constituencyName><results><result><partyCode>LAB </partyCode><votes>19964</votes><share>49.20</share></result><result><partyCode>CON </partyCode><votes>13592</votes><share>33.50</share></result><result><partyCode>LD  </partyCode><votes>3676</votes><share>9.10</share></result><result><partyCode>OTH</partyCode><votes>1789</votes><share>4.40</share></result><result><partyCode>UKIP</partyCode><votes>1585</votes><share>3.90</share></result></results></constituencyResult></constituencyResults>
<constituencyResults><constituencyResult seqNo="16"><consituencyId>183</consituencyId><constituencyName>Derbyshire Dales</constituencyName><results><result><partyCode>CON </partyCode><votes>19684</votes><share>46.50</share></result><result><partyCode>LAB </partyCode><votes>10874</votes><share>25.70</share></result><result><partyCode>LD  </partyCode><votes>10308</votes><share>24.40</share></result><result><partyCode>UKIP</partyCode><votes>1049</votes><share>2.50</share></result><result><partyCode>OTH</partyCode><votes>410</votes><share>1.00</share></result></results></constituencyResult></constituencyResults>
<constituencyResults><constituencyResult seqNo="17"><consituencyId>184</consituencyId><constituencyName>Derbyshire Mid</constituencyName><results><result><partyCode>CON </partyCode><votes>20050</votes><share>47.20</share></result><result><partyCode>LAB </partyCode><votes>14721</votes><share>34.60</share></result><result><partyCode>LD  </partyCode><votes>6809</votes><share>16.00</share></result><result><partyCode>UKIP</partyCode><votes>923</votes><share>2.20</share></result><result><partyCode>OTH</partyCode><votes>0</votes><share>0.00</share></result></results></constituencyResult></constituencyResults>
<constituencyResults><constituencyResult seqNo="18"><consituencyId>188</consituencyId><constituencyName>Devon Central</constituencyName><results><result><partyCode>CON </partyCode><votes>20517</votes><share>43.80</share></result><result><partyCode>LD  </partyCode><votes>18179</votes><share>38.80</share></result><result><partyCode>LAB </partyCode><votes>5429</votes><share>11.60</share></result><result><partyCode>UKIP</partyCode><votes>2755</votes><share>5.90</share></result><result><partyCode>OTH</partyCode><votes>0</votes><share>0.00</share></result></results></constituencyResult></constituencyResults>
<constituencyResults><constituencyResult seqNo="19"><consituencyId>217</consituencyId><constituencyName>Dwyfor Meirionnydd</constituencyName><results><result><partyCode>PC  </partyCode><votes>15228</votes><share>50.80</share></result><result><partyCode>LAB </partyCode><votes>6522</votes><share>21.70</share></result><result><partyCode>CON </partyCode><votes>4253</votes><share>14.20</share></result><result><partyCode>LD  </partyCode><votes>3284</votes><share>10.90</share></result><result><partyCode>UKIP</partyCode><votes>709</votes><share>2.40</share></result><result><partyCode>OTH</partyCode><votes>0</votes><share>0.00</share></result></results></constituencyResult></constituencyResults>
<constituencyResults><constituencyResult seqNo="20"><consituencyId>218</consituencyId><constituencyName>Ealing Central &amp; Acton</constituencyName><results><result><partyCode>LAB </partyCode><votes>12944</votes><share>33.40</share></result><result><partyCode>CON </partyCode><votes>12105</votes><share>31.20</share></result><result><partyCode>LD  </partyCode><votes>11883</votes><share>30.60</share></result><result><partyCode>GRN </partyCode><votes>1869</votes><share>4.80</share></result><result><partyCode>OTH</partyCode><votes>0</votes><share>0.00</share></result></results></constituencyResult></constituencyResults>
<constituencyResults><constituencyResult seqNo="21"><consituencyId>235</consituencyId><constituencyName>Elmet &amp; Rothwell</constituencyName><results><result><partyCode>LAB </partyCode><votes>24416</votes><share>45.90</share></result><result><partyCode>CON </partyCode><votes>18338</votes><share>34.50</share></result><result><partyCode>LD  </partyCode><votes>9202</votes><share>17.30</share></result><result><partyCode>OTH</partyCode><votes>1231</votes><share>2.30</share></result></results></constituencyResult></constituencyResults>
<constituencyResults><constituencyResult seqNo="22"><consituencyId>251</consituencyId><constituencyName>Filton &amp; Bradley Stoke</constituencyName><results><result><partyCode>CON </partyCode><votes>14629</votes><share>35.50</share></result><result><partyCode>LAB </partyCode><votes>13976</votes><share>33.90</share></result><result><partyCode>LD  </partyCode><votes>11703</votes><share>28.40</share></result><result><partyCode>UKIP</partyCode><votes>935</votes><share>2.30</share></result><result><partyCode>OTH</partyCode><votes>0</votes><share>0.00</share></result></results></constituencyResult></constituencyResults>
<constituencyResults><constituencyResult seqNo="23"><consituencyId>258</consituencyId><constituencyName>Garston &amp; Halewood</constituencyName><results><result><partyCode>LAB </partyCode><votes>22433</votes><share>57.90</share></result><result><partyCode>LD  </partyCode><votes>11619</votes><share>30.00</share></result><result><partyCode>CON </partyCode><votes>3818</votes><share>9.90</share></result><result><partyCode>UKIP</partyCode><votes>697</votes><share>1.80</share></result><result><partyCode>OTH</partyCode><votes>163</votes><share>0.40</share></result></results></constituencyResult></constituencyResults>
<constituencyResults><constituencyResult seqNo="24"><consituencyId>259</consituencyId><constituencyName>Gateshead</constituencyName><results><result><partyCode>LAB </partyCode><votes>21510</votes><share>61.40</share></result><result><partyCode>LD  </partyCode><votes>7265</votes><share>20.70</share></result><result><partyCode>CON </partyCode><votes>3564</votes><share>10.20</share></result><result><partyCode>OTH</partyCode><votes>1519</votes><share>4.30</share></result><result><partyCode>UKIP</partyCode><votes>1163</votes><share>3.30</share></result></results></constituencyResult></constituencyResults>
<constituencyResults><constituencyResult seqNo="25"><consituencyId>261</consituencyId><constituencyName>Gillingham &amp; Rainham</constituencyName><results><result><partyCode>LAB </partyCode><votes>18009</votes><share>40.70</share></result><result><partyCode>CON </partyCode><votes>17994</votes><share>40.70</share></result><result><partyCode>LD  </partyCode><votes>6774</votes><share>15.30</share></result><result><partyCode>UKIP</partyCode><votes>1180</votes><share>2.70</share></result><result><partyCode>OTH</partyCode><votes>254</votes><share>0.60</share></result></results></constituencyResult></constituencyResults>
<constituencyResults><constituencyResult seqNo="26"><consituencyId>286</consituencyId><constituencyName>Hammersmith</constituencyName><results><result><partyCode>LAB </partyCode><votes>18463</votes><share>42.40</share></result><result><partyCode>CON </partyCode><votes>14790</votes><share>34.00</share></result><result><partyCode>LD  </partyCode><votes>8267</votes><share>19.00</share></result><result><partyCode>GRN </partyCode><votes>1767</votes><share>4.10</share></result><result><partyCode>UKIP</partyCode><votes>254</votes><share>0.60</share></result><result><partyCode>OTH</partyCode><votes>0</votes><share>0.00</share></result></results></constituencyResult></constituencyResults>
<constituencyResults><constituencyResult seqNo="27"><consituencyId>290</consituencyId><constituencyName>Hampstead &amp; Kilburn</constituencyName><results><result><partyCode>LAB </partyCode><votes>15138</votes><share>36.30</share></result><result><partyCode>LD  </partyCode><votes>14664</votes><share>35.20</share></result><result><partyCode>CON </partyCode><votes>9559</votes><share>22.90</share></result><result><partyCode>GRN </partyCode><votes>1948</votes><share>4.70</share></result><result><partyCode>UKIP</partyCode><votes>275</votes><share>0.70</share></result><result><partyCode>OTH</partyCode><votes>91</votes><share>0.20</share></result></results></constituencyResult></constituencyResults>
<constituencyResults><constituencyResult seqNo="28"><consituencyId>297</consituencyId><constituencyName>Harwich &amp; North Essex</constituencyName><results><result><partyCode>CON </partyCode><votes>20285</votes><share>42.60</share></result><result><partyCode>LAB </partyCode><votes>14702</votes><share>30.90</share></result><result><partyCode>LD  </partyCode><votes>9162</votes><share>19.20</share></result><result><partyCode>UKIP</partyCode><votes>1735</votes><share>3.60</share></result><result><partyCode>GRN </partyCode><votes>1718</votes><share>3.60</share></result><result><partyCode>OTH</partyCode><votes>0</votes><share>0.00</share></result></results></constituencyResult></constituencyResults>
<constituencyResults><constituencyResult seqNo="29"><consituencyId>306</consituencyId><constituencyName>Hereford &amp; South Herefordshire</constituencyName><results><result><partyCode>LD  </partyCode><votes>19793</votes><share>43.40</share></result><result><partyCode>CON </partyCode><votes>18704</votes><share>41.00</share></result><result><partyCode>LAB </partyCode><votes>4678</votes><share>10.30</share></result><result><partyCode>GRN </partyCode><votes>1034</votes><share>2.30</share></result><result><partyCode>UKIP</partyCode><votes>1007</votes><share>2.20</share></result><result><partyCode>OTH</partyCode><votes>404</votes><share>0.90</share></result></results></constituencyResult></constituencyResults>
<constituencyResults><constituencyResult seqNo="30"><consituencyId>307</consituencyId><constituencyName>Herefordshire North</constituencyName><results><result><partyCode>CON </partyCode><votes>23422</votes><share>52.50</share></result><result><partyCode>LD  </partyCode><votes>10734</votes><share>24.10</share></result><result><partyCode>LAB </partyCode><votes>6926</votes><share>15.50</share></result><result><partyCode>GRN </partyCode><votes>2092</votes><share>4.70</share></result><result><partyCode>UKIP</partyCode><votes>1449</votes><share>3.20</share></result><result><partyCode>OTH</partyCode><votes>0</votes><share>0.00</share></result></results></constituencyResult></constituencyResults>
<constituencyResults><constituencyResult seqNo="31"><consituencyId>317</consituencyId><constituencyName>Hornchurch &amp; Upminster</constituencyName><results><result><partyCode>CON </partyCode><votes>23375</votes><share>47.50</share></result><result><partyCode>LAB </partyCode><votes>15317</votes><share>31.10</share></result><result><partyCode>OTH</partyCode><votes>4718</votes><share>9.60</share></result><result><partyCode>LD  </partyCode><votes>4184</votes><share>8.50</share></result><result><partyCode>UKIP</partyCode><votes>1071</votes><share>2.20</share></result><result><partyCode>GRN </partyCode><votes>543</votes><share>1.10</share></result></results></constituencyResult></constituencyResults>
<constituencyResults><constituencyResult seqNo="32"><consituencyId>320</consituencyId><constituencyName>Houghton &amp; Sunderland South</constituencyName><results><result><partyCode>LAB </partyCode><votes>23007</votes><share>62.00</share></result><result><partyCode>CON </partyCode><votes>6021</votes><share>16.20</share></result><result><partyCode>LD  </partyCode><votes>5395</votes><share>14.50</share></result><result><partyCode>OTH</partyCode><votes>2682</votes><share>7.20</share></result></results></constituencyResult></constituencyResults>
<constituencyResults><constituencyResult seqNo="33"><consituencyId>339</consituencyId><constituencyName>Kenilworth &amp; Southam</constituencyName><results><result><partyCode>CON </partyCode><votes>22245</votes><share>50.40</share></result><result><partyCode>LAB </partyCode><votes>11289</votes><share>25.60</share></result><result><partyCode>LD  </partyCode><votes>9736</votes><share>22.00</share></result><result><partyCode>UKIP</partyCode><votes>910</votes><share>2.10</share></result><result><partyCode>OTH</partyCode><votes>0</votes><share>0.00</share></result></results></constituencyResult></constituencyResults>
<constituencyResults><constituencyResult seqNo="34"><consituencyId>340</consituencyId><constituencyName>Kensington</constituencyName><results><result><partyCode>CON </partyCode><votes>14078</votes><share>43.80</share></result><result><partyCode>LAB </partyCode><votes>9538</votes><share>29.70</share></result><result><partyCode>LD  </partyCode><votes>6467</votes><share>20.10</share></result><result><partyCode>GRN </partyCode><votes>1468</votes><share>4.60</share></result><result><partyCode>UKIP</partyCode><votes>372</votes><share>1.20</share></result><result><partyCode>OTH</partyCode><votes>208</votes><share>0.60</share></result></results></constituencyResult></constituencyResults>
<constituencyResults><constituencyResult seqNo="35"><consituencyId>346</consituencyId><constituencyName>Knowsley</constituencyName><results><result><partyCode>LAB </partyCode><votes>30112</votes><share>71.80</share></result><result><partyCode>LD  </partyCode><votes>5779</votes><share>13.80</share></result><result><partyCode>CON </partyCode><votes>4709</votes><share>11.20</share></result><result><partyCode>OTH</partyCode><votes>1336</votes><share>3.20</share></result></results></constituencyResult></constituencyResults>
<constituencyResults><constituencyResult seqNo="36"><consituencyId>350</consituencyId><constituencyName>Lancaster &amp; Fleetwood</constituencyName><results><result><partyCode>LAB </partyCode><votes>16496</votes><share>42.40</share></result><result><partyCode>CON </partyCode><votes>13068</votes><share>33.60</share></result><result><partyCode>LD  </partyCode><votes>6081</votes><share>15.60</share></result><result><partyCode>GRN </partyCode><votes>2278</votes><share>5.90</share></result><result><partyCode>UKIP</partyCode><votes>953</votes><share>2.50</share></result><result><partyCode>OTH</partyCode><votes>0</votes><share>0.00</share></result></results></constituencyResult></constituencyResults>
<constituencyResults><constituencyResult seqNo="37"><consituencyId>360</consituencyId><constituencyName>Leicestershire South</constituencyName><results><result><partyCode>CON </partyCode><votes>22183</votes><share>45.40</share></result><result><partyCode>LAB </partyCode><votes>14479</votes><share>29.60</share></result><result><partyCode>LD  </partyCode><votes>9294</votes><share>19.00</share></result><result><partyCode>OTH</partyCode><votes>1704</votes><share>3.50</share></result><result><partyCode>UKIP</partyCode><votes>1188</votes><share>2.40</share></result></results></constituencyResult></constituencyResults>
<constituencyResults><constituencyResult seqNo="38"><consituencyId>365</consituencyId><constituencyName>Lewisham West &amp; Penge</constituencyName><results><result><partyCode>LAB </partyCode><votes>18801</votes><share>46.30</share></result><result><partyCode>LD  </partyCode><votes>11022</votes><share>27.10</share></result><result><partyCode>CON </partyCode><votes>8787</votes><share>21.60</share></result><result><partyCode>UKIP</partyCode><votes>1036</votes><share>2.50</share></result><result><partyCode>GRN </partyCode><votes>982</votes><share>2.40</share></result><result><partyCode>OTH</partyCode><votes>0</votes><share>0.00</share></result></results></constituencyResult></constituencyResults>
<constituencyResults><constituencyResult seqNo="39"><consituencyId>386</consituencyId><constituencyName>Maldon</constituencyName><results><result><partyCode>CON </partyCode><votes>23889</votes><share>56.30</share></result><result><partyCode>LAB </partyCode><votes>10258</votes><share>24.20</share></result><result><partyCode>LD  </partyCode><votes>6360</votes><share>15.00</share></result><result><partyCode>UKIP</partyCode><votes>1917</votes><share>4.50</share></result><result><partyCode>OTH</partyCode><votes>0</votes><share>0.00</share></result></results></constituencyResult></constituencyResults>
<constituencyResults><constituencyResult seqNo="40"><consituencyId>391</consituencyId><constituencyName>Meon Valley</constituencyName><results><result><partyCode>CON </partyCode><votes>22228</votes><share>45.90</share></result><result><partyCode>LD  </partyCode><votes>19850</votes><share>41.00</share></result><result><partyCode>LAB </partyCode><votes>5141</votes><share>10.60</share></result><result><partyCode>UKIP</partyCode><votes>1225</votes><share>2.50</share></result><result><partyCode>OTH</partyCode><votes>0</votes><share>0.00</share></result></results></constituencyResult></constituencyResults>
<constituencyResults><constituencyResult seqNo="41"><consituencyId>393</consituencyId><constituencyName>Merthyr Tydfil</constituencyName><results><result><partyCode>LAB </partyCode><votes>18129</votes><share>60.50</share></result><result><partyCode>LD  </partyCode><votes>4195</votes><share>14.00</share></result><result><partyCode>PC  </partyCode><votes>2972</votes><share>9.90</share></result><result><partyCode>CON </partyCode><votes>2680</votes><share>8.90</share></result><result><partyCode>OTH</partyCode><votes>1301</votes><share>4.30</share></result><result><partyCode>UKIP</partyCode><votes>699</votes><share>2.30</share></result><result><partyCode>IND</partyCode></result><result><partyCode>IND</partyCode></result><result><partyCode>IND</partyCode></result><result><partyCode>IND</partyCode></result><result><partyCode>IND</partyCode></result></results></constituencyResult></constituencyResults>
<constituencyResults><constituencyResult seqNo="42"><consituencyId>397</consituencyId><constituencyName>Milton Keynes North</constituencyName><results><result><partyCode>LAB </partyCode><votes>18767</votes><share>37.90</share></result><result><partyCode>CON </partyCode><votes>17919</votes><share>36.20</share></result><result><partyCode>LD  </partyCode><votes>10215</votes><share>20.60</share></result><result><partyCode>UKIP</partyCode><votes>1400</votes><share>2.80</share></result><result><partyCode>GRN </partyCode><votes>1090</votes><share>2.20</share></result><result><partyCode>OTH</partyCode><votes>142</votes><share>0.30</share></result></results></constituencyResult></constituencyResults>
<constituencyResults><constituencyResult seqNo="43"><consituencyId>398</consituencyId><constituencyName>Milton Keynes South</constituencyName><results><result><partyCode>LAB </partyCode><votes>20104</votes><share>40.80</share></result><result><partyCode>CON </partyCode><votes>18607</votes><share>37.80</share></result><result><partyCode>LD  </partyCode><votes>7483</votes><share>15.20</share></result><result><partyCode>UKIP</partyCode><votes>1750</votes><share>3.60</share></result><result><partyCode>GRN </partyCode><votes>1336</votes><share>2.70</share></result><result><partyCode>OTH</partyCode><votes>0</votes><share>0.00</share></result></results></constituencyResult></constituencyResults>
<constituencyResults><constituencyResult seqNo="44"><consituencyId>405</consituencyId><constituencyName>Morley &amp; Outwood</constituencyName><results><result><partyCode>LAB </partyCode><votes>19024</votes><share>46.00</share></result><result><partyCode>CON </partyCode><votes>10355</votes><share>25.00</share></result><result><partyCode>OTH</partyCode><votes>7851</votes><share>19.00</share></result><result><partyCode>LD  </partyCode><votes>4159</votes><share>10.00</share></result></results></constituencyResult></constituencyResults>
<constituencyResults><constituencyResult seqNo="45"><consituencyId>420</consituencyId><constituencyName>Newton Abbot</constituencyName><results><result><partyCode>LD  </partyCode><votes>20967</votes><share>45.60</share></result><result><partyCode>CON </partyCode><votes>16137</votes><share>35.10</share></result><result><partyCode>LAB </partyCode><votes>5233</votes><share>11.40</share></result><result><partyCode>UKIP</partyCode><votes>2990</votes><share>6.50</share></result><result><partyCode>OTH</partyCode><votes>685</votes><share>1.50</share></result></results></constituencyResult></constituencyResults>
<constituencyResults><constituencyResult seqNo="46"><consituencyId>426</consituencyId><constituencyName>Normanton, Pontefract &amp; Castleford</constituencyName><results><result><partyCode>LAB </partyCode><votes>27630</votes><share>65.30</share></result><result><partyCode>CON </partyCode><votes>7022</votes><share>16.60</share></result><result><partyCode>LD  </partyCode><votes>4704</votes><share>11.10</share></result><result><partyCode>OTH</partyCode><votes>2931</votes><share>6.90</share></result></results></constituencyResult></constituencyResults>
<constituencyResults><constituencyResult seqNo="47"><consituencyId>429</consituencyId><constituencyName>Northamptonshire South </constituencyName><results><result><partyCode>CON </partyCode><votes>25628</votes><share>51.60</share></result><result><partyCode>LAB </partyCode><votes>14272</votes><share>28.70</share></result><result><partyCode>LD  </partyCode><votes>8516</votes><share>17.10</share></result><result><partyCode>UKIP</partyCode><votes>1277</votes><share>2.60</share></result><result><partyCode>OTH</partyCode><votes>0</votes><share>0.00</share></result></results></constituencyResult></constituencyResults>
<constituencyResults><constituencyResult seqNo="48"><consituencyId>448</consituencyId><constituencyName>Penistone &amp; Stocksbridge</constituencyName><results><result><partyCode>LAB </partyCode><votes>19047</votes><share>45.20</share></result><result><partyCode>LD  </partyCode><votes>10430</votes><share>24.70</share></result><result><partyCode>CON </partyCode><votes>9996</votes><share>23.70</share></result><result><partyCode>OTH</partyCode><votes>2010</votes><share>4.80</share></result><result><partyCode>UKIP</partyCode><votes>696</votes><share>1.70</share></result></results></constituencyResult></constituencyResults>
<constituencyResults><constituencyResult seqNo="49"><consituencyId>452</consituencyId><constituencyName>Plymouth Moor View</constituencyName><results><result><partyCode>LAB </partyCode><votes>17739</votes><share>44.40</share></result><result><partyCode>CON </partyCode><votes>9999</votes><share>25.00</share></result><result><partyCode>LD  </partyCode><votes>7583</votes><share>19.00</share></result><result><partyCode>UKIP</partyCode><votes>3071</votes><share>7.70</share></result><result><partyCode>OTH</partyCode><votes>1568</votes><share>3.90</share></result></results></constituencyResult></constituencyResults>
<constituencyResults><constituencyResult seqNo="50"><consituencyId>453</consituencyId><constituencyName>Plymouth Sutton &amp; Devonport</constituencyName><results><result><partyCode>LAB </partyCode><votes>16370</votes><share>40.70</share></result><result><partyCode>CON </partyCode><votes>11898</votes><share>29.60</share></result><result><partyCode>LD  </partyCode><votes>9102</votes><share>22.60</share></result><result><partyCode>UKIP</partyCode><votes>2645</votes><share>6.60</share></result><result><partyCode>OTH</partyCode><votes>230</votes><share>0.60</share></result></results></constituencyResult></constituencyResults>
<constituencyResults><constituencyResult seqNo="51"><consituencyId>456</consituencyId><constituencyName>Poplar &amp; Limehouse</constituencyName><results><result><partyCode>LAB </partyCode><votes>12463</votes><share>35.30</share></result><result><partyCode>CON </partyCode><votes>8640</votes><share>24.50</share></result><result><partyCode>OTH</partyCode><votes>8329</votes><share>23.60</share></result><result><partyCode>LD  </partyCode><votes>4919</votes><share>13.90</share></result><result><partyCode>GRN </partyCode><votes>925</votes><share>2.60</share></result></results></constituencyResult></constituencyResults>
<constituencyResults><constituencyResult seqNo="52"><consituencyId>463</consituencyId><constituencyName>Rayleigh &amp; Wickford</constituencyName><results><result><partyCode>CON </partyCode><votes>25556</votes><share>53.90</share></result><result><partyCode>LAB </partyCode><votes>12573</votes><share>26.50</share></result><result><partyCode>LD  </partyCode><votes>7336</votes><share>15.50</share></result><result><partyCode>UKIP</partyCode><votes>1972</votes><share>4.20</share></result><result><partyCode>OTH</partyCode><votes>0</votes><share>0.00</share></result></results></constituencyResult></constituencyResults>
<constituencyResults><constituencyResult seqNo="53"><consituencyId>475</consituencyId><constituencyName>Rochester &amp; Strood</constituencyName><results><result><partyCode>CON </partyCode><votes>18877</votes><share>42.60</share></result><result><partyCode>LAB </partyCode><votes>18374</votes><share>41.50</share></result><result><partyCode>LD  </partyCode><votes>5468</votes><share>12.40</share></result><result><partyCode>UKIP</partyCode><votes>1547</votes><share>3.50</share></result><result><partyCode>OTH</partyCode><votes>0</votes><share>0.00</share></result></results></constituencyResult></constituencyResults>
<constituencyResults><constituencyResult seqNo="54"><consituencyId>478</consituencyId><constituencyName>Romsey &amp; Southampton North</constituencyName><results><result><partyCode>LD  </partyCode><votes>19217</votes><share>43.60</share></result><result><partyCode>CON </partyCode><votes>19013</votes><share>43.10</share></result><result><partyCode>LAB </partyCode><votes>4816</votes><share>10.90</share></result><result><partyCode>UKIP</partyCode><votes>1025</votes><share>2.30</share></result><result><partyCode>OTH</partyCode><votes>0</votes><share>0.00</share></result></results></constituencyResult></constituencyResults>
<constituencyResults><constituencyResult seqNo="55"><consituencyId>483</consituencyId><constituencyName>Rugby</constituencyName><results><result><partyCode>LAB </partyCode><votes>20047</votes><share>43.50</share></result><result><partyCode>CON </partyCode><votes>17650</votes><share>38.30</share></result><result><partyCode>LD  </partyCode><votes>6896</votes><share>15.00</share></result><result><partyCode>UKIP</partyCode><votes>905</votes><share>2.00</share></result><result><partyCode>OTH</partyCode><votes>557</votes><share>1.20</share></result></results></constituencyResult></constituencyResults>
<constituencyResults><constituencyResult seqNo="56"><consituencyId>484</consituencyId><constituencyName>Ruislip, Northwood &amp; Pinner</constituencyName><results><result><partyCode>CON </partyCode><votes>23652</votes><share>54.70</share></result><result><partyCode>LAB </partyCode><votes>10378</votes><share>24.00</share></result><result><partyCode>LD  </partyCode><votes>7049</votes><share>16.30</share></result><result><partyCode>OTH</partyCode><votes>841</votes><share>1.90</share></result><result><partyCode>UKIP</partyCode><votes>650</votes><share>1.50</share></result><result><partyCode>GRN </partyCode><votes>648</votes><share>1.50</share></result></results></constituencyResult></constituencyResults>
<constituencyResults><constituencyResult seqNo="57"><consituencyId>491</consituencyId><constituencyName>St. Austell &amp; Newquay</constituencyName><results><result><partyCode>LD  </partyCode><votes>21747</votes><share>47.30</share></result><result><partyCode>CON </partyCode><votes>16024</votes><share>34.80</share></result><result><partyCode>LAB </partyCode><votes>6335</votes><share>13.80</share></result><result><partyCode>UKIP</partyCode><votes>1895</votes><share>4.10</share></result><result><partyCode>OTH</partyCode><votes>0</votes><share>0.00</share></result></results></constituencyResult></constituencyResults>
<constituencyResults><constituencyResult seqNo="58"><consituencyId>495</consituencyId><constituencyName>Salford &amp; Eccles</constituencyName><results><result><partyCode>LAB </partyCode><votes>18183</votes><share>55.40</share></result><result><partyCode>LD  </partyCode><votes>7476</votes><share>22.80</share></result><result><partyCode>CON </partyCode><votes>5528</votes><share>16.90</share></result><result><partyCode>UKIP</partyCode><votes>1618</votes><share>4.90</share></result><result><partyCode>OTH</partyCode><votes>0</votes><share>0.00</share></result></results></constituencyResult></constituencyResults>
<constituencyResults><constituencyResult seqNo="59"><consituencyId>500</consituencyId><constituencyName>Sefton Central</constituencyName><results><result><partyCode>LAB </partyCode><votes>18776</votes><share>45.60</share></result><result><partyCode>CON </partyCode><votes>13826</votes><share>33.60</share></result><result><partyCode>LD  </partyCode><votes>7915</votes><share>19.20</share></result><result><partyCode>OTH</partyCode><votes>356</votes><share>0.90</share></result><result><partyCode>UKIP</partyCode><votes>306</votes><share>0.70</share></result></results></constituencyResult></constituencyResults>
<constituencyResults><constituencyResult seqNo="60"><consituencyId>501</consituencyId><constituencyName>Selby &amp; Ainsty</constituencyName><results><result><partyCode>CON </partyCode><votes>22554</votes><share>47.20</share></result><result><partyCode>LAB </partyCode><votes>20494</votes><share>42.80</share></result><result><partyCode>LD  </partyCode><votes>4785</votes><share>10.00</share></result><result><partyCode>OTH</partyCode><votes>0</votes><share>0.00</share></result></results></constituencyResult></constituencyResults>
<constituencyResults><constituencyResult seqNo="61"><consituencyId>503</consituencyId><constituencyName>Sheffield Brightside &amp; Hillsborough</constituencyName><results><result><partyCode>LAB </partyCode><votes>23126</votes><share>69.60</share></result><result><partyCode>LD  </partyCode><votes>4325</votes><share>13.00</share></result><result><partyCode>CON </partyCode><votes>3250</votes><share>9.80</share></result><result><partyCode>OTH</partyCode><votes>1537</votes><share>4.60</share></result><result><partyCode>UKIP</partyCode><votes>992</votes><share>3.00</share></result></results></constituencyResult></constituencyResults>
<constituencyResults><constituencyResult seqNo="62"><consituencyId>507</consituencyId><constituencyName>Sheffield South East</constituencyName><results><result><partyCode>LAB </partyCode><votes>22023</votes><share>60.30</share></result><result><partyCode>LD  </partyCode><votes>6180</votes><share>16.90</share></result><result><partyCode>CON </partyCode><votes>5250</votes><share>14.40</share></result><result><partyCode>UKIP</partyCode><votes>1606</votes><share>4.40</share></result><result><partyCode>OTH</partyCode><votes>1477</votes><share>4.00</share></result></results></constituencyResult></constituencyResults>
<constituencyResults><constituencyResult seqNo="63"><consituencyId>517</consituencyId><constituencyName>Somerset North</constituencyName><results><result><partyCode>CON </partyCode><votes>21631</votes><share>41.80</share></result><result><partyCode>LD  </partyCode><votes>15624</votes><share>30.20</share></result><result><partyCode>LAB </partyCode><votes>11267</votes><share>21.80</share></result><result><partyCode>GRN </partyCode><votes>1309</votes><share>2.50</share></result><result><partyCode>UKIP</partyCode><votes>1272</votes><share>2.50</share></result><result><partyCode>OTH</partyCode><votes>633</votes><share>1.20</share></result></results></constituencyResult></constituencyResults>
<constituencyResults><constituencyResult seqNo="64"><consituencyId>518</consituencyId><constituencyName>Somerset North East</constituencyName><results><result><partyCode>CON </partyCode><votes>18149</votes><share>39.10</share></result><result><partyCode>LAB </partyCode><votes>17937</votes><share>38.60</share></result><result><partyCode>LD  </partyCode><votes>9096</votes><share>19.60</share></result><result><partyCode>UKIP</partyCode><votes>1013</votes><share>2.20</share></result><result><partyCode>OTH</partyCode><votes>221</votes><share>0.50</share></result></results></constituencyResult></constituencyResults>
<constituencyResults><constituencyResult seqNo="65"><consituencyId>530</consituencyId><constituencyName>Staffordshire South</constituencyName><results><result><partyCode>CON </partyCode><votes>13794</votes><share>50.60</share></result><result><partyCode>LAB </partyCode><votes>5448</votes><share>20.00</share></result><result><partyCode>LD  </partyCode><votes>3654</votes><share>13.40</share></result><result><partyCode>UKIP</partyCode><votes>2757</votes><share>10.10</share></result><result><partyCode>OTH</partyCode><votes>1144</votes><share>4.20</share></result><result><partyCode>GRN </partyCode><votes>437</votes><share>1.60</share></result></results></constituencyResult></constituencyResults>
<constituencyResults><constituencyResult seqNo="66"><consituencyId>551</consituencyId><constituencyName>Sunderland Central</constituencyName><results><result><partyCode>LAB </partyCode><votes>18543</votes><share>50.00</share></result><result><partyCode>CON </partyCode><votes>9079</votes><share>24.50</share></result><result><partyCode>LD  </partyCode><votes>6249</votes><share>16.90</share></result><result><partyCode>OTH</partyCode><votes>3193</votes><share>8.60</share></result></results></constituencyResult></constituencyResults>
<constituencyResults><constituencyResult seqNo="67"><consituencyId>569</consituencyId><constituencyName>Thirsk &amp; Malton</constituencyName><results><result><partyCode>CON </partyCode><votes>25702</votes><share>51.90</share></result><result><partyCode>LAB </partyCode><votes>11585</votes><share>23.40</share></result><result><partyCode>LD  </partyCode><votes>9314</votes><share>18.80</share></result><result><partyCode>UKIP</partyCode><votes>1522</votes><share>3.10</share></result><result><partyCode>OTH</partyCode><votes>1417</votes><share>2.90</share></result></results></constituencyResult></constituencyResults>
<constituencyResults><constituencyResult seqNo="68"><consituencyId>570</consituencyId><constituencyName>Thornbury &amp; Yate</constituencyName><results><result><partyCode>LD  </partyCode><votes>25622</votes><share>54.30</share></result><result><partyCode>CON </partyCode><votes>14562</votes><share>30.90</share></result><result><partyCode>LAB </partyCode><votes>5122</votes><share>10.90</share></result><result><partyCode>GRN </partyCode><votes>922</votes><share>2.00</share></result><result><partyCode>UKIP</partyCode><votes>818</votes><share>1.70</share></result><result><partyCode>OTH</partyCode><votes>114</votes><share>0.20</share></result></results></constituencyResult></constituencyResults>
<constituencyResults><constituencyResult seqNo="69"><consituencyId>579</consituencyId><constituencyName>Truro &amp; Falmouth</constituencyName><results><result><partyCode>LD  </partyCode><votes>17406</votes><share>41.00</share></result><result><partyCode>CON </partyCode><votes>13475</votes><share>31.70</share></result><result><partyCode>LAB </partyCode><votes>8090</votes><share>19.00</share></result><result><partyCode>UKIP</partyCode><votes>2447</votes><share>5.80</share></result><result><partyCode>OTH</partyCode><votes>1062</votes><share>2.50</share></result></results></constituencyResult></constituencyResults>
<constituencyResults><constituencyResult seqNo="70"><consituencyId>587</consituencyId><constituencyName>Uxbridge &amp; South Ruislip</constituencyName><results><result><partyCode>CON </partyCode><votes>17712</votes><share>44.40</share></result><result><partyCode>LAB </partyCode><votes>10534</votes><share>26.40</share></result><result><partyCode>LD  </partyCode><votes>9034</votes><share>22.70</share></result><result><partyCode>OTH</partyCode><votes>1047</votes><share>2.60</share></result><result><partyCode>GRN </partyCode><votes>876</votes><share>2.20</share></result><result><partyCode>UKIP</partyCode><votes>655</votes><share>1.60</share></result></results></constituencyResult></constituencyResults>
<constituencyResults><constituencyResult seqNo="71"><consituencyId>603</consituencyId><constituencyName>Washington &amp; Sunderland West</constituencyName><results><result><partyCode>LAB </partyCode><votes>22327</votes><share>68.80</share></result><result><partyCode>LD  </partyCode><votes>5267</votes><share>16.20</share></result><result><partyCode>CON </partyCode><votes>4864</votes><share>15.00</share></result><result><partyCode>OTH</partyCode><votes>0</votes><share>0.00</share></result></results></constituencyResult></constituencyResults>
<constituencyResults><constituencyResult seqNo="72"><consituencyId>611</consituencyId><constituencyName>Wentworth &amp; Dearne</constituencyName><results><result><partyCode>LAB </partyCode><votes>23810</votes><share>61.80</share></result><result><partyCode>LD  </partyCode><votes>6259</votes><share>16.20</share></result><result><partyCode>CON </partyCode><votes>5301</votes><share>13.80</share></result><result><partyCode>OTH</partyCode><votes>1798</votes><share>4.70</share></result><result><partyCode>UKIP</partyCode><votes>1365</votes><share>3.50</share></result></results></constituencyResult></constituencyResults>
<constituencyResults><constituencyResult seqNo="73"><consituencyId>615</consituencyId><constituencyName>Westminster North</constituencyName><results><result><partyCode>LAB </partyCode><votes>12823</votes><share>39.90</share></result><result><partyCode>CON </partyCode><votes>10703</votes><share>33.30</share></result><result><partyCode>LD  </partyCode><votes>6322</votes><share>19.70</share></result><result><partyCode>GRN </partyCode><votes>1523</votes><share>4.70</share></result><result><partyCode>OTH</partyCode><votes>409</votes><share>1.30</share></result><result><partyCode>UKIP</partyCode><votes>376</votes><share>1.20</share></result></results></constituencyResult></constituencyResults>
<constituencyResults><constituencyResult seqNo="74"><consituencyId>620</consituencyId><constituencyName>Wiltshire South West</constituencyName><results><result><partyCode>CON </partyCode><votes>22321</votes><share>49.10</share></result><result><partyCode>LD  </partyCode><votes>13753</votes><share>30.30</share></result><result><partyCode>LAB </partyCode><votes>7807</votes><share>17.20</share></result><result><partyCode>UKIP</partyCode><votes>1573</votes><share>3.50</share></result><result><partyCode>OTH</partyCode><votes>0</votes><share>0.00</share></result></results></constituencyResult></constituencyResults>
<constituencyResults><constituencyResult seqNo="75"><consituencyId>626</consituencyId><constituencyName>Witham</constituencyName><results><result><partyCode>CON </partyCode><votes>20822</votes><share>49.70</share></result><result><partyCode>LAB </partyCode><votes>13581</votes><share>32.40</share></result><result><partyCode>LD  </partyCode><votes>6345</votes><share>15.20</share></result><result><partyCode>UKIP</partyCode><votes>1131</votes><share>2.70</share></result><result><partyCode>OTH</partyCode><votes>0</votes><share>0.00</share></result></results></constituencyResult></constituencyResults>
<constituencyResults><constituencyResult seqNo="76"><consituencyId>637</consituencyId><constituencyName>Worsley &amp; Eccles South</constituencyName><results><result><partyCode>LAB </partyCode><votes>20804</votes><share>53.30</share></result><result><partyCode>CON </partyCode><votes>10803</votes><share>27.70</share></result><result><partyCode>LD  </partyCode><votes>5044</votes><share>12.90</share></result><result><partyCode>UKIP</partyCode><votes>2386</votes><share>6.10</share></result><result><partyCode>OTH</partyCode><votes>0</votes><share>0.00</share></result></results></constituencyResult></constituencyResults>
<constituencyResults><constituencyResult seqNo="77"><consituencyId>643</consituencyId><constituencyName>Wyre &amp; Preston North</constituencyName><results><result><partyCode>CON </partyCode><votes>24011</votes><share>54.70</share></result><result><partyCode>LAB </partyCode><votes>11929</votes><share>27.20</share></result><result><partyCode>LD  </partyCode><votes>7055</votes><share>16.10</share></result><result><partyCode>UKIP</partyCode><votes>931</votes><share>2.10</share></result><result><partyCode>OTH</partyCode><votes>0</votes><share>0.00</share></result></results></constituencyResult></constituencyResults>
<constituencyResults><constituencyResult seqNo="78"><consituencyId>648</consituencyId><constituencyName>York Central</constituencyName><results><result><partyCode>LAB </partyCode><votes>19490</votes><share>48.80</share></result><result><partyCode>CON </partyCode><votes>9146</votes><share>22.90</share></result><result><partyCode>LD  </partyCode><votes>8040</votes><share>20.10</share></result><result><partyCode>GRN </partyCode><votes>2113</votes><share>5.30</share></result><result><partyCode>UKIP</partyCode><votes>832</votes><share>2.10</share></result><result><partyCode>OTH</partyCode><votes>286</votes><share>0.70</share></result></results></constituencyResult></constituencyResults>
<constituencyResults><constituencyResult seqNo="79"><consituencyId>649</consituencyId><constituencyName>York Outer</constituencyName><results><result><partyCode>LD  </partyCode><votes>16904</votes><share>36.70</share></result><result><partyCode>CON </partyCode><votes>16701</votes><share>36.30</share></result><result><partyCode>LAB </partyCode><votes>12425</votes><share>27.00</share></result><result><partyCode>OTH</partyCode><votes>0</votes><share>0.00</share></result></results></constituencyResult></constituencyResults>
<constituencyResults><constituencyResult seqNo="80"><consituencyId>487</consituencyId><constituencyName>Rutherglen &amp; Hamilton West</constituencyName><results><result><partyCode>LAB </partyCode><votes>24054</votes><share>55.60</share></result><result><partyCode>LD  </partyCode><votes>7942</votes><share>18.40</share></result><result><partyCode>SNP </partyCode><votes>6023</votes><share>13.90</share></result><result><partyCode>CON </partyCode><votes>3621</votes><share>8.40</share></result><result><partyCode>SSP </partyCode><votes>1164</votes><share>2.70</share></result><result><partyCode>UKIP</partyCode><votes>457</votes><share>1.10</share></result><result><partyCode>OTH</partyCode><votes>0</votes><share>0.00</share></result></results></constituencyResult></constituencyResults>
<constituencyResults><constituencyResult seqNo="81"><consituencyId>29</consituencyId><constituencyName>Barnsley Central</constituencyName><results><result><partyCode>LAB </partyCode><votes>17805</votes><share>57.60</share></result><result><partyCode>LD  </partyCode><votes>5966</votes><share>19.30</share></result><result><partyCode>CON </partyCode><votes>4548</votes><share>14.70</share></result><result><partyCode>OTH</partyCode><votes>2578</votes><share>8.30</share></result></results></constituencyResult></constituencyResults>
<constituencyResults><constituencyResult seqNo="82"><consituencyId>482</consituencyId><constituencyName>Rotherham</constituencyName><results><result><partyCode>LAB </partyCode><votes>19371</votes><share>57.70</share></result><result><partyCode>LD  </partyCode><votes>5506</votes><share>16.40</share></result><result><partyCode>CON </partyCode><votes>4464</votes><share>13.30</share></result><result><partyCode>OTH</partyCode><votes>1986</votes><share>5.90</share></result><result><partyCode>UKIP</partyCode><votes>1318</votes><share>3.90</share></result><result><partyCode>GRN </partyCode><votes>905</votes><share>2.70</share></result></results></constituencyResult></constituencyResults>
<constituencyResults><constituencyResult seqNo="83"><consituencyId>590</consituencyId><constituencyName>Vauxhall</constituencyName><results><result><partyCode>LAB </partyCode><votes>17928</votes><share>51.70</share></result><result><partyCode>LD  </partyCode><votes>9425</votes><share>27.20</share></result><result><partyCode>CON </partyCode><votes>5048</votes><share>14.60</share></result><result><partyCode>GRN </partyCode><votes>1538</votes><share>4.40</share></result><result><partyCode>OTH</partyCode><votes>461</votes><share>1.30</share></result><result><partyCode>UKIP</partyCode><votes>244</votes><share>0.70</share></result></results></constituencyResult></constituencyResults>
<constituencyResults><constituencyResult seqNo="84"><consituencyId>325</consituencyId><constituencyName>Hull West &amp; Hessle</constituencyName><results><result><partyCode>LAB </partyCode><votes>15244</votes><share>55.10</share></result><result><partyCode>LD  </partyCode><votes>5814</votes><share>21.00</share></result><result><partyCode>CON </partyCode><votes>5741</votes><share>20.70</share></result><result><partyCode>OTH</partyCode><votes>889</votes><share>3.20</share></result></results></constituencyResult></constituencyResults>
<constituencyResults><constituencyResult seqNo="85"><consituencyId>414</consituencyId><constituencyName>Newcastle Upon Tyne Central</constituencyName><results><result><partyCode>LAB </partyCode><votes>16466</votes><share>50.60</share></result><result><partyCode>LD  </partyCode><votes>8957</votes><share>27.50</share></result><result><partyCode>CON </partyCode><votes>5400</votes><share>16.60</share></result><result><partyCode>GRN </partyCode><votes>1254</votes><share>3.90</share></result><result><partyCode>OTH</partyCode><votes>477</votes><share>1.50</share></result></results></constituencyResult></constituencyResults>
<constituencyResults><constituencyResult seqNo="86"><consituencyId>462</consituencyId><constituencyName>Putney</constituencyName><results><result><partyCode>CON </partyCode><votes>15193</votes><share>42.30</share></result><result><partyCode>LAB </partyCode><votes>13470</votes><share>37.50</share></result><result><partyCode>LD  </partyCode><votes>5861</votes><share>16.30</share></result><result><partyCode>GRN </partyCode><votes>972</votes><share>2.70</share></result><result><partyCode>UKIP</partyCode><votes>380</votes><share>1.10</share></result><result><partyCode>OTH</partyCode><votes>0</votes><share>0.00</share></result></results></constituencyResult></constituencyResults>
<constituencyResults><constituencyResult seqNo="87"><consituencyId>415</consituencyId><constituencyName>Newcastle Upon Tyne East</constituencyName><results><result><partyCode>LAB </partyCode><votes>17588</votes><share>52.80</share></result><result><partyCode>LD  </partyCode><votes>10601</votes><share>31.80</share></result><result><partyCode>CON </partyCode><votes>4344</votes><share>13.00</share></result><result><partyCode>OTH</partyCode><votes>787</votes><share>2.40</share></result></results></constituencyResult></constituencyResults>
<constituencyResults><constituencyResult seqNo="88"><consituencyId>416</consituencyId><constituencyName>Newcastle Upon Tyne North</constituencyName><results><result><partyCode>LAB </partyCode><votes>20361</votes><share>49.80</share></result><result><partyCode>LD  </partyCode><votes>13483</votes><share>33.00</share></result><result><partyCode>CON </partyCode><votes>6004</votes><share>14.70</share></result><result><partyCode>OTH</partyCode><votes>997</votes><share>2.40</share></result></results></constituencyResult></constituencyResults>
<constituencyResults><constituencyResult seqNo="89"><consituencyId>348</consituencyId><constituencyName>Lanark &amp; Hamilton East</constituencyName><results><result><partyCode>LAB </partyCode><votes>20072</votes><share>46.00</share></result><result><partyCode>LD  </partyCode><votes>8125</votes><share>18.60</share></result><result><partyCode>SNP </partyCode><votes>7746</votes><share>17.80</share></result><result><partyCode>CON </partyCode><votes>5576</votes><share>12.80</share></result><result><partyCode>OTH</partyCode><votes>831</votes><share>1.90</share></result><result><partyCode>SSP </partyCode><votes>802</votes><share>1.80</share></result><result><partyCode>UKIP</partyCode><votes>437</votes><share>1.00</share></result><result><partyCode>IND</partyCode><votes>416</votes><share>1.00</share></result><result><partyCode>OCV </partyCode><votes>415</votes><share>1.00</share></result></results></constituencyResult></constituencyResults>
<constituencyResults><constituencyResult seqNo="90"><consituencyId>269</consituencyId><constituencyName>Glenrothes</constituencyName><results><result><partyCode>LAB </partyCode><votes>19395</votes><share>51.90</share></result><result><partyCode>SNP </partyCode><votes>8731</votes><share>23.40</share></result><result><partyCode>LD  </partyCode><votes>4728</votes><share>12.70</share></result><result><partyCode>CON </partyCode><votes>2651</votes><share>7.10</share></result><result><partyCode>PPS </partyCode><votes>716</votes><share>1.90</share></result><result><partyCode>OTH</partyCode><votes>716</votes><share>1.90</share></result><result><partyCode>SSP </partyCode><votes>705</votes><share>1.90</share></result><result><partyCode>UKIP</partyCode><votes>440</votes><share>1.20</share></result></results></constituencyResult></constituencyResults>
<constituencyResults><constituencyResult seqNo="91"><consituencyId>336</consituencyId><constituencyName>Islwyn</constituencyName><results><result><partyCode>LAB </partyCode><votes>21795</votes><share>64.30</share></result><result><partyCode>PC  </partyCode><votes>4213</votes><share>12.40</share></result><result><partyCode>LD  </partyCode><votes>4128</votes><share>12.20</share></result><result><partyCode>CON </partyCode><votes>3735</votes><share>11.00</share></result><result><partyCode>OTH</partyCode><votes>0</votes><share>0.00</share></result><result><partyCode>IND</partyCode></result></results></constituencyResult></constituencyResults>
<constituencyResults><constituencyResult seqNo="92"><consituencyId>285</consituencyId><constituencyName>Halton</constituencyName><results><result><partyCode>LAB </partyCode><votes>23436</votes><share>63.10</share></result><result><partyCode>CON </partyCode><votes>7376</votes><share>19.90</share></result><result><partyCode>LD  </partyCode><votes>6317</votes><share>17.00</share></result><result><partyCode>OTH</partyCode><votes>0</votes><share>0.00</share></result></results></constituencyResult></constituencyResults>
<constituencyResults><constituencyResult seqNo="93"><consituencyId>250</consituencyId><constituencyName>Fife North East</constituencyName><results><result><partyCode>LD  </partyCode><votes>20088</votes><share>52.10</share></result><result><partyCode>CON </partyCode><votes>7517</votes><share>19.50</share></result><result><partyCode>LAB </partyCode><votes>4920</votes><share>12.80</share></result><result><partyCode>SNP </partyCode><votes>4011</votes><share>10.40</share></result><result><partyCode>SGP </partyCode><votes>1071</votes><share>2.80</share></result><result><partyCode>UKIP</partyCode><votes>533</votes><share>1.40</share></result><result><partyCode>SSP </partyCode><votes>416</votes><share>1.10</share></result><result><partyCode>OTH</partyCode><votes>0</votes><share>0.00</share></result></results></constituencyResult></constituencyResults>
<constituencyResults><constituencyResult seqNo="94"><consituencyId>526</consituencyId><constituencyName>Southport</constituencyName><results><result><partyCode>LD  </partyCode><votes>19093</votes><share>46.30</share></result><result><partyCode>CON </partyCode><votes>15255</votes><share>37.00</share></result><result><partyCode>LAB </partyCode><votes>5277</votes><share>12.80</share></result><result><partyCode>OTH</partyCode><votes>827</votes><share>2.00</share></result><result><partyCode>UKIP</partyCode><votes>749</votes><share>1.80</share></result></results></constituencyResult></constituencyResults>
<constituencyResults><constituencyResult seqNo="95"><consituencyId>213</consituencyId><constituencyName>Dunfermline &amp; West Fife</constituencyName><results><result><partyCode>LAB </partyCode><votes>20111</votes><share>47.40</share></result><result><partyCode>LD  </partyCode><votes>8549</votes><share>20.20</share></result><result><partyCode>SNP </partyCode><votes>8026</votes><share>18.90</share></result><result><partyCode>CON </partyCode><votes>4376</votes><share>10.30</share></result><result><partyCode>SSP </partyCode><votes>689</votes><share>1.60</share></result><result><partyCode>UKIP</partyCode><votes>643</votes><share>1.50</share></result><result><partyCode>OTH</partyCode><votes>0</votes><share>0.00</share></result><result><partyCode>CG  </partyCode></result><result><partyCode>NAAT</partyCode></result><result><partyCode>SCP </partyCode></result></results></constituencyResult></constituencyResults>
<constituencyResults><constituencyResult seqNo="96"><consituencyId>466</consituencyId><constituencyName>Redcar</constituencyName><results><result><partyCode>LAB </partyCode><votes>19968</votes><share>51.40</share></result><result><partyCode>LD  </partyCode><votes>7852</votes><share>20.20</share></result><result><partyCode>CON </partyCode><votes>6954</votes><share>17.90</share></result><result><partyCode>OTH</partyCode><votes>3523</votes><share>9.10</share></result><result><partyCode>UKIP</partyCode><votes>564</votes><share>1.50</share></result></results></constituencyResult></constituencyResults>
<constituencyResults><constituencyResult seqNo="97"><consituencyId>522</consituencyId><constituencyName>South Shields</constituencyName><results><result><partyCode>LAB </partyCode><votes>19529</votes><share>60.80</share></result><result><partyCode>LD  </partyCode><votes>6161</votes><share>19.20</share></result><result><partyCode>CON </partyCode><votes>5667</votes><share>17.60</share></result><result><partyCode>OTH</partyCode><votes>773</votes><share>2.40</share></result></results></constituencyResult></constituencyResults>
<constituencyResults><constituencyResult seqNo="98"><consituencyId>79</consituencyId><constituencyName>Bootle</constituencyName><results><result><partyCode>LAB </partyCode><votes>26243</votes><share>71.00</share></result><result><partyCode>LD  </partyCode><votes>6118</votes><share>16.60</share></result><result><partyCode>CON </partyCode><votes>2719</votes><share>7.40</share></result><result><partyCode>UKIP</partyCode><votes>1202</votes><share>3.30</share></result><result><partyCode>OTH</partyCode><votes>655</votes><share>1.80</share></result></results></constituencyResult></constituencyResults>
<constituencyResults><constituencyResult seqNo="99"><consituencyId>406</consituencyId><constituencyName>Motherwell &amp; Wishaw</constituencyName><results><result><partyCode>LAB </partyCode><votes>21327</votes><share>57.50</share></result><result><partyCode>SNP </partyCode><votes>6105</votes><share>16.50</share></result><result><partyCode>LD  </partyCode><votes>4464</votes><share>12.00</share></result><result><partyCode>CON </partyCode><votes>3440</votes><share>9.30</share></result><result><partyCode>SSP </partyCode><votes>1019</votes><share>2.70</share></result><result><partyCode>OTH</partyCode><votes>754</votes><share>2.00</share></result><result><partyCode>FSP </partyCode><votes>384</votes><share>1.00</share></result><result><partyCode>OCV </partyCode><votes>370</votes><share>1.00</share></result></results></constituencyResult></constituencyResults>
<constituencyResults><constituencyResult seqNo="100"><consituencyId>21</consituencyId><constituencyName>Ashton Under Lyne</constituencyName><results><result><partyCode>LAB </partyCode><votes>20136</votes><share>58.50</share></result><result><partyCode>CON </partyCode><votes>6937</votes><share>20.10</share></result><result><partyCode>LD  </partyCode><votes>4017</votes><share>11.70</share></result><result><partyCode>OTH</partyCode><votes>2621</votes><share>7.60</share></result><result><partyCode>UKIP</partyCode><votes>721</votes><share>2.10</share></result></results></constituencyResult></constituencyResults>
<constituencyResults><constituencyResult seqNo="101"><consituencyId>588</consituencyId><constituencyName>Vale Of Clwyd</constituencyName><results><result><partyCode>LAB </partyCode><votes>14977</votes><share>45.90</share></result><result><partyCode>CON </partyCode><votes>10348</votes><share>31.70</share></result><result><partyCode>LD  </partyCode><votes>3865</votes><share>11.80</share></result><result><partyCode>PC  </partyCode><votes>2346</votes><share>7.20</share></result><result><partyCode>OTH</partyCode><votes>728</votes><share>2.20</share></result><result><partyCode>UKIP</partyCode><votes>380</votes><share>1.20</share></result></results></constituencyResult></constituencyResults>
<constituencyResults><constituencyResult seqNo="102"><consituencyId>323</consituencyId><constituencyName>Hull East</constituencyName><results><result><partyCode>LAB </partyCode><votes>18361</votes><share>56.10</share></result><result><partyCode>LD  </partyCode><votes>6621</votes><share>20.20</share></result><result><partyCode>CON </partyCode><votes>4258</votes><share>13.00</share></result><result><partyCode>OTH</partyCode><votes>3513</votes><share>10.70</share></result></results></constituencyResult></constituencyResults>
<constituencyResults><constituencyResult seqNo="103"><consituencyId>481</consituencyId><constituencyName>Rother Valley</constituencyName><results><result><partyCode>LAB </partyCode><votes>20929</votes><share>51.60</share></result><result><partyCode>CON </partyCode><votes>9371</votes><share>23.10</share></result><result><partyCode>LD  </partyCode><votes>6549</votes><share>16.10</share></result><result><partyCode>OTH</partyCode><votes>2020</votes><share>5.00</share></result><result><partyCode>UKIP</partyCode><votes>1728</votes><share>4.30</share></result></results></constituencyResult></constituencyResults>
<constituencyResults><constituencyResult seqNo="104"><consituencyId>394</consituencyId><constituencyName>Middlesbrough</constituencyName><results><result><partyCode>LAB </partyCode><votes>18486</votes><share>57.60</share></result><result><partyCode>LD  </partyCode><votes>6010</votes><share>18.70</share></result><result><partyCode>CON </partyCode><votes>5283</votes><share>16.50</share></result><result><partyCode>OTH</partyCode><votes>1552</votes><share>4.80</share></result><result><partyCode>UKIP</partyCode><votes>768</votes><share>2.40</share></result></results></constituencyResult></constituencyResults>
<constituencyResults><constituencyResult seqNo="105"><consituencyId>245</consituencyId><constituencyName>Falkirk</constituencyName><results><result><partyCode>LAB </partyCode><votes>23264</votes><share>50.90</share></result><result><partyCode>SNP </partyCode><votes>9789</votes><share>21.40</share></result><result><partyCode>LD  </partyCode><votes>7321</votes><share>16.00</share></result><result><partyCode>CON </partyCode><votes>4538</votes><share>9.90</share></result><result><partyCode>SSP </partyCode><votes>838</votes><share>1.80</share></result><result><partyCode>OTH</partyCode><votes>0</votes><share>0.00</share></result></results></constituencyResult></constituencyResults>
<constituencyResults><constituencyResult seqNo="106"><consituencyId>12</consituencyId><constituencyName>Angus</constituencyName><results><result><partyCode>SNP </partyCode><votes>12840</votes><share>33.70</share></result><result><partyCode>CON </partyCode><votes>11239</votes><share>29.50</share></result><result><partyCode>LAB </partyCode><votes>6850</votes><share>18.00</share></result><result><partyCode>LD  </partyCode><votes>6660</votes><share>17.50</share></result><result><partyCode>SSP </partyCode><votes>556</votes><share>1.50</share></result><result><partyCode>OTH</partyCode><votes>0</votes><share>0.00</share></result></results></constituencyResult></constituencyResults>
<constituencyResults><constituencyResult seqNo="107"><consituencyId>396</consituencyId><constituencyName>Midlothian</constituencyName><results><result><partyCode>LAB </partyCode><votes>17153</votes><share>45.50</share></result><result><partyCode>LD  </partyCode><votes>9888</votes><share>26.20</share></result><result><partyCode>SNP </partyCode><votes>6400</votes><share>17.00</share></result><result><partyCode>CON </partyCode><votes>3537</votes><share>9.40</share></result><result><partyCode>SSP </partyCode><votes>726</votes><share>1.90</share></result><result><partyCode>OTH</partyCode><votes>0</votes><share>0.00</share></result></results></constituencyResult></constituencyResults>
<constituencyResults><constituencyResult seqNo="108"><consituencyId>631</consituencyId><constituencyName>Wolverhampton South East</constituencyName><results><result><partyCode>LAB </partyCode><votes>20025</votes><share>59.50</share></result><result><partyCode>CON </partyCode><votes>7716</votes><share>22.90</share></result><result><partyCode>LD  </partyCode><votes>4148</votes><share>12.30</share></result><result><partyCode>UKIP</partyCode><votes>1761</votes><share>5.20</share></result><result><partyCode>OTH</partyCode><votes>0</votes><share>0.00</share></result></results></constituencyResult></constituencyResults>
<constituencyResults><constituencyResult seqNo="109"><consituencyId>469</consituencyId><constituencyName>Renfrewshire East</constituencyName><results><result><partyCode>LAB </partyCode><votes>20815</votes><share>43.90</share></result><result><partyCode>CON </partyCode><votes>14158</votes><share>29.90</share></result><result><partyCode>LD  </partyCode><votes>8659</votes><share>18.30</share></result><result><partyCode>SNP </partyCode><votes>3245</votes><share>6.80</share></result><result><partyCode>SSP </partyCode><votes>528</votes><share>1.10</share></result><result><partyCode>OTH</partyCode><votes>0</votes><share>0.00</share></result></results></constituencyResult></constituencyResults>
<constituencyResults><constituencyResult seqNo="110"><consituencyId>25</consituencyId><constituencyName>Ayrshire North &amp; Arran</constituencyName><results><result><partyCode>LAB </partyCode><votes>19417</votes><share>43.90</share></result><result><partyCode>CON </partyCode><votes>8121</votes><share>18.40</share></result><result><partyCode>SNP </partyCode><votes>7938</votes><share>18.00</share></result><result><partyCode>LD  </partyCode><votes>7264</votes><share>16.40</share></result><result><partyCode>SSP </partyCode><votes>780</votes><share>1.80</share></result><result><partyCode>UKIP</partyCode><votes>382</votes><share>0.90</share></result><result><partyCode>SLP </partyCode><votes>303</votes><share>0.70</share></result><result><partyCode>OTH</partyCode><votes>303</votes><share>0.70</share></result></results></constituencyResult></constituencyResults>
<constituencyResults><constituencyResult seqNo="111"><consituencyId>534</consituencyId><constituencyName>Stockport</constituencyName><results><result><partyCode>LAB </partyCode><votes>18119</votes><share>52.30</share></result><result><partyCode>CON </partyCode><votes>8137</votes><share>23.50</share></result><result><partyCode>LD  </partyCode><votes>7419</votes><share>21.40</share></result><result><partyCode>UKIP</partyCode><votes>955</votes><share>2.80</share></result><result><partyCode>OTH</partyCode><votes>0</votes><share>0.00</share></result></results></constituencyResult></constituencyResults>
<constituencyResults><constituencyResult seqNo="112"><consituencyId>345</consituencyId><constituencyName>Kirkcaldy &amp; Cowdenbeath</constituencyName><results><result><partyCode>LAB </partyCode><votes>24278</votes><share>58.10</share></result><result><partyCode>SNP </partyCode><votes>6062</votes><share>14.50</share></result><result><partyCode>LD  </partyCode><votes>5450</votes><share>13.00</share></result><result><partyCode>CON </partyCode><votes>4308</votes><share>10.30</share></result><result><partyCode>SSP </partyCode><votes>666</votes><share>1.60</share></result><result><partyCode>OTH</partyCode><votes>516</votes><share>1.20</share></result><result><partyCode>UKIP</partyCode><votes>516</votes><share>1.20</share></result><result><partyCode>SSCP</partyCode><votes>425</votes><share>1.00</share></result><result><partyCode>IND</partyCode><votes>47</votes><share>0.10</share></result><result><partyCode>IND</partyCode><votes>44</votes><share>0.10</share></result></results></constituencyResult></constituencyResults>
<constituencyResults><constituencyResult seqNo="113"><consituencyId>385</consituencyId><constituencyName>Makerfield</constituencyName><results><result><partyCode>LAB </partyCode><votes>22913</votes><share>62.10</share></result><result><partyCode>CON </partyCode><votes>5010</votes><share>13.60</share></result><result><partyCode>LD  </partyCode><votes>4215</votes><share>11.40</share></result><result><partyCode>OTH</partyCode><votes>3990</votes><share>10.80</share></result><result><partyCode>UKIP</partyCode><votes>790</votes><share>2.10</share></result></results></constituencyResult></constituencyResults>
<constituencyResults><constituencyResult seqNo="114"><consituencyId>351</consituencyId><constituencyName>Leeds Central</constituencyName><results><result><partyCode>LAB </partyCode><votes>20236</votes><share>59.50</share></result><result><partyCode>LD  </partyCode><votes>7320</votes><share>21.50</share></result><result><partyCode>CON </partyCode><votes>4320</votes><share>12.70</share></result><result><partyCode>OTH</partyCode><votes>1641</votes><share>4.80</share></result><result><partyCode>UKIP</partyCode><votes>491</votes><share>1.40</share></result></results></constituencyResult></constituencyResults>
<constituencyResults><constituencyResult seqNo="115"><consituencyId>433</consituencyId><constituencyName>Nottingham North</constituencyName><results><result><partyCode>LAB </partyCode><votes>18545</votes><share>59.10</share></result><result><partyCode>CON </partyCode><votes>5675</votes><share>18.10</share></result><result><partyCode>LD  </partyCode><votes>5452</votes><share>17.40</share></result><result><partyCode>UKIP</partyCode><votes>1684</votes><share>5.40</share></result><result><partyCode>OTH</partyCode><votes>0</votes><share>0.00</share></result></results></constituencyResult></constituencyResults>
<constituencyResults><constituencyResult seqNo="116"><consituencyId>204</consituencyId><constituencyName>Dudley North</constituencyName><results><result><partyCode>LAB </partyCode><votes>15682</votes><share>42.60</share></result><result><partyCode>CON </partyCode><votes>11576</votes><share>31.40</share></result><result><partyCode>OTH</partyCode><votes>4022</votes><share>10.90</share></result><result><partyCode>LD  </partyCode><votes>3868</votes><share>10.50</share></result><result><partyCode>UKIP</partyCode><votes>1697</votes><share>4.60</share></result></results></constituencyResult></constituencyResults>
<constituencyResults><constituencyResult seqNo="117"><consituencyId>557</consituencyId><constituencyName>Sutton Coldfield</constituencyName><results><result><partyCode>CON </partyCode><votes>24235</votes><share>52.60</share></result><result><partyCode>LAB </partyCode><votes>11917</votes><share>25.90</share></result><result><partyCode>LD  </partyCode><votes>7679</votes><share>16.70</share></result><result><partyCode>UKIP</partyCode><votes>2262</votes><share>4.90</share></result><result><partyCode>OTH</partyCode><votes>0</votes><share>0.00</share></result></results></constituencyResult></constituencyResults>
<constituencyResults><constituencyResult seqNo="118"><consituencyId>223</consituencyId><constituencyName>East Kilbride, Strathaven &amp; Lesmahagow</constituencyName><results><result><partyCode>LAB </partyCode><votes>23264</votes><share>48.70</share></result><result><partyCode>SNP </partyCode><votes>8541</votes><share>17.90</share></result><result><partyCode>LD  </partyCode><votes>7904</votes><share>16.60</share></result><result><partyCode>CON </partyCode><votes>4776</votes><share>10.00</share></result><result><partyCode>OTH</partyCode><votes>1673</votes><share>3.50</share></result><result><partyCode>SGP </partyCode><votes>1575</votes><share>3.30</share></result><result><partyCode>IND</partyCode><votes>1513</votes><share>3.20</share></result><result><partyCode>IND</partyCode><votes>160</votes><share>0.30</share></result></results></constituencyResult></constituencyResults>
<constituencyResults><constituencyResult seqNo="119"><consituencyId>106</consituencyId><constituencyName>Broxbourne</constituencyName><results><result><partyCode>CON </partyCode><votes>21878</votes><share>53.80</share></result><result><partyCode>LAB </partyCode><votes>10369</votes><share>25.50</share></result><result><partyCode>LD  </partyCode><votes>4973</votes><share>12.20</share></result><result><partyCode>OTH</partyCode><votes>1929</votes><share>4.70</share></result><result><partyCode>UKIP</partyCode><votes>1479</votes><share>3.60</share></result></results></constituencyResult></constituencyResults>
<constituencyResults><constituencyResult seqNo="120"><consituencyId>575</consituencyId><constituencyName>Torbay</constituencyName><results><result><partyCode>LD  </partyCode><votes>18943</votes><share>41.80</share></result><result><partyCode>CON </partyCode><votes>16216</votes><share>35.80</share></result><result><partyCode>LAB </partyCode><votes>6555</votes><share>14.50</share></result><result><partyCode>UKIP</partyCode><votes>3634</votes><share>8.00</share></result><result><partyCode>OTH</partyCode><votes>0</votes><share>0.00</share></result></results></constituencyResult></constituencyResults>
<constituencyResults><constituencyResult seqNo="121"><consituencyId>574</consituencyId><constituencyName>Tooting</constituencyName><results><result><partyCode>LAB </partyCode><votes>18129</votes><share>42.70</share></result><result><partyCode>CON </partyCode><votes>12960</votes><share>30.50</share></result><result><partyCode>LD  </partyCode><votes>8314</votes><share>19.60</share></result><result><partyCode>GRN </partyCode><votes>1731</votes><share>4.10</share></result><result><partyCode>OTH</partyCode><votes>892</votes><share>2.10</share></result><result><partyCode>UKIP</partyCode><votes>431</votes><share>1.00</share></result></results></constituencyResult></constituencyResults>
<constituencyResults><constituencyResult seqNo="122"><consituencyId>176</consituencyId><constituencyName>Darlington</constituencyName><results><result><partyCode>LAB </partyCode><votes>20811</votes><share>52.30</share></result><result><partyCode>CON </partyCode><votes>10394</votes><share>26.10</share></result><result><partyCode>LD  </partyCode><votes>7346</votes><share>18.50</share></result><result><partyCode>UKIP</partyCode><votes>737</votes><share>1.90</share></result><result><partyCode>OTH</partyCode><votes>509</votes><share>1.30</share></result></results></constituencyResult></constituencyResults>
<constituencyResults><constituencyResult seqNo="123"><consituencyId>205</consituencyId><constituencyName>Dudley South</constituencyName><results><result><partyCode>LAB </partyCode><votes>15896</votes><share>44.00</share></result><result><partyCode>CON </partyCode><votes>12674</votes><share>35.00</share></result><result><partyCode>LD  </partyCode><votes>4587</votes><share>12.70</share></result><result><partyCode>OTH</partyCode><votes>1841</votes><share>5.10</share></result><result><partyCode>UKIP</partyCode><votes>1165</votes><share>3.20</share></result></results></constituencyResult></constituencyResults>
<constituencyResults><constituencyResult seqNo="124"><consituencyId>388</consituencyId><constituencyName>Manchester Gorton</constituencyName><results><result><partyCode>LAB </partyCode><votes>17224</votes><share>53.10</share></result><result><partyCode>LD  </partyCode><votes>10869</votes><share>33.50</share></result><result><partyCode>CON </partyCode><votes>3194</votes><share>9.90</share></result><result><partyCode>UKIP</partyCode><votes>785</votes><share>2.40</share></result><result><partyCode>OTH</partyCode><votes>340</votes><share>1.00</share></result></results></constituencyResult></constituencyResults>
<constituencyResults><constituencyResult seqNo="125"><consituencyId>630</consituencyId><constituencyName>Wolverhampton North East</constituencyName><results><result><partyCode>LAB </partyCode><votes>18787</votes><share>54.70</share></result><result><partyCode>CON </partyCode><votes>10159</votes><share>29.60</share></result><result><partyCode>LD  </partyCode><votes>3996</votes><share>11.60</share></result><result><partyCode>UKIP</partyCode><votes>1402</votes><share>4.10</share></result><result><partyCode>OTH</partyCode><votes>0</votes><share>0.00</share></result></results></constituencyResult></constituencyResults>
<constituencyResults><constituencyResult seqNo="126"><consituencyId>313</consituencyId><constituencyName>Heywood &amp; Middleton</constituencyName><results><result><partyCode>LAB </partyCode><votes>20059</votes><share>48.30</share></result><result><partyCode>CON </partyCode><votes>9025</votes><share>21.70</share></result><result><partyCode>LD  </partyCode><votes>8403</votes><share>20.20</share></result><result><partyCode>OTH</partyCode><votes>3232</votes><share>7.80</share></result><result><partyCode>UKIP</partyCode><votes>800</votes><share>1.90</share></result></results></constituencyResult></constituencyResults>
<constituencyResults><constituencyResult seqNo="127"><consituencyId>1</consituencyId><constituencyName>Aberavon</constituencyName><results><result><partyCode>LAB </partyCode><votes>18077</votes><share>60.00</share></result><result><partyCode>LD  </partyCode><votes>4140</votes><share>13.80</share></result><result><partyCode>PC  </partyCode><votes>3545</votes><share>11.80</share></result><result><partyCode>CON </partyCode><votes>3064</votes><share>10.20</share></result><result><partyCode>OTH</partyCode><votes>768</votes><share>2.60</share></result><result><partyCode>GRN </partyCode><votes>510</votes><share>1.70</share></result><result><partyCode>NMBP</partyCode></result><result><partyCode>NPTR</partyCode></result></results></constituencyResult></constituencyResults>
<constituencyResults><constituencyResult seqNo="128"><consituencyId>618</consituencyId><constituencyName>Wigan</constituencyName><results><result><partyCode>LAB </partyCode><votes>23017</votes><share>58.10</share></result><result><partyCode>CON </partyCode><votes>7516</votes><share>19.00</share></result><result><partyCode>LD  </partyCode><votes>6699</votes><share>16.90</share></result><result><partyCode>UKIP</partyCode><votes>1338</votes><share>3.40</share></result><result><partyCode>OTH</partyCode><votes>1026</votes><share>2.60</share></result></results></constituencyResult></constituencyResults>
<constituencyResults><constituencyResult seqNo="129"><consituencyId>221</consituencyId><constituencyName>Easington</constituencyName><results><result><partyCode>LAB </partyCode><votes>23043</votes><share>71.30</share></result><result><partyCode>LD  </partyCode><votes>4169</votes><share>12.90</share></result><result><partyCode>CON </partyCode><votes>3472</votes><share>10.70</share></result><result><partyCode>OTH</partyCode><votes>1638</votes><share>5.10</share></result></results></constituencyResult></constituencyResults>
<constituencyResults><constituencyResult seqNo="130"><consituencyId>216</consituencyId><constituencyName>Durham North West</constituencyName><results><result><partyCode>LAB </partyCode><votes>21312</votes><share>53.90</share></result><result><partyCode>LD  </partyCode><votes>7869</votes><share>19.90</share></result><result><partyCode>CON </partyCode><votes>6463</votes><share>16.40</share></result><result><partyCode>OTH</partyCode><votes>3865</votes><share>9.80</share></result></results></constituencyResult></constituencyResults>
<constituencyResults><constituencyResult seqNo="131"><consituencyId>30</consituencyId><constituencyName>Barnsley East</constituencyName><results><result><partyCode>LAB </partyCode><votes>22808</votes><share>71.00</share></result><result><partyCode>LD  </partyCode><votes>4510</votes><share>14.00</share></result><result><partyCode>CON </partyCode><votes>4078</votes><share>12.70</share></result><result><partyCode>OTH</partyCode><votes>740</votes><share>2.30</share></result></results></constituencyResult></constituencyResults>
<constituencyResults><constituencyResult seqNo="132"><consituencyId>67</consituencyId><constituencyName>Blackburn</constituencyName><results><result><partyCode>LAB </partyCode><votes>17439</votes><share>42.10</share></result><result><partyCode>CON </partyCode><votes>9391</votes><share>22.70</share></result><result><partyCode>LD  </partyCode><votes>8518</votes><share>20.60</share></result><result><partyCode>OTH</partyCode><votes>4321</votes><share>10.40</share></result><result><partyCode>UKIP</partyCode><votes>944</votes><share>2.30</share></result><result><partyCode>GRN </partyCode><votes>775</votes><share>1.90</share></result></results></constituencyResult></constituencyResults>
<constituencyResults><constituencyResult seqNo="133"><consituencyId>210</consituencyId><constituencyName>Dunbartonshire West</constituencyName><results><result><partyCode>LAB </partyCode><votes>21600</votes><share>51.90</share></result><result><partyCode>SNP </partyCode><votes>9047</votes><share>21.80</share></result><result><partyCode>LD  </partyCode><votes>5999</votes><share>14.40</share></result><result><partyCode>CON </partyCode><votes>2679</votes><share>6.40</share></result><result><partyCode>SSP </partyCode><votes>1708</votes><share>4.10</share></result><result><partyCode>UKIP</partyCode><votes>354</votes><share>0.90</share></result><result><partyCode>OCV </partyCode><votes>202</votes><share>0.50</share></result><result><partyCode>OTH</partyCode><votes>202</votes><share>0.50</share></result></results></constituencyResult></constituencyResults>
<constituencyResults><constituencyResult seqNo="134"><consituencyId>374</consituencyId><constituencyName>Livingston</constituencyName><results><result><partyCode>LAB </partyCode><votes>22657</votes><share>51.10</share></result><result><partyCode>SNP </partyCode><votes>9560</votes><share>21.60</share></result><result><partyCode>LD  </partyCode><votes>6832</votes><share>15.40</share></result><result><partyCode>CON </partyCode><votes>4499</votes><share>10.10</share></result><result><partyCode>SSP </partyCode><votes>789</votes><share>1.80</share></result><result><partyCode>OTH</partyCode><votes>0</votes><share>0.00</share></result><result><partyCode>SOC </partyCode></result><result><partyCode>UKIP</partyCode></result><result><partyCode>GRN </partyCode></result><result><partyCode>IND</partyCode></result><result><partyCode>AFC </partyCode></result></results></constituencyResult></constituencyResults>
<constituencyResults><constituencyResult seqNo="135"><consituencyId>645</consituencyId><constituencyName>Wythenshawe &amp; Sale East</constituencyName><results><result><partyCode>LAB </partyCode><votes>18878</votes><share>52.20</share></result><result><partyCode>CON </partyCode><votes>8051</votes><share>22.30</share></result><result><partyCode>LD  </partyCode><votes>7766</votes><share>21.50</share></result><result><partyCode>UKIP</partyCode><votes>1120</votes><share>3.10</share></result><result><partyCode>OTH</partyCode><votes>369</votes><share>1.00</share></result></results></constituencyResult></constituencyResults>
<constituencyResults><constituencyResult seqNo="136"><consituencyId>445</consituencyId><constituencyName>Paisley &amp; Renfrewshire North</constituencyName><results><result><partyCode>LAB </partyCode><votes>18697</votes><share>45.70</share></result><result><partyCode>SNP </partyCode><votes>7696</votes><share>18.80</share></result><result><partyCode>LD  </partyCode><votes>7464</votes><share>18.30</share></result><result><partyCode>CON </partyCode><votes>5566</votes><share>13.60</share></result><result><partyCode>SSP </partyCode><votes>646</votes><share>1.60</share></result><result><partyCode>SLP </partyCode><votes>444</votes><share>1.10</share></result><result><partyCode>OTH</partyCode><votes>444</votes><share>1.10</share></result><result><partyCode>UKIP</partyCode><votes>372</votes><share>0.90</share></result></results></constituencyResult></constituencyResults>
<constituencyResults><constituencyResult seqNo="137"><consituencyId>72</consituencyId><constituencyName>Blaydon</constituencyName><results><result><partyCode>LAB </partyCode><votes>21591</votes><share>51.60</share></result><result><partyCode>LD  </partyCode><votes>15843</votes><share>37.90</share></result><result><partyCode>CON </partyCode><votes>3356</votes><share>8.00</share></result><result><partyCode>UKIP</partyCode><votes>1028</votes><share>2.50</share></result><result><partyCode>OTH</partyCode><votes>0</votes><share>0.00</share></result></results></constituencyResult></constituencyResults>
<constituencyResults><constituencyResult seqNo="138"><consituencyId>523</consituencyId><constituencyName>Southampton Itchen</constituencyName><results><result><partyCode>LAB </partyCode><votes>19493</votes><share>48.30</share></result><result><partyCode>CON </partyCode><votes>11014</votes><share>27.30</share></result><result><partyCode>LD  </partyCode><votes>8373</votes><share>20.70</share></result><result><partyCode>UKIP</partyCode><votes>1495</votes><share>3.70</share></result><result><partyCode>OTH</partyCode><votes>0</votes><share>0.00</share></result></results></constituencyResult></constituencyResults>
<constituencyResults><constituencyResult seqNo="139"><consituencyId>355</consituencyId><constituencyName>Leeds West</constituencyName><results><result><partyCode>LAB </partyCode><votes>19831</votes><share>56.20</share></result><result><partyCode>LD  </partyCode><votes>6132</votes><share>17.40</share></result><result><partyCode>CON </partyCode><votes>4967</votes><share>14.10</share></result><result><partyCode>GRN </partyCode><votes>2544</votes><share>7.20</share></result><result><partyCode>OTH</partyCode><votes>1166</votes><share>3.30</share></result><result><partyCode>UKIP</partyCode><votes>643</votes><share>1.80</share></result></results></constituencyResult></constituencyResults>
<constituencyResults><constituencyResult seqNo="140"><consituencyId>524</consituencyId><constituencyName>Southampton Test</constituencyName><results><result><partyCode>LAB </partyCode><votes>18022</votes><share>44.20</share></result><result><partyCode>CON </partyCode><votes>10205</votes><share>25.00</share></result><result><partyCode>LD  </partyCode><votes>9826</votes><share>24.10</share></result><result><partyCode>GRN </partyCode><votes>1482</votes><share>3.60</share></result><result><partyCode>UKIP</partyCode><votes>1232</votes><share>3.00</share></result><result><partyCode>OTH</partyCode><votes>0</votes><share>0.00</share></result></results></constituencyResult></constituencyResults>
<constituencyResults><constituencyResult seqNo="141"><consituencyId>361</consituencyId><constituencyName>Leigh</constituencyName><results><result><partyCode>LAB </partyCode><votes>22544</votes><share>57.80</share></result><result><partyCode>LD  </partyCode><votes>7446</votes><share>19.10</share></result><result><partyCode>CON </partyCode><votes>6393</votes><share>16.40</share></result><result><partyCode>OTH</partyCode><votes>2604</votes><share>6.70</share></result></results></constituencyResult></constituencyResults>
<constituencyResults><constituencyResult seqNo="142"><consituencyId>324</consituencyId><constituencyName>Hull North</constituencyName><results><result><partyCode>LAB </partyCode><votes>14679</votes><share>52.30</share></result><result><partyCode>LD  </partyCode><votes>7295</votes><share>26.00</share></result><result><partyCode>CON </partyCode><votes>3730</votes><share>13.30</share></result><result><partyCode>OTH</partyCode><votes>1527</votes><share>5.40</share></result><result><partyCode>GRN </partyCode><votes>858</votes><share>3.10</share></result></results></constituencyResult></constituencyResults>
<constituencyResults><constituencyResult seqNo="143"><consituencyId>407</consituencyId><constituencyName>Na H-Eileanan An Iar (Western Isles)</constituencyName><results><result><partyCode>SNP </partyCode><votes>6213</votes><share>44.90</share></result><result><partyCode>LAB </partyCode><votes>4772</votes><share>34.50</share></result><result><partyCode>LD  </partyCode><votes>1096</votes><share>7.90</share></result><result><partyCode>OTH</partyCode><votes>1048</votes><share>7.60</share></result><result><partyCode>OCV </partyCode><votes>1048</votes><share>7.60</share></result><result><partyCode>CON </partyCode><votes>610</votes><share>4.40</share></result><result><partyCode>SSP </partyCode><votes>97</votes><share>0.70</share></result></results></constituencyResult></constituencyResults>
<constituencyResults><constituencyResult seqNo="144"><consituencyId>599</consituencyId><constituencyName>Warrington North</constituencyName><results><result><partyCode>LAB </partyCode><votes>21101</votes><share>52.90</share></result><result><partyCode>CON </partyCode><votes>9719</votes><share>24.40</share></result><result><partyCode>LD  </partyCode><votes>7449</votes><share>18.70</share></result><result><partyCode>UKIP</partyCode><votes>1057</votes><share>2.60</share></result><result><partyCode>OTH</partyCode><votes>573</votes><share>1.40</share></result></results></constituencyResult></constituencyResults>
<constituencyResults><constituencyResult seqNo="145"><consituencyId>173</consituencyId><constituencyName>Cumbernauld, Kilsyth &amp; Kirkintilloch East</constituencyName><results><result><partyCode>LAB </partyCode><votes>20251</votes><share>51.80</share></result><result><partyCode>SNP </partyCode><votes>8689</votes><share>22.20</share></result><result><partyCode>LD  </partyCode><votes>5817</votes><share>14.90</share></result><result><partyCode>CON </partyCode><votes>2718</votes><share>7.00</share></result><result><partyCode>SSP </partyCode><votes>1141</votes><share>2.90</share></result><result><partyCode>OCV </partyCode><votes>472</votes><share>1.20</share></result><result><partyCode>OTH</partyCode><votes>472</votes><share>1.20</share></result></results></constituencyResult></constituencyResults>
<constituencyResults><constituencyResult seqNo="146"><consituencyId>451</consituencyId><constituencyName>Peterborough</constituencyName><results><result><partyCode>CON </partyCode><votes>19414</votes><share>43.30</share></result><result><partyCode>LAB </partyCode><votes>15409</votes><share>34.40</share></result><result><partyCode>LD  </partyCode><votes>7487</votes><share>16.70</share></result><result><partyCode>UKIP</partyCode><votes>1436</votes><share>3.20</share></result><result><partyCode>OTH</partyCode><votes>1098</votes><share>2.40</share></result></results></constituencyResult></constituencyResults>
<constituencyResults><constituencyResult seqNo="147"><consituencyId>458</consituencyId><constituencyName>Portsmouth South</constituencyName><results><result><partyCode>LD  </partyCode><votes>15370</votes><share>41.60</share></result><result><partyCode>CON </partyCode><votes>12415</votes><share>33.60</share></result><result><partyCode>LAB </partyCode><votes>8268</votes><share>22.40</share></result><result><partyCode>UKIP</partyCode><votes>869</votes><share>2.40</share></result><result><partyCode>OTH</partyCode><votes>0</votes><share>0.00</share></result></results></constituencyResult></constituencyResults>
<constituencyResults><constituencyResult seqNo="148"><consituencyId>446</consituencyId><constituencyName>Paisley &amp; Renfrewshire South</constituencyName><results><result><partyCode>LAB </partyCode><votes>19904</votes><share>52.60</share></result><result><partyCode>LD  </partyCode><votes>6672</votes><share>17.60</share></result><result><partyCode>SNP </partyCode><votes>6653</votes><share>17.60</share></result><result><partyCode>CON </partyCode><votes>3188</votes><share>8.40</share></result><result><partyCode>SSP </partyCode><votes>789</votes><share>2.10</share></result><result><partyCode>OTH</partyCode><votes>654</votes><share>1.70</share></result><result><partyCode>PIP </partyCode><votes>381</votes><share>1.00</share></result><result><partyCode>IND</partyCode><votes>166</votes><share>0.40</share></result><result><partyCode>SLP </partyCode><votes>107</votes><share>0.30</share></result></results></constituencyResult></constituencyResults>
<constituencyResults><constituencyResult seqNo="149"><consituencyId>316</consituencyId><constituencyName>Holborn &amp; St. Pancras</constituencyName><results><result><partyCode>LAB </partyCode><votes>19872</votes><share>45.10</share></result><result><partyCode>LD  </partyCode><votes>11524</votes><share>26.20</share></result><result><partyCode>CON </partyCode><votes>9203</votes><share>20.90</share></result><result><partyCode>GRN </partyCode><votes>3299</votes><share>7.50</share></result><result><partyCode>OTH</partyCode><votes>152</votes><share>0.30</share></result></results></constituencyResult></constituencyResults>
<constituencyResults><constituencyResult seqNo="150"><consituencyId>156</consituencyId><constituencyName>Coatbridge, Chryston &amp; Bellshill</constituencyName><results><result><partyCode>LAB </partyCode><votes>24725</votes><share>64.50</share></result><result><partyCode>SNP </partyCode><votes>5206</votes><share>13.60</share></result><result><partyCode>LD  </partyCode><votes>4605</votes><share>12.00</share></result><result><partyCode>CON </partyCode><votes>2775</votes><share>7.20</share></result><result><partyCode>SSP </partyCode><votes>1033</votes><share>2.70</share></result><result><partyCode>OTH</partyCode><votes>0</votes><share>0.00</share></result></results></constituencyResult></constituencyResults>
<constituencyResults><constituencyResult seqNo="151"><consituencyId>594</consituencyId><constituencyName>Walsall South</constituencyName><results><result><partyCode>LAB </partyCode><votes>18739</votes><share>49.20</share></result><result><partyCode>CON </partyCode><votes>10829</votes><share>28.40</share></result><result><partyCode>LD  </partyCode><votes>3738</votes><share>9.80</share></result><result><partyCode>OTH</partyCode><votes>2922</votes><share>7.70</share></result><result><partyCode>UKIP</partyCode><votes>1861</votes><share>4.90</share></result></results></constituencyResult></constituencyResults>
<constituencyResults><constituencyResult seqNo="152"><consituencyId>77</consituencyId><constituencyName>Bolton South East</constituencyName><results><result><partyCode>LAB </partyCode><votes>19366</votes><share>55.70</share></result><result><partyCode>CON </partyCode><votes>7883</votes><share>22.70</share></result><result><partyCode>LD  </partyCode><votes>6298</votes><share>18.10</share></result><result><partyCode>UKIP</partyCode><votes>875</votes><share>2.50</share></result><result><partyCode>OTH</partyCode><votes>343</votes><share>1.00</share></result></results></constituencyResult></constituencyResults>
<constituencyResults><constituencyResult seqNo="153"><consituencyId>352</consituencyId><constituencyName>Leeds East</constituencyName><results><result><partyCode>LAB </partyCode><votes>21423</votes><share>59.80</share></result><result><partyCode>CON </partyCode><votes>7734</votes><share>21.60</share></result><result><partyCode>LD  </partyCode><votes>6172</votes><share>17.20</share></result><result><partyCode>OTH</partyCode><votes>500</votes><share>1.40</share></result></results></constituencyResult></constituencyResults>
<constituencyResults><constituencyResult seqNo="154"><consituencyId>369</consituencyId><constituencyName>Linlithgow &amp; East Falkirk</constituencyName><results><result><partyCode>LAB </partyCode><votes>22121</votes><share>47.70</share></result><result><partyCode>SNP </partyCode><votes>10919</votes><share>23.50</share></result><result><partyCode>LD  </partyCode><votes>7100</votes><share>15.30</share></result><result><partyCode>CON </partyCode><votes>5486</votes><share>11.80</share></result><result><partyCode>SSP </partyCode><votes>763</votes><share>1.60</share></result><result><partyCode>OTH</partyCode><votes>0</votes><share>0.00</share></result></results></constituencyResult></constituencyResults>
<constituencyResults><constituencyResult seqNo="155"><consituencyId>337</consituencyId><constituencyName>Jarrow</constituencyName><results><result><partyCode>LAB </partyCode><votes>20637</votes><share>58.80</share></result><result><partyCode>LD  </partyCode><votes>7888</votes><share>22.50</share></result><result><partyCode>CON </partyCode><votes>4485</votes><share>12.80</share></result><result><partyCode>UKIP</partyCode><votes>1664</votes><share>4.70</share></result><result><partyCode>OTH</partyCode><votes>400</votes><share>1.10</share></result></results></constituencyResult></constituencyResults>
<constituencyResults><constituencyResult seqNo="156"><consituencyId>533</consituencyId><constituencyName>Stirling</constituencyName><results><result><partyCode>LAB </partyCode><votes>15729</votes><share>36.00</share></result><result><partyCode>CON </partyCode><votes>10962</votes><share>25.10</share></result><result><partyCode>LD  </partyCode><votes>9052</votes><share>20.70</share></result><result><partyCode>SNP </partyCode><votes>5503</votes><share>12.60</share></result><result><partyCode>SGP </partyCode><votes>1302</votes><share>3.00</share></result><result><partyCode>OTH</partyCode><votes>476</votes><share>1.10</share></result><result><partyCode>SSP </partyCode><votes>458</votes><share>1.00</share></result><result><partyCode>IND</partyCode><votes>261</votes><share>0.60</share></result><result><partyCode>OCV </partyCode><votes>215</votes><share>0.50</share></result><result><partyCode>UKIP</partyCode><votes>209</votes><share>0.50</share></result></results></constituencyResult></constituencyResults>
<constituencyResults><constituencyResult seqNo="157"><consituencyId>598</consituencyId><constituencyName>Warley</constituencyName><results><result><partyCode>LAB </partyCode><votes>19232</votes><share>54.90</share></result><result><partyCode>CON </partyCode><votes>8026</votes><share>22.90</share></result><result><partyCode>LD  </partyCode><votes>4635</votes><share>13.20</share></result><result><partyCode>OTH</partyCode><votes>2398</votes><share>6.80</share></result><result><partyCode>UKIP</partyCode><votes>735</votes><share>2.10</share></result></results></constituencyResult></constituencyResults>
<constituencyResults><constituencyResult seqNo="158"><consituencyId>641</consituencyId><constituencyName>Wrexham</constituencyName><results><result><partyCode>LAB </partyCode><votes>13993</votes><share>46.10</share></result><result><partyCode>LD  </partyCode><votes>7174</votes><share>23.60</share></result><result><partyCode>CON </partyCode><votes>6079</votes><share>20.00</share></result><result><partyCode>PC  </partyCode><votes>1744</votes><share>5.70</share></result><result><partyCode>OTH</partyCode><votes>1395</votes><share>4.60</share></result><result><partyCode>UKIP</partyCode></result><result><partyCode>IND</partyCode></result></results></constituencyResult></constituencyResults>
<constituencyResults><constituencyResult seqNo="159"><consituencyId>412</consituencyId><constituencyName>Newbury</constituencyName><results><result><partyCode>CON </partyCode><votes>26343</votes><share>49.00</share></result><result><partyCode>LD  </partyCode><votes>22891</votes><share>42.60</share></result><result><partyCode>LAB </partyCode><votes>3191</votes><share>5.90</share></result><result><partyCode>UKIP</partyCode><votes>844</votes><share>1.60</share></result><result><partyCode>OTH</partyCode><votes>495</votes><share>0.90</share></result></results></constituencyResult></constituencyResults>
<constituencyResults><constituencyResult seqNo="160"><consituencyId>138</consituencyId><constituencyName>Cheadle</constituencyName><results><result><partyCode>LD  </partyCode><votes>23671</votes><share>47.80</share></result><result><partyCode>CON </partyCode><votes>19999</votes><share>40.30</share></result><result><partyCode>LAB </partyCode><votes>4889</votes><share>9.90</share></result><result><partyCode>UKIP</partyCode><votes>584</votes><share>1.20</share></result><result><partyCode>OTH</partyCode><votes>421</votes><share>0.80</share></result><result><partyCode>AFC </partyCode></result><result><partyCode>VER </partyCode></result></results></constituencyResult></constituencyResults>
<constituencyResults><constituencyResult seqNo="161"><consituencyId>613</consituencyId><constituencyName>West Bromwich West</constituencyName><results><result><partyCode>LAB </partyCode><votes>17058</votes><share>53.70</share></result><result><partyCode>CON </partyCode><votes>7237</votes><share>22.80</share></result><result><partyCode>OTH</partyCode><votes>3456</votes><share>10.90</share></result><result><partyCode>LD  </partyCode><votes>3229</votes><share>10.20</share></result><result><partyCode>UKIP</partyCode><votes>802</votes><share>2.50</share></result></results></constituencyResult></constituencyResults>
<constituencyResults><constituencyResult seqNo="162"><consituencyId>624</consituencyId><constituencyName>Wirral South</constituencyName><results><result><partyCode>LAB </partyCode><votes>16157</votes><share>42.50</share></result><result><partyCode>CON </partyCode><votes>12619</votes><share>33.20</share></result><result><partyCode>LD  </partyCode><votes>8218</votes><share>21.60</share></result><result><partyCode>UKIP</partyCode><votes>593</votes><share>1.60</share></result><result><partyCode>OTH</partyCode><votes>460</votes><share>1.20</share></result></results></constituencyResult></constituencyResults>
<constituencyResults><constituencyResult seqNo="163"><consituencyId>612</consituencyId><constituencyName>West Bromwich East</constituencyName><results><result><partyCode>LAB </partyCode><votes>20183</votes><share>55.80</share></result><result><partyCode>CON </partyCode><votes>8236</votes><share>22.80</share></result><result><partyCode>LD  </partyCode><votes>4464</votes><share>12.30</share></result><result><partyCode>OTH</partyCode><votes>2689</votes><share>7.40</share></result><result><partyCode>UKIP</partyCode><votes>628</votes><share>1.70</share></result></results></constituencyResult></constituencyResults>
<constituencyResults><constituencyResult seqNo="164"><consituencyId>56</consituencyId><constituencyName>Birkenhead</constituencyName><results><result><partyCode>LAB </partyCode><votes>20534</votes><share>64.80</share></result><result><partyCode>LD  </partyCode><votes>5896</votes><share>18.60</share></result><result><partyCode>CON </partyCode><votes>5246</votes><share>16.60</share></result><result><partyCode>OTH</partyCode><votes>0</votes><share>0.00</share></result></results></constituencyResult></constituencyResults>
<constituencyResults><constituencyResult seqNo="165"><consituencyId>344</consituencyId><constituencyName>Kingswood</constituencyName><results><result><partyCode>LAB </partyCode><votes>20498</votes><share>45.90</share></result><result><partyCode>CON </partyCode><votes>14353</votes><share>32.10</share></result><result><partyCode>LD  </partyCode><votes>8054</votes><share>18.00</share></result><result><partyCode>UKIP</partyCode><votes>1073</votes><share>2.40</share></result><result><partyCode>OTH</partyCode><votes>669</votes><share>1.50</share></result></results></constituencyResult></constituencyResults>
<constituencyResults><constituencyResult seqNo="166"><consituencyId>629</consituencyId><constituencyName>Wokingham</constituencyName><results><result><partyCode>CON </partyCode><votes>22619</votes><share>48.10</share></result><result><partyCode>LD  </partyCode><votes>15362</votes><share>32.70</share></result><result><partyCode>LAB </partyCode><votes>7044</votes><share>15.00</share></result><result><partyCode>UKIP</partyCode><votes>1008</votes><share>2.10</share></result><result><partyCode>OTH</partyCode><votes>979</votes><share>2.10</share></result></results></constituencyResult></constituencyResults>
<constituencyResults><constituencyResult seqNo="167"><consituencyId>129</consituencyId><constituencyName>Cardiff West</constituencyName><results><result><partyCode>LAB </partyCode><votes>16859</votes><share>44.90</share></result><result><partyCode>CON </partyCode><votes>8498</votes><share>22.60</share></result><result><partyCode>LD  </partyCode><votes>6392</votes><share>17.00</share></result><result><partyCode>PC  </partyCode><votes>4855</votes><share>12.90</share></result><result><partyCode>UKIP</partyCode><votes>807</votes><share>2.10</share></result><result><partyCode>OTH</partyCode><votes>167</votes><share>0.40</share></result></results></constituencyResult></constituencyResults>
<constituencyResults><constituencyResult seqNo="168"><consituencyId>276</consituencyId><constituencyName>Great Grimsby</constituencyName><results><result><partyCode>LAB </partyCode><votes>15512</votes><share>47.10</share></result><result><partyCode>CON </partyCode><votes>7858</votes><share>23.80</share></result><result><partyCode>LD  </partyCode><votes>6356</votes><share>19.30</share></result><result><partyCode>OTH</partyCode><votes>1338</votes><share>4.10</share></result><result><partyCode>UKIP</partyCode><votes>1239</votes><share>3.80</share></result><result><partyCode>GRN </partyCode><votes>661</votes><share>2.00</share></result></results></constituencyResult></constituencyResults>
<constituencyResults><constituencyResult seqNo="169"><consituencyId>402</consituencyId><constituencyName>Montgomeryshire</constituencyName><results><result><partyCode>LD  </partyCode><votes>15548</votes><share>50.30</share></result><result><partyCode>CON </partyCode><votes>8500</votes><share>27.50</share></result><result><partyCode>LAB </partyCode><votes>3794</votes><share>12.30</share></result><result><partyCode>PC  </partyCode><votes>2156</votes><share>7.00</share></result><result><partyCode>UKIP</partyCode><votes>916</votes><share>3.00</share></result><result><partyCode>OTH</partyCode><votes>0</votes><share>0.00</share></result></results></constituencyResult></constituencyResults>
<constituencyResults><constituencyResult seqNo="170"><consituencyId>595</consituencyId><constituencyName>Walthamstow</constituencyName><results><result><partyCode>LAB </partyCode><votes>17323</votes><share>50.30</share></result><result><partyCode>LD  </partyCode><votes>9330</votes><share>27.10</share></result><result><partyCode>CON </partyCode><votes>6254</votes><share>18.20</share></result><result><partyCode>UKIP</partyCode><votes>810</votes><share>2.40</share></result><result><partyCode>OTH</partyCode><votes>727</votes><share>2.10</share></result></results></constituencyResult></constituencyResults>
<constituencyResults><constituencyResult seqNo="171"><consituencyId>545</consituencyId><constituencyName>Stretford &amp; Urmston</constituencyName><results><result><partyCode>LAB </partyCode><votes>20061</votes><share>51.40</share></result><result><partyCode>CON </partyCode><votes>11751</votes><share>30.10</share></result><result><partyCode>LD  </partyCode><votes>5429</votes><share>13.90</share></result><result><partyCode>OTH</partyCode><votes>950</votes><share>2.40</share></result><result><partyCode>UKIP</partyCode><votes>863</votes><share>2.20</share></result></results></constituencyResult></constituencyResults>
<constituencyResults><constituencyResult seqNo="172"><consituencyId>408</consituencyId><constituencyName>Neath</constituencyName><results><result><partyCode>LAB </partyCode><votes>18835</votes><share>52.60</share></result><result><partyCode>PC  </partyCode><votes>6125</votes><share>17.10</share></result><result><partyCode>LD  </partyCode><votes>5112</votes><share>14.30</share></result><result><partyCode>CON </partyCode><votes>4136</votes><share>11.50</share></result><result><partyCode>OTH</partyCode><votes>951</votes><share>2.70</share></result><result><partyCode>GRN </partyCode><votes>658</votes><share>1.80</share></result></results></constituencyResult></constituencyResults>
<constituencyResults><constituencyResult seqNo="173"><consituencyId>432</consituencyId><constituencyName>Nottingham East</constituencyName><results><result><partyCode>LAB </partyCode><votes>13651</votes><share>46.70</share></result><result><partyCode>CON </partyCode><votes>6568</votes><share>22.50</share></result><result><partyCode>LD  </partyCode><votes>6389</votes><share>21.90</share></result><result><partyCode>GRN </partyCode><votes>1517</votes><share>5.20</share></result><result><partyCode>UKIP</partyCode><votes>742</votes><share>2.50</share></result><result><partyCode>OTH</partyCode><votes>373</votes><share>1.30</share></result></results></constituencyResult></constituencyResults>
<constituencyResults><constituencyResult seqNo="174"><consituencyId>525</consituencyId><constituencyName>Southend West</constituencyName><results><result><partyCode>CON </partyCode><votes>18726</votes><share>46.20</share></result><result><partyCode>LD  </partyCode><votes>9718</votes><share>24.00</share></result><result><partyCode>LAB </partyCode><votes>9190</votes><share>22.70</share></result><result><partyCode>OTH</partyCode><votes>1552</votes><share>3.80</share></result><result><partyCode>UKIP</partyCode><votes>1383</votes><share>3.40</share></result></results></constituencyResult></constituencyResults>
<constituencyResults><constituencyResult seqNo="175"><consituencyId>57</consituencyId><constituencyName>Birmingham Edgbaston</constituencyName><results><result><partyCode>LAB </partyCode><votes>16732</votes><share>43.10</share></result><result><partyCode>CON </partyCode><votes>15177</votes><share>39.10</share></result><result><partyCode>LD  </partyCode><votes>4972</votes><share>12.80</share></result><result><partyCode>GRN </partyCode><votes>1103</votes><share>2.80</share></result><result><partyCode>UKIP</partyCode><votes>841</votes><share>2.20</share></result><result><partyCode>OTH</partyCode><votes>0</votes><share>0.00</share></result></results></constituencyResult></constituencyResults>
<constituencyResults><constituencyResult seqNo="176"><consituencyId>592</consituencyId><constituencyName>Wallasey</constituencyName><results><result><partyCode>LAB </partyCode><votes>20752</votes><share>54.50</share></result><result><partyCode>CON </partyCode><votes>11622</votes><share>30.50</share></result><result><partyCode>LD  </partyCode><votes>4843</votes><share>12.70</share></result><result><partyCode>UKIP</partyCode><votes>855</votes><share>2.20</share></result><result><partyCode>OTH</partyCode><votes>0</votes><share>0.00</share></result></results></constituencyResult></constituencyResults>
<constituencyResults><constituencyResult seqNo="177"><consituencyId>457</consituencyId><constituencyName>Portsmouth North</constituencyName><results><result><partyCode>LAB </partyCode><votes>15858</votes><share>38.50</share></result><result><partyCode>CON </partyCode><votes>15543</votes><share>37.80</share></result><result><partyCode>LD  </partyCode><votes>8361</votes><share>20.30</share></result><result><partyCode>UKIP</partyCode><votes>1407</votes><share>3.40</share></result><result><partyCode>OTH</partyCode><votes>0</votes><share>0.00</share></result></results></constituencyResult></constituencyResults>
<constituencyResults><constituencyResult seqNo="178"><consituencyId>311</consituencyId><constituencyName>Hertsmere</constituencyName><results><result><partyCode>CON </partyCode><votes>22665</votes><share>53.20</share></result><result><partyCode>LAB </partyCode><votes>11572</votes><share>27.20</share></result><result><partyCode>LD  </partyCode><votes>7817</votes><share>18.40</share></result><result><partyCode>OTH</partyCode><votes>518</votes><share>1.20</share></result></results></constituencyResult></constituencyResults>
<constituencyResults><constituencyResult seqNo="179"><consituencyId>215</consituencyId><constituencyName>Durham North</constituencyName><results><result><partyCode>LAB </partyCode><votes>23932</votes><share>64.10</share></result><result><partyCode>LD  </partyCode><votes>7151</votes><share>19.20</share></result><result><partyCode>CON </partyCode><votes>6258</votes><share>16.80</share></result><result><partyCode>OTH</partyCode><votes>0</votes><share>0.00</share></result></results></constituencyResult></constituencyResults>
<constituencyResults><constituencyResult seqNo="180"><consituencyId>84</consituencyId><constituencyName>Bracknell</constituencyName><results><result><partyCode>CON </partyCode><votes>22789</votes><share>49.90</share></result><result><partyCode>LAB </partyCode><votes>12752</votes><share>27.90</share></result><result><partyCode>LD  </partyCode><votes>8134</votes><share>17.80</share></result><result><partyCode>UKIP</partyCode><votes>1622</votes><share>3.50</share></result><result><partyCode>OTH</partyCode><votes>407</votes><share>0.90</share></result></results></constituencyResult></constituencyResults>
<constituencyResults><constituencyResult seqNo="181"><consituencyId>86</consituencyId><constituencyName>Bradford South</constituencyName><results><result><partyCode>LAB </partyCode><votes>17009</votes><share>48.30</share></result><result><partyCode>CON </partyCode><votes>8565</votes><share>24.30</share></result><result><partyCode>LD  </partyCode><votes>5112</votes><share>14.50</share></result><result><partyCode>OTH</partyCode><votes>3283</votes><share>9.30</share></result><result><partyCode>GRN </partyCode><votes>677</votes><share>1.90</share></result><result><partyCode>UKIP</partyCode><votes>552</votes><share>1.60</share></result></results></constituencyResult></constituencyResults>
<constituencyResults><constituencyResult seqNo="182"><consituencyId>504</consituencyId><constituencyName>Sheffield Central</constituencyName><results><result><partyCode>LAB </partyCode><votes>15463</votes><share>46.50</share></result><result><partyCode>LD  </partyCode><votes>10438</votes><share>31.40</share></result><result><partyCode>CON </partyCode><votes>3046</votes><share>9.20</share></result><result><partyCode>GRN </partyCode><votes>1901</votes><share>5.70</share></result><result><partyCode>OTH</partyCode><votes>1823</votes><share>5.50</share></result><result><partyCode>UKIP</partyCode><votes>554</votes><share>1.70</share></result></results></constituencyResult></constituencyResults>
<constituencyResults><constituencyResult seqNo="183"><consituencyId>647</consituencyId><constituencyName>Ynys Mon</constituencyName><results><result><partyCode>LAB </partyCode><votes>12278</votes><share>34.60</share></result><result><partyCode>PC  </partyCode><votes>11036</votes><share>31.10</share></result><result><partyCode>OTH</partyCode><votes>5448</votes><share>15.40</share></result><result><partyCode>CON </partyCode><votes>3915</votes><share>11.00</share></result><result><partyCode>LD  </partyCode><votes>2418</votes><share>6.80</share></result><result><partyCode>UKIP</partyCode><votes>367</votes><share>1.00</share></result><result><partyCode>IND</partyCode></result></results></constituencyResult></constituencyResults>
<constituencyResults><constituencyResult seqNo="184"><consituencyId>447</consituencyId><constituencyName>Pendle</constituencyName><results><result><partyCode>LAB </partyCode><votes>15250</votes><share>37.10</share></result><result><partyCode>CON </partyCode><votes>13070</votes><share>31.80</share></result><result><partyCode>LD  </partyCode><votes>9528</votes><share>23.20</share></result><result><partyCode>OTH</partyCode><votes>2547</votes><share>6.20</share></result><result><partyCode>UKIP</partyCode><votes>737</votes><share>1.80</share></result></results></constituencyResult></constituencyResults>
<constituencyResults><constituencyResult seqNo="185"><consituencyId>224</consituencyId><constituencyName>East Lothian</constituencyName><results><result><partyCode>LAB </partyCode><votes>18983</votes><share>41.50</share></result><result><partyCode>LD  </partyCode><votes>11363</votes><share>24.80</share></result><result><partyCode>CON </partyCode><votes>7315</votes><share>16.00</share></result><result><partyCode>SNP </partyCode><votes>5995</votes><share>13.10</share></result><result><partyCode>SGP </partyCode><votes>1132</votes><share>2.50</share></result><result><partyCode>SSP </partyCode><votes>504</votes><share>1.10</share></result><result><partyCode>UKIP</partyCode><votes>306</votes><share>0.70</share></result><result><partyCode>OTH</partyCode><votes>178</votes><share>0.40</share></result><result><partyCode>OCV </partyCode><votes>178</votes><share>0.40</share></result></results></constituencyResult></constituencyResults>
<constituencyResults><constituencyResult seqNo="186"><consituencyId>476</consituencyId><constituencyName>Rochford &amp; Southend East</constituencyName><results><result><partyCode>CON </partyCode><votes>17449</votes><share>45.40</share></result><result><partyCode>LAB </partyCode><votes>12142</votes><share>31.60</share></result><result><partyCode>LD  </partyCode><votes>5668</votes><share>14.70</share></result><result><partyCode>UKIP</partyCode><votes>1863</votes><share>4.80</share></result><result><partyCode>GRN </partyCode><votes>1328</votes><share>3.50</share></result><result><partyCode>OTH</partyCode><votes>0</votes><share>0.00</share></result></results></constituencyResult></constituencyResults>
<constituencyResults><constituencyResult seqNo="187"><consituencyId>35</consituencyId><constituencyName>Bassetlaw</constituencyName><results><result><partyCode>LAB </partyCode><votes>24413</votes><share>53.00</share></result><result><partyCode>CON </partyCode><votes>16157</votes><share>35.10</share></result><result><partyCode>LD  </partyCode><votes>5507</votes><share>12.00</share></result><result><partyCode>OTH</partyCode><votes>0</votes><share>0.00</share></result></results></constituencyResult></constituencyResults>
<constituencyResults><constituencyResult seqNo="188"><consituencyId>174</consituencyId><constituencyName>Cynon Valley</constituencyName><results><result><partyCode>LAB </partyCode><votes>18329</votes><share>63.00</share></result><result><partyCode>PC  </partyCode><votes>3939</votes><share>13.50</share></result><result><partyCode>LD  </partyCode><votes>3547</votes><share>12.20</share></result><result><partyCode>CON </partyCode><votes>2498</votes><share>8.60</share></result><result><partyCode>UKIP</partyCode><votes>767</votes><share>2.60</share></result><result><partyCode>OTH</partyCode><votes>0</votes><share>0.00</share></result></results></constituencyResult></constituencyResults>
<constituencyResults><constituencyResult seqNo="189"><consituencyId>36</consituencyId><constituencyName>Bath</constituencyName><results><result><partyCode>LD  </partyCode><votes>18845</votes><share>45.40</share></result><result><partyCode>CON </partyCode><votes>13221</votes><share>31.90</share></result><result><partyCode>LAB </partyCode><votes>5974</votes><share>14.40</share></result><result><partyCode>GRN </partyCode><votes>2494</votes><share>6.00</share></result><result><partyCode>UKIP</partyCode><votes>697</votes><share>1.70</share></result><result><partyCode>OTH</partyCode><votes>235</votes><share>0.60</share></result></results></constituencyResult></constituencyResults>
<constituencyResults><constituencyResult seqNo="190"><consituencyId>301</consituencyId><constituencyName>Hazel Grove</constituencyName><results><result><partyCode>LD  </partyCode><votes>19423</votes><share>50.30</share></result><result><partyCode>CON </partyCode><votes>11729</votes><share>30.40</share></result><result><partyCode>LAB </partyCode><votes>6219</votes><share>16.10</share></result><result><partyCode>UKIP</partyCode><votes>1258</votes><share>3.30</share></result><result><partyCode>OTH</partyCode><votes>0</votes><share>0.00</share></result></results></constituencyResult></constituencyResults>
<constituencyResults><constituencyResult seqNo="191"><consituencyId>558</consituencyId><constituencyName>Swansea East</constituencyName><results><result><partyCode>LAB </partyCode><votes>17457</votes><share>56.60</share></result><result><partyCode>LD  </partyCode><votes>6208</votes><share>20.10</share></result><result><partyCode>CON </partyCode><votes>3103</votes><share>10.10</share></result><result><partyCode>PC  </partyCode><votes>2129</votes><share>6.90</share></result><result><partyCode>OTH</partyCode><votes>770</votes><share>2.50</share></result><result><partyCode>UKIP</partyCode><votes>674</votes><share>2.20</share></result><result><partyCode>GRN </partyCode><votes>493</votes><share>1.60</share></result><result><partyCode>IND</partyCode></result><result><partyCode>IND</partyCode></result><result><partyCode>IND</partyCode></result></results></constituencyResult></constituencyResults>
<constituencyResults><constituencyResult seqNo="192"><consituencyId>4</consituencyId><constituencyName>Aberdeen South</constituencyName><results><result><partyCode>LAB </partyCode><votes>15272</votes><share>36.70</share></result><result><partyCode>LD  </partyCode><votes>13924</votes><share>33.50</share></result><result><partyCode>CON </partyCode><votes>7134</votes><share>17.10</share></result><result><partyCode>SNP </partyCode><votes>4120</votes><share>9.90</share></result><result><partyCode>SGP </partyCode><votes>768</votes><share>1.80</share></result><result><partyCode>SSP </partyCode><votes>403</votes><share>1.00</share></result><result><partyCode>OTH</partyCode><votes>0</votes><share>0.00</share></result></results></constituencyResult></constituencyResults>
<constituencyResults><constituencyResult seqNo="193"><consituencyId>562</consituencyId><constituencyName>Tamworth</constituencyName><results><result><partyCode>LAB </partyCode><votes>18801</votes><share>43.00</share></result><result><partyCode>CON </partyCode><votes>16232</votes><share>37.10</share></result><result><partyCode>LD  </partyCode><votes>6175</votes><share>14.10</share></result><result><partyCode>OTH</partyCode><votes>1320</votes><share>3.00</share></result><result><partyCode>UKIP</partyCode><votes>1212</votes><share>2.80</share></result></results></constituencyResult></constituencyResults>
<constituencyResults><constituencyResult seqNo="194"><consituencyId>209</consituencyId><constituencyName>Dunbartonshire East</constituencyName><results><result><partyCode>LD  </partyCode><votes>19533</votes><share>41.80</share></result><result><partyCode>LAB </partyCode><votes>15472</votes><share>33.10</share></result><result><partyCode>CON </partyCode><votes>7708</votes><share>16.50</share></result><result><partyCode>SNP </partyCode><votes>2716</votes><share>5.80</share></result><result><partyCode>SGP </partyCode><votes>876</votes><share>1.90</share></result><result><partyCode>SSP </partyCode><votes>419</votes><share>0.90</share></result><result><partyCode>OTH</partyCode><votes>0</votes><share>0.00</share></result></results></constituencyResult></constituencyResults>
<constituencyResults><constituencyResult seqNo="195"><consituencyId>330</consituencyId><constituencyName>Inverclyde</constituencyName><results><result><partyCode>LAB </partyCode><votes>18318</votes><share>50.70</share></result><result><partyCode>SNP </partyCode><votes>7059</votes><share>19.60</share></result><result><partyCode>LD  </partyCode><votes>6123</votes><share>17.00</share></result><result><partyCode>CON </partyCode><votes>3692</votes><share>10.20</share></result><result><partyCode>SSP </partyCode><votes>906</votes><share>2.50</share></result><result><partyCode>OTH</partyCode><votes>0</votes><share>0.00</share></result></results></constituencyResult></constituencyResults>
<constituencyResults><constituencyResult seqNo="196"><consituencyId>506</consituencyId><constituencyName>Sheffield Heeley</constituencyName><results><result><partyCode>LAB </partyCode><votes>20418</votes><share>54.10</share></result><result><partyCode>LD  </partyCode><votes>8078</votes><share>21.40</share></result><result><partyCode>CON </partyCode><votes>5428</votes><share>14.40</share></result><result><partyCode>OTH</partyCode><votes>1579</votes><share>4.20</share></result><result><partyCode>GRN </partyCode><votes>1379</votes><share>3.70</share></result><result><partyCode>UKIP</partyCode><votes>891</votes><share>2.40</share></result></results></constituencyResult></constituencyResults>
<constituencyResults><constituencyResult seqNo="197"><consituencyId>146</consituencyId><constituencyName>Chingford &amp; Woodford Green</constituencyName><results><result><partyCode>CON </partyCode><votes>20555</votes><share>53.20</share></result><result><partyCode>LAB </partyCode><votes>9914</votes><share>25.70</share></result><result><partyCode>LD  </partyCode><votes>6832</votes><share>17.70</share></result><result><partyCode>UKIP</partyCode><votes>1078</votes><share>2.80</share></result><result><partyCode>OTH</partyCode><votes>269</votes><share>0.70</share></result></results></constituencyResult></constituencyResults>
<constituencyResults><constituencyResult seqNo="198"><consituencyId>353</consituencyId><constituencyName>Leeds North East</constituencyName><results><result><partyCode>LAB </partyCode><votes>19937</votes><share>45.70</share></result><result><partyCode>CON </partyCode><votes>13175</votes><share>30.20</share></result><result><partyCode>LD  </partyCode><votes>9454</votes><share>21.70</share></result><result><partyCode>OTH</partyCode><votes>1038</votes><share>2.40</share></result></results></constituencyResult></constituencyResults>
<constituencyResults><constituencyResult seqNo="199"><consituencyId>130</consituencyId><constituencyName>Carlisle</constituencyName><results><result><partyCode>LAB </partyCode><votes>17701</votes><share>46.80</share></result><result><partyCode>CON </partyCode><votes>12616</votes><share>33.40</share></result><result><partyCode>LD  </partyCode><votes>6257</votes><share>16.60</share></result><result><partyCode>UKIP</partyCode><votes>874</votes><share>2.30</share></result><result><partyCode>OTH</partyCode><votes>343</votes><share>0.90</share></result></results></constituencyResult></constituencyResults>
<constituencyResults><constituencyResult seqNo="200"><consituencyId>387</consituencyId><constituencyName>Manchester Central</constituencyName><results><result><partyCode>LAB </partyCode><votes>18004</votes><share>59.30</share></result><result><partyCode>LD  </partyCode><votes>6368</votes><share>21.00</share></result><result><partyCode>CON </partyCode><votes>3168</votes><share>10.40</share></result><result><partyCode>GRN </partyCode><votes>1264</votes><share>4.20</share></result><result><partyCode>OTH</partyCode><votes>986</votes><share>3.30</share></result><result><partyCode>UKIP</partyCode><votes>547</votes><share>1.80</share></result></results></constituencyResult></constituencyResults>
<constituencyResults><constituencyResult seqNo="201"><consituencyId>62</consituencyId><constituencyName>Birmingham Northfield</constituencyName><results><result><partyCode>LAB </partyCode><votes>19900</votes><share>50.30</share></result><result><partyCode>CON </partyCode><votes>12021</votes><share>30.40</share></result><result><partyCode>LD  </partyCode><votes>4875</votes><share>12.30</share></result><result><partyCode>OTH</partyCode><votes>1860</votes><share>4.70</share></result><result><partyCode>UKIP</partyCode><votes>878</votes><share>2.20</share></result></results></constituencyResult></constituencyResults>
<constituencyResults><constituencyResult seqNo="202"><consituencyId>450</consituencyId><constituencyName>Perth &amp; North Perthshire</constituencyName><results><result><partyCode>SNP </partyCode><votes>15469</votes><share>33.70</share></result><result><partyCode>CON </partyCode><votes>13948</votes><share>30.40</share></result><result><partyCode>LAB </partyCode><votes>8601</votes><share>18.70</share></result><result><partyCode>LD  </partyCode><votes>7403</votes><share>16.10</share></result><result><partyCode>SSP </partyCode><votes>509</votes><share>1.10</share></result><result><partyCode>OTH</partyCode><votes>0</votes><share>0.00</share></result></results></constituencyResult></constituencyResults>
<constituencyResults><constituencyResult seqNo="203"><consituencyId>460</consituencyId><constituencyName>Preston</constituencyName><results><result><partyCode>LAB </partyCode><votes>14663</votes><share>48.70</share></result><result><partyCode>CON </partyCode><votes>6325</votes><share>21.00</share></result><result><partyCode>LD  </partyCode><votes>5986</votes><share>19.90</share></result><result><partyCode>OTH</partyCode><votes>2318</votes><share>7.70</share></result><result><partyCode>UKIP</partyCode><votes>845</votes><share>2.80</share></result></results></constituencyResult></constituencyResults>
<constituencyResults><constituencyResult seqNo="204"><consituencyId>318</consituencyId><constituencyName>Hornsey &amp; Wood Green</constituencyName><results><result><partyCode>LD  </partyCode><votes>20512</votes><share>43.30</share></result><result><partyCode>LAB </partyCode><votes>18117</votes><share>38.30</share></result><result><partyCode>CON </partyCode><votes>6014</votes><share>12.70</share></result><result><partyCode>GRN </partyCode><votes>2377</votes><share>5.00</share></result><result><partyCode>UKIP</partyCode><votes>310</votes><share>0.70</share></result><result><partyCode>OTH</partyCode><votes>0</votes><share>0.00</share></result></results></constituencyResult></constituencyResults>
<constituencyResults><constituencyResult seqNo="205"><consituencyId>571</consituencyId><constituencyName>Thurrock</constituencyName><results><result><partyCode>LAB </partyCode><votes>19017</votes><share>46.20</share></result><result><partyCode>CON </partyCode><votes>13659</votes><share>33.20</share></result><result><partyCode>LD  </partyCode><votes>4555</votes><share>11.10</share></result><result><partyCode>OTH</partyCode><votes>2526</votes><share>6.10</share></result><result><partyCode>UKIP</partyCode><votes>1409</votes><share>3.40</share></result></results></constituencyResult></constituencyResults>
<constituencyResults><constituencyResult seqNo="206"><consituencyId>321</consituencyId><constituencyName>Hove</constituencyName><results><result><partyCode>LAB </partyCode><votes>16829</votes><share>37.40</share></result><result><partyCode>CON </partyCode><votes>16381</votes><share>36.40</share></result><result><partyCode>LD  </partyCode><votes>8077</votes><share>18.00</share></result><result><partyCode>GRN </partyCode><votes>2593</votes><share>5.80</share></result><result><partyCode>UKIP</partyCode><votes>577</votes><share>1.30</share></result><result><partyCode>OTH</partyCode><votes>495</votes><share>1.10</share></result></results></constituencyResult></constituencyResults>
<constituencyResults><constituencyResult seqNo="207"><consituencyId>180</consituencyId><constituencyName>Denton &amp; Reddish</constituencyName><results><result><partyCode>LAB </partyCode><votes>19595</votes><share>57.60</share></result><result><partyCode>CON </partyCode><votes>6467</votes><share>19.00</share></result><result><partyCode>LD  </partyCode><votes>5541</votes><share>16.30</share></result><result><partyCode>OTH</partyCode><votes>1326</votes><share>3.90</share></result><result><partyCode>UKIP</partyCode><votes>1065</votes><share>3.10</share></result></results></constituencyResult></constituencyResults>
<constituencyResults><constituencyResult seqNo="208"><consituencyId>454</consituencyId><constituencyName>Pontypridd</constituencyName><results><result><partyCode>LAB </partyCode><votes>18534</votes><share>54.20</share></result><result><partyCode>LD  </partyCode><votes>6840</votes><share>20.00</share></result><result><partyCode>CON </partyCode><votes>3949</votes><share>11.60</share></result><result><partyCode>PC  </partyCode><votes>3757</votes><share>11.00</share></result><result><partyCode>UKIP</partyCode><votes>871</votes><share>2.50</share></result><result><partyCode>OTH</partyCode><votes>233</votes><share>0.70</share></result></results></constituencyResult></constituencyResults>
<constituencyResults><constituencyResult seqNo="209"><consituencyId>455</consituencyId><constituencyName>Poole</constituencyName><results><result><partyCode>CON </partyCode><votes>18296</votes><share>43.40</share></result><result><partyCode>LD  </partyCode><votes>12261</votes><share>29.10</share></result><result><partyCode>LAB </partyCode><votes>9561</votes><share>22.70</share></result><result><partyCode>UKIP</partyCode><votes>1479</votes><share>3.50</share></result><result><partyCode>OTH</partyCode><votes>547</votes><share>1.30</share></result></results></constituencyResult></constituencyResults>
<constituencyResults><constituencyResult seqNo="210"><consituencyId>322</consituencyId><constituencyName>Huddersfield</constituencyName><results><result><partyCode>LAB </partyCode><votes>16402</votes><share>46.40</share></result><result><partyCode>LD  </partyCode><votes>8519</votes><share>24.10</share></result><result><partyCode>CON </partyCode><votes>7447</votes><share>21.10</share></result><result><partyCode>GRN </partyCode><votes>1633</votes><share>4.60</share></result><result><partyCode>OTH</partyCode><votes>1361</votes><share>3.80</share></result></results></constituencyResult></constituencyResults>
<constituencyResults><constituencyResult seqNo="211"><consituencyId>153</consituencyId><constituencyName>Cleethorpes</constituencyName><results><result><partyCode>LAB </partyCode><votes>18887</votes><share>43.30</share></result><result><partyCode>CON </partyCode><votes>16247</votes><share>37.30</share></result><result><partyCode>LD  </partyCode><votes>6437</votes><share>14.80</share></result><result><partyCode>UKIP</partyCode><votes>2016</votes><share>4.60</share></result><result><partyCode>OTH</partyCode><votes>0</votes><share>0.00</share></result></results></constituencyResult></constituencyResults>
<constituencyResults><constituencyResult seqNo="212"><consituencyId>334</consituencyId><constituencyName>Islington North</constituencyName><results><result><partyCode>LAB </partyCode><votes>16118</votes><share>51.20</share></result><result><partyCode>LD  </partyCode><votes>9402</votes><share>29.90</share></result><result><partyCode>CON </partyCode><votes>3740</votes><share>11.90</share></result><result><partyCode>GRN </partyCode><votes>2234</votes><share>7.10</share></result><result><partyCode>OTH</partyCode><votes>0</votes><share>0.00</share></result></results></constituencyResult></constituencyResults>
<constituencyResults><constituencyResult seqNo="213"><consituencyId>266</consituencyId><constituencyName>Glasgow North West</constituencyName><results><result><partyCode>LAB </partyCode><votes>16748</votes><share>49.20</share></result><result><partyCode>LD  </partyCode><votes>6655</votes><share>19.50</share></result><result><partyCode>SNP </partyCode><votes>4676</votes><share>13.70</share></result><result><partyCode>CON </partyCode><votes>3262</votes><share>9.60</share></result><result><partyCode>SGP </partyCode><votes>1333</votes><share>3.90</share></result><result><partyCode>SSP </partyCode><votes>1108</votes><share>3.30</share></result><result><partyCode>SLP </partyCode><votes>279</votes><share>0.80</share></result><result><partyCode>OTH</partyCode><votes>279</votes><share>0.80</share></result></results></constituencyResult></constituencyResults>
<constituencyResults><constituencyResult seqNo="214"><consituencyId>358</consituencyId><constituencyName>Leicester West</constituencyName><results><result><partyCode>LAB </partyCode><votes>16420</votes><share>50.80</share></result><result><partyCode>CON </partyCode><votes>7881</votes><share>24.40</share></result><result><partyCode>LD  </partyCode><votes>5906</votes><share>18.30</share></result><result><partyCode>GRN </partyCode><votes>1561</votes><share>4.80</share></result><result><partyCode>OTH</partyCode><votes>552</votes><share>1.70</share></result></results></constituencyResult></constituencyResults>
<constituencyResults><constituencyResult seqNo="215"><consituencyId>493</consituencyId><constituencyName>St. Helens South</constituencyName><results><result><partyCode>LAB </partyCode><votes>22820</votes><share>55.60</share></result><result><partyCode>LD  </partyCode><votes>11833</votes><share>28.80</share></result><result><partyCode>CON </partyCode><votes>4977</votes><share>12.10</share></result><result><partyCode>UKIP</partyCode><votes>781</votes><share>1.90</share></result><result><partyCode>OTH</partyCode><votes>643</votes><share>1.60</share></result></results></constituencyResult></constituencyResults>
<constituencyResults><constituencyResult seqNo="216"><consituencyId>114</consituencyId><constituencyName>Caerphilly</constituencyName><results><result><partyCode>LAB </partyCode><votes>20082</votes><share>55.40</share></result><result><partyCode>PC  </partyCode><votes>6565</votes><share>18.10</share></result><result><partyCode>CON </partyCode><votes>5334</votes><share>14.70</share></result><result><partyCode>LD  </partyCode><votes>3606</votes><share>10.00</share></result><result><partyCode>OTH</partyCode><votes>636</votes><share>1.80</share></result><result><partyCode>IND</partyCode></result></results></constituencyResult></constituencyResults>
<constituencyResults><constituencyResult seqNo="217"><consituencyId>383</consituencyId><constituencyName>Maidenhead</constituencyName><results><result><partyCode>CON </partyCode><votes>25434</votes><share>51.80</share></result><result><partyCode>LD  </partyCode><votes>17784</votes><share>36.20</share></result><result><partyCode>LAB </partyCode><votes>4476</votes><share>9.10</share></result><result><partyCode>OTH</partyCode><votes>704</votes><share>1.40</share></result><result><partyCode>UKIP</partyCode><votes>692</votes><share>1.40</share></result></results></constituencyResult></constituencyResults>
<constituencyResults><constituencyResult seqNo="218"><consituencyId>128</consituencyId><constituencyName>Cardiff South &amp; Penarth</constituencyName><results><result><partyCode>LAB </partyCode><votes>18402</votes><share>46.60</share></result><result><partyCode>CON </partyCode><votes>9447</votes><share>23.90</share></result><result><partyCode>LD  </partyCode><votes>7824</votes><share>19.80</share></result><result><partyCode>PC  </partyCode><votes>2071</votes><share>5.20</share></result><result><partyCode>GRN </partyCode><votes>729</votes><share>1.80</share></result><result><partyCode>UKIP</partyCode><votes>562</votes><share>1.40</share></result><result><partyCode>OTH</partyCode><votes>452</votes><share>1.10</share></result></results></constituencyResult></constituencyResults>
<constituencyResults><constituencyResult seqNo="219"><consituencyId>179</consituencyId><constituencyName>Delyn</constituencyName><results><result><partyCode>LAB </partyCode><votes>15540</votes><share>45.70</share></result><result><partyCode>CON </partyCode><votes>8896</votes><share>26.20</share></result><result><partyCode>LD  </partyCode><votes>6089</votes><share>17.90</share></result><result><partyCode>PC  </partyCode><votes>2524</votes><share>7.40</share></result><result><partyCode>UKIP</partyCode><votes>533</votes><share>1.60</share></result><result><partyCode>OTH</partyCode><votes>422</votes><share>1.20</share></result></results></constituencyResult></constituencyResults>
<constituencyResults><constituencyResult seqNo="220"><consituencyId>271</consituencyId><constituencyName>Gordon</constituencyName><results><result><partyCode>LD  </partyCode><votes>20008</votes><share>45.00</share></result><result><partyCode>LAB </partyCode><votes>8982</votes><share>20.20</share></result><result><partyCode>CON </partyCode><votes>7842</votes><share>17.60</share></result><result><partyCode>SNP </partyCode><votes>7098</votes><share>16.00</share></result><result><partyCode>SSP </partyCode><votes>508</votes><share>1.10</share></result><result><partyCode>OTH</partyCode><votes>0</votes><share>0.00</share></result></results></constituencyResult></constituencyResults>
<constituencyResults><constituencyResult seqNo="221"><consituencyId>470</consituencyId><constituencyName>Rhondda</constituencyName><results><result><partyCode>LAB </partyCode><votes>21198</votes><share>68.10</share></result><result><partyCode>PC  </partyCode><votes>4956</votes><share>15.90</share></result><result><partyCode>LD  </partyCode><votes>3264</votes><share>10.50</share></result><result><partyCode>CON </partyCode><votes>1730</votes><share>5.60</share></result><result><partyCode>OTH</partyCode><votes>0</votes><share>0.00</share></result></results></constituencyResult></constituencyResults>
<constituencyResults><constituencyResult seqNo="222"><consituencyId>434</consituencyId><constituencyName>Nottingham South</constituencyName><results><result><partyCode>LAB </partyCode><votes>15939</votes><share>45.90</share></result><result><partyCode>CON </partyCode><votes>9274</votes><share>26.70</share></result><result><partyCode>LD  </partyCode><votes>8158</votes><share>23.50</share></result><result><partyCode>UKIP</partyCode><votes>1347</votes><share>3.90</share></result><result><partyCode>OTH</partyCode><votes>0</votes><share>0.00</share></result></results></constituencyResult></constituencyResults>
<constituencyResults><constituencyResult seqNo="223"><consituencyId>282</consituencyId><constituencyName>Halesowen &amp; Rowley Regis</constituencyName><results><result><partyCode>LAB </partyCode><votes>19199</votes><share>46.20</share></result><result><partyCode>CON </partyCode><votes>15189</votes><share>36.60</share></result><result><partyCode>LD  </partyCode><votes>5187</votes><share>12.50</share></result><result><partyCode>UKIP</partyCode><votes>1940</votes><share>4.70</share></result><result><partyCode>OTH</partyCode><votes>0</votes><share>0.00</share></result></results></constituencyResult></constituencyResults>
<constituencyResults><constituencyResult seqNo="224"><consituencyId>76</consituencyId><constituencyName>Bolton North East</constituencyName><results><result><partyCode>LAB </partyCode><votes>17486</votes><share>46.30</share></result><result><partyCode>CON </partyCode><votes>12959</votes><share>34.30</share></result><result><partyCode>LD  </partyCode><votes>6083</votes><share>16.10</share></result><result><partyCode>UKIP</partyCode><votes>662</votes><share>1.80</share></result><result><partyCode>OTH</partyCode><votes>582</votes><share>1.50</share></result></results></constituencyResult></constituencyResults>
<constituencyResults><constituencyResult seqNo="225"><consituencyId>366</consituencyId><constituencyName>Leyton &amp; Wanstead</constituencyName><results><result><partyCode>LAB </partyCode><votes>15748</votes><share>45.80</share></result><result><partyCode>LD  </partyCode><votes>8495</votes><share>24.70</share></result><result><partyCode>CON </partyCode><votes>7825</votes><share>22.80</share></result><result><partyCode>GRN </partyCode><votes>1522</votes><share>4.40</share></result><result><partyCode>UKIP</partyCode><votes>610</votes><share>1.80</share></result><result><partyCode>OTH</partyCode><votes>155</votes><share>0.50</share></result></results></constituencyResult></constituencyResults>
<constituencyResults><constituencyResult seqNo="226"><consituencyId>338</consituencyId><constituencyName>Keighley</constituencyName><results><result><partyCode>LAB </partyCode><votes>20720</votes><share>44.70</share></result><result><partyCode>CON </partyCode><votes>15868</votes><share>34.30</share></result><result><partyCode>LD  </partyCode><votes>5484</votes><share>11.80</share></result><result><partyCode>OTH</partyCode><votes>4240</votes><share>9.20</share></result></results></constituencyResult></constituencyResults>
<constituencyResults><constituencyResult seqNo="227"><consituencyId>112</consituencyId><constituencyName>Bury South</constituencyName><results><result><partyCode>LAB </partyCode><votes>21807</votes><share>50.90</share></result><result><partyCode>CON </partyCode><votes>12028</votes><share>28.10</share></result><result><partyCode>LD  </partyCode><votes>7326</votes><share>17.10</share></result><result><partyCode>UKIP</partyCode><votes>1097</votes><share>2.60</share></result><result><partyCode>OTH</partyCode><votes>557</votes><share>1.30</share></result></results></constituencyResult></constituencyResults>
<constituencyResults><constituencyResult seqNo="228"><consituencyId>544</consituencyId><constituencyName>Streatham</constituencyName><results><result><partyCode>LAB </partyCode><votes>17699</votes><share>47.00</share></result><result><partyCode>LD  </partyCode><votes>11115</votes><share>29.50</share></result><result><partyCode>CON </partyCode><votes>6138</votes><share>16.30</share></result><result><partyCode>GRN </partyCode><votes>2072</votes><share>5.50</share></result><result><partyCode>UKIP</partyCode><votes>366</votes><share>1.00</share></result><result><partyCode>OTH</partyCode><votes>302</votes><share>0.80</share></result></results></constituencyResult></constituencyResults>
<constituencyResults><constituencyResult seqNo="229"><consituencyId>329</consituencyId><constituencyName>Ilford South</constituencyName><results><result><partyCode>LAB </partyCode><votes>20856</votes><share>48.90</share></result><result><partyCode>CON </partyCode><votes>11628</votes><share>27.20</share></result><result><partyCode>LD  </partyCode><votes>8761</votes><share>20.50</share></result><result><partyCode>OTH</partyCode><votes>763</votes><share>1.80</share></result><result><partyCode>UKIP</partyCode><votes>685</votes><share>1.60</share></result></results></constituencyResult></constituencyResults>
<constituencyResults><constituencyResult seqNo="230"><consituencyId>144</consituencyId><constituencyName>Chesterfield</constituencyName><results><result><partyCode>LD  </partyCode><votes>20190</votes><share>47.00</share></result><result><partyCode>LAB </partyCode><votes>17457</votes><share>40.60</share></result><result><partyCode>CON </partyCode><votes>3554</votes><share>8.30</share></result><result><partyCode>UKIP</partyCode><votes>977</votes><share>2.30</share></result><result><partyCode>OTH</partyCode><votes>814</votes><share>1.90</share></result></results></constituencyResult></constituencyResults>
<constituencyResults><constituencyResult seqNo="231"><consituencyId>492</consituencyId><constituencyName>St. Helens North</constituencyName><results><result><partyCode>LAB </partyCode><votes>23993</votes><share>57.40</share></result><result><partyCode>LD  </partyCode><votes>8728</votes><share>20.90</share></result><result><partyCode>CON </partyCode><votes>7884</votes><share>18.80</share></result><result><partyCode>UKIP</partyCode><votes>1231</votes><share>2.90</share></result><result><partyCode>OTH</partyCode><votes>0</votes><share>0.00</share></result></results></constituencyResult></constituencyResults>
<constituencyResults><constituencyResult seqNo="232"><consituencyId>37</consituencyId><constituencyName>Batley &amp; Spen</constituencyName><results><result><partyCode>LAB </partyCode><votes>20249</votes><share>45.30</share></result><result><partyCode>CON </partyCode><votes>14189</votes><share>31.70</share></result><result><partyCode>LD  </partyCode><votes>6888</votes><share>15.40</share></result><result><partyCode>OTH</partyCode><votes>2668</votes><share>6.00</share></result><result><partyCode>GRN </partyCode><votes>750</votes><share>1.70</share></result></results></constituencyResult></constituencyResults>
<constituencyResults><constituencyResult seqNo="233"><consituencyId>24</consituencyId><constituencyName>Ayrshire Central</constituencyName><results><result><partyCode>LAB </partyCode><votes>19905</votes><share>46.40</share></result><result><partyCode>CON </partyCode><votes>9482</votes><share>22.10</share></result><result><partyCode>LD  </partyCode><votes>6881</votes><share>16.10</share></result><result><partyCode>SNP </partyCode><votes>4969</votes><share>11.60</share></result><result><partyCode>SSP </partyCode><votes>820</votes><share>1.90</share></result><result><partyCode>SLP </partyCode><votes>468</votes><share>1.10</share></result><result><partyCode>OTH</partyCode><votes>468</votes><share>1.10</share></result><result><partyCode>UKIP</partyCode><votes>346</votes><share>0.80</share></result></results></constituencyResult></constituencyResults>
<constituencyResults><constituencyResult seqNo="234"><consituencyId>461</consituencyId><constituencyName>Pudsey</constituencyName><results><result><partyCode>LAB </partyCode><votes>20120</votes><share>45.40</share></result><result><partyCode>CON </partyCode><votes>14916</votes><share>33.70</share></result><result><partyCode>LD  </partyCode><votes>8044</votes><share>18.20</share></result><result><partyCode>UKIP</partyCode><votes>1229</votes><share>2.80</share></result><result><partyCode>OTH</partyCode><votes>0</votes><share>0.00</share></result></results></constituencyResult></constituencyResults>
<constituencyResults><constituencyResult seqNo="235"><consituencyId>437</consituencyId><constituencyName>Ogmore</constituencyName><results><result><partyCode>LAB </partyCode><votes>19542</votes><share>61.00</share></result><result><partyCode>LD  </partyCode><votes>4703</votes><share>14.70</share></result><result><partyCode>CON </partyCode><votes>4540</votes><share>14.20</share></result><result><partyCode>PC  </partyCode><votes>3274</votes><share>10.20</share></result><result><partyCode>OTH</partyCode><votes>0</votes><share>0.00</share></result><result><partyCode>IND</partyCode></result></results></constituencyResult></constituencyResults>
<constituencyResults><constituencyResult seqNo="236"><consituencyId>537</consituencyId><constituencyName>Stoke On Trent Central</constituencyName><results><result><partyCode>LAB </partyCode><votes>15068</votes><share>52.40</share></result><result><partyCode>LD  </partyCode><votes>5351</votes><share>18.60</share></result><result><partyCode>CON </partyCode><votes>4977</votes><share>17.30</share></result><result><partyCode>OTH</partyCode><votes>2424</votes><share>8.40</share></result><result><partyCode>UKIP</partyCode><votes>930</votes><share>3.20</share></result></results></constituencyResult></constituencyResults>
<constituencyResults><constituencyResult seqNo="237"><consituencyId>440</consituencyId><constituencyName>Oldham West &amp; Royton</constituencyName><results><result><partyCode>LAB </partyCode><votes>18637</votes><share>48.40</share></result><result><partyCode>LD  </partyCode><votes>8183</votes><share>21.20</share></result><result><partyCode>CON </partyCode><votes>8127</votes><share>21.10</share></result><result><partyCode>OTH</partyCode><votes>2606</votes><share>6.80</share></result><result><partyCode>UKIP</partyCode><votes>981</votes><share>2.50</share></result></results></constituencyResult></constituencyResults>
<constituencyResults><constituencyResult seqNo="238"><consituencyId>8</consituencyId><constituencyName>Aldridge-Brownhills</constituencyName><results><result><partyCode>CON </partyCode><votes>17845</votes><share>48.20</share></result><result><partyCode>LAB </partyCode><votes>12113</votes><share>32.70</share></result><result><partyCode>LD  </partyCode><votes>4406</votes><share>11.90</share></result><result><partyCode>OTH</partyCode><votes>1620</votes><share>4.40</share></result><result><partyCode>UKIP</partyCode><votes>1032</votes><share>2.80</share></result></results></constituencyResult></constituencyResults>
<constituencyResults><constituencyResult seqNo="239"><consituencyId>531</consituencyId><constituencyName>Stalybridge &amp; Hyde</constituencyName><results><result><partyCode>LAB </partyCode><votes>17779</votes><share>49.70</share></result><result><partyCode>CON </partyCode><votes>9324</votes><share>26.10</share></result><result><partyCode>LD  </partyCode><votes>5584</votes><share>15.60</share></result><result><partyCode>OTH</partyCode><votes>1399</votes><share>3.90</share></result><result><partyCode>GRN </partyCode><votes>1088</votes><share>3.00</share></result><result><partyCode>UKIP</partyCode><votes>586</votes><share>1.60</share></result></results></constituencyResult></constituencyResults>
<constituencyResults><constituencyResult seqNo="240"><consituencyId>71</consituencyId><constituencyName>Blaenau Gwent</constituencyName><results><result><partyCode>OTH</partyCode><votes>20505</votes><share>58.20</share></result><result><partyCode>LAB </partyCode><votes>11384</votes><share>32.30</share></result><result><partyCode>LD  </partyCode><votes>1511</votes><share>4.30</share></result><result><partyCode>PC  </partyCode><votes>843</votes><share>2.40</share></result><result><partyCode>CON </partyCode><votes>816</votes><share>2.30</share></result><result><partyCode>UKIP</partyCode><votes>192</votes><share>0.50</share></result><result><partyCode>MRLP</partyCode></result><result><partyCode>IND</partyCode></result><result><partyCode>IND</partyCode></result></results></constituencyResult></constituencyResults>
<constituencyResults><constituencyResult seqNo="241"><consituencyId>222</consituencyId><constituencyName>East Ham</constituencyName><results><result><partyCode>LAB </partyCode><votes>22109</votes><share>53.60</share></result><result><partyCode>RES</partyCode><votes>8460</votes><share>20.50</share></result><result><partyCode>CON </partyCode><votes>5675</votes><share>13.80</share></result><result><partyCode>LD  </partyCode><votes>4442</votes><share>10.80</share></result><result><partyCode>OTH</partyCode><votes>580</votes><share>1.40</share></result></results></constituencyResult></constituencyResults>
<constituencyResults><constituencyResult seqNo="242"><consituencyId>370</consituencyId><constituencyName>Liverpool Riverside</constituencyName><results><result><partyCode>LAB </partyCode><votes>19342</votes><share>59.20</share></result><result><partyCode>LD  </partyCode><votes>7611</votes><share>23.30</share></result><result><partyCode>CON </partyCode><votes>2963</votes><share>9.10</share></result><result><partyCode>GRN </partyCode><votes>1707</votes><share>5.20</share></result><result><partyCode>UKIP</partyCode><votes>528</votes><share>1.60</share></result><result><partyCode>OTH</partyCode><votes>498</votes><share>1.50</share></result></results></constituencyResult></constituencyResults>
<constituencyResults><constituencyResult seqNo="243"><consituencyId>559</consituencyId><constituencyName>Swansea West</constituencyName><results><result><partyCode>LAB </partyCode><votes>13833</votes><share>41.80</share></result><result><partyCode>LD  </partyCode><votes>9564</votes><share>28.90</share></result><result><partyCode>CON </partyCode><votes>5285</votes><share>16.00</share></result><result><partyCode>PC  </partyCode><votes>2150</votes><share>6.50</share></result><result><partyCode>OTH</partyCode><votes>907</votes><share>2.70</share></result><result><partyCode>GRN </partyCode><votes>738</votes><share>2.20</share></result><result><partyCode>UKIP</partyCode><votes>609</votes><share>1.80</share></result></results></constituencyResult></constituencyResults>
<constituencyResults><constituencyResult seqNo="244"><consituencyId>375</consituencyId><constituencyName>Llanelli</constituencyName><results><result><partyCode>LAB </partyCode><votes>16592</votes><share>46.90</share></result><result><partyCode>PC  </partyCode><votes>9358</votes><share>26.50</share></result><result><partyCode>CON </partyCode><votes>4844</votes><share>13.70</share></result><result><partyCode>LD  </partyCode><votes>4550</votes><share>12.90</share></result><result><partyCode>OTH</partyCode><votes>0</votes><share>0.00</share></result></results></constituencyResult></constituencyResults>
<constituencyResults><constituencyResult seqNo="245"><consituencyId>328</consituencyId><constituencyName>Ilford North</constituencyName><results><result><partyCode>CON </partyCode><votes>18349</votes><share>43.80</share></result><result><partyCode>LAB </partyCode><votes>16614</votes><share>39.60</share></result><result><partyCode>LD  </partyCode><votes>5778</votes><share>13.80</share></result><result><partyCode>UKIP</partyCode><votes>883</votes><share>2.10</share></result><result><partyCode>OTH</partyCode><votes>293</votes><share>0.70</share></result></results></constituencyResult></constituencyResults>
<constituencyResults><constituencyResult seqNo="246"><consituencyId>498</consituencyId><constituencyName>Scunthorpe</constituencyName><results><result><partyCode>LAB </partyCode><votes>17815</votes><share>52.00</share></result><result><partyCode>CON </partyCode><votes>9177</votes><share>26.80</share></result><result><partyCode>LD  </partyCode><votes>5835</votes><share>17.00</share></result><result><partyCode>UKIP</partyCode><votes>1403</votes><share>4.10</share></result><result><partyCode>OTH</partyCode><votes>0</votes><share>0.00</share></result></results></constituencyResult></constituencyResults>
<constituencyResults><constituencyResult seqNo="247"><consituencyId>632</consituencyId><constituencyName>Wolverhampton South West</constituencyName><results><result><partyCode>LAB </partyCode><votes>17288</votes><share>43.40</share></result><result><partyCode>CON </partyCode><votes>15174</votes><share>38.10</share></result><result><partyCode>LD  </partyCode><votes>5364</votes><share>13.50</share></result><result><partyCode>UKIP</partyCode><votes>984</votes><share>2.50</share></result><result><partyCode>OTH</partyCode><votes>983</votes><share>2.50</share></result></results></constituencyResult></constituencyResults>
<constituencyResults><constituencyResult seqNo="248"><consituencyId>212</consituencyId><constituencyName>Dundee West</constituencyName><results><result><partyCode>LAB </partyCode><votes>16468</votes><share>44.60</share></result><result><partyCode>SNP </partyCode><votes>11089</votes><share>30.00</share></result><result><partyCode>LD  </partyCode><votes>5323</votes><share>14.40</share></result><result><partyCode>CON </partyCode><votes>3062</votes><share>8.30</share></result><result><partyCode>SSP </partyCode><votes>994</votes><share>2.70</share></result><result><partyCode>OTH</partyCode><votes>0</votes><share>0.00</share></result></results></constituencyResult></constituencyResults>
<constituencyResults><constituencyResult seqNo="249"><consituencyId>273</consituencyId><constituencyName>Gower</constituencyName><results><result><partyCode>LAB </partyCode><votes>16786</votes><share>42.50</share></result><result><partyCode>CON </partyCode><votes>10083</votes><share>25.50</share></result><result><partyCode>LD  </partyCode><votes>7291</votes><share>18.40</share></result><result><partyCode>PC  </partyCode><votes>3089</votes><share>7.80</share></result><result><partyCode>UKIP</partyCode><votes>1264</votes><share>3.20</share></result><result><partyCode>GRN </partyCode><votes>1029</votes><share>2.60</share></result><result><partyCode>OTH</partyCode><votes>0</votes><share>0.00</share></result></results></constituencyResult></constituencyResults>
<constituencyResults><constituencyResult seqNo="250"><consituencyId>160</consituencyId><constituencyName>Copeland</constituencyName><results><result><partyCode>LAB </partyCode><votes>18198</votes><share>46.70</share></result><result><partyCode>CON </partyCode><votes>13041</votes><share>33.50</share></result><result><partyCode>LD  </partyCode><votes>5432</votes><share>13.90</share></result><result><partyCode>OTH</partyCode><votes>1396</votes><share>3.60</share></result><result><partyCode>UKIP</partyCode><votes>891</votes><share>2.30</share></result></results></constituencyResult></constituencyResults>
<constituencyResults><constituencyResult seqNo="251"><consituencyId>600</consituencyId><constituencyName>Warrington South</constituencyName><results><result><partyCode>LAB </partyCode><votes>19503</votes><share>41.20</share></result><result><partyCode>CON </partyCode><votes>15166</votes><share>32.10</share></result><result><partyCode>LD  </partyCode><votes>11361</votes><share>24.00</share></result><result><partyCode>UKIP</partyCode><votes>833</votes><share>1.80</share></result><result><partyCode>OTH</partyCode><votes>453</votes><share>1.00</share></result></results></constituencyResult></constituencyResults>
<constituencyResults><constituencyResult seqNo="252"><consituencyId>342</consituencyId><constituencyName>Kilmarnock &amp; Loudoun</constituencyName><results><result><partyCode>LAB </partyCode><votes>20976</votes><share>47.30</share></result><result><partyCode>SNP </partyCode><votes>12273</votes><share>27.70</share></result><result><partyCode>CON </partyCode><votes>5026</votes><share>11.30</share></result><result><partyCode>LD  </partyCode><votes>4945</votes><share>11.10</share></result><result><partyCode>SSP </partyCode><votes>833</votes><share>1.90</share></result><result><partyCode>UKIP</partyCode><votes>330</votes><share>0.70</share></result><result><partyCode>OTH</partyCode><votes>0</votes><share>0.00</share></result></results></constituencyResult></constituencyResults>
<constituencyResults><constituencyResult seqNo="253"><consituencyId>283</consituencyId><constituencyName>Halifax</constituencyName><results><result><partyCode>LAB </partyCode><votes>16658</votes><share>41.90</share></result><result><partyCode>CON </partyCode><votes>13177</votes><share>33.10</share></result><result><partyCode>LD  </partyCode><votes>7120</votes><share>17.90</share></result><result><partyCode>OTH</partyCode><votes>2818</votes><share>7.10</share></result></results></constituencyResult></constituencyResults>
<constituencyResults><constituencyResult seqNo="254"><consituencyId>439</consituencyId><constituencyName>Oldham East &amp; Saddleworth</constituencyName><results><result><partyCode>LAB </partyCode><votes>17381</votes><share>42.50</share></result><result><partyCode>LD  </partyCode><votes>13136</votes><share>32.10</share></result><result><partyCode>CON </partyCode><votes>7256</votes><share>17.80</share></result><result><partyCode>OTH</partyCode><votes>2247</votes><share>5.50</share></result><result><partyCode>UKIP</partyCode><votes>843</votes><share>2.10</share></result></results></constituencyResult></constituencyResults>
<constituencyResults><constituencyResult seqNo="255"><consituencyId>81</consituencyId><constituencyName>Bosworth</constituencyName><results><result><partyCode>CON </partyCode><votes>21210</votes><share>42.60</share></result><result><partyCode>LAB </partyCode><votes>15875</votes><share>31.90</share></result><result><partyCode>LD  </partyCode><votes>10750</votes><share>21.60</share></result><result><partyCode>UKIP</partyCode><votes>1933</votes><share>3.90</share></result><result><partyCode>OTH</partyCode><votes>0</votes><share>0.00</share></result></results></constituencyResult></constituencyResults>
<constituencyResults><constituencyResult seqNo="256"><consituencyId>109</consituencyId><constituencyName>Burnley</constituencyName><results><result><partyCode>LAB </partyCode><votes>14999</votes><share>38.50</share></result><result><partyCode>OTH</partyCode><votes>10181</votes><share>26.10</share></result><result><partyCode>LD  </partyCode><votes>9221</votes><share>23.70</share></result><result><partyCode>CON </partyCode><votes>4206</votes><share>10.80</share></result><result><partyCode>UKIP</partyCode><votes>376</votes><share>1.00</share></result></results></constituencyResult></constituencyResults>
<constituencyResults><constituencyResult seqNo="257"><consituencyId>343</consituencyId><constituencyName>Kingston &amp; Surbiton</constituencyName><results><result><partyCode>LD  </partyCode><votes>25637</votes><share>51.10</share></result><result><partyCode>CON </partyCode><votes>16553</votes><share>33.00</share></result><result><partyCode>LAB </partyCode><votes>6610</votes><share>13.20</share></result><result><partyCode>OTH</partyCode><votes>712</votes><share>1.40</share></result><result><partyCode>UKIP</partyCode><votes>661</votes><share>1.30</share></result></results></constituencyResult></constituencyResults>
<constituencyResults><constituencyResult seqNo="258"><consituencyId>565</consituencyId><constituencyName>Telford</constituencyName><results><result><partyCode>LAB </partyCode><votes>18119</votes><share>48.10</share></result><result><partyCode>CON </partyCode><votes>12468</votes><share>33.10</share></result><result><partyCode>LD  </partyCode><votes>5301</votes><share>14.10</share></result><result><partyCode>UKIP</partyCode><votes>1748</votes><share>4.60</share></result><result><partyCode>OTH</partyCode><votes>0</votes><share>0.00</share></result></results></constituencyResult></constituencyResults>
<constituencyResults><constituencyResult seqNo="259"><consituencyId>61</consituencyId><constituencyName>Birmingham Ladywood</constituencyName><results><result><partyCode>LAB </partyCode><votes>15422</votes><share>52.60</share></result><result><partyCode>LD  </partyCode><votes>8618</votes><share>29.40</share></result><result><partyCode>CON </partyCode><votes>2470</votes><share>8.40</share></result><result><partyCode>UKIP</partyCode><votes>1621</votes><share>5.50</share></result><result><partyCode>OTH</partyCode><votes>1081</votes><share>3.70</share></result><result><partyCode>GRN </partyCode><votes>84</votes><share>0.30</share></result></results></constituencyResult></constituencyResults>
<constituencyResults><constituencyResult seqNo="260"><consituencyId>239</consituencyId><constituencyName>Epping Forest</constituencyName><results><result><partyCode>CON </partyCode><votes>22679</votes><share>52.70</share></result><result><partyCode>LAB </partyCode><votes>9206</votes><share>21.40</share></result><result><partyCode>LD  </partyCode><votes>7787</votes><share>18.10</share></result><result><partyCode>OTH</partyCode><votes>2359</votes><share>5.50</share></result><result><partyCode>UKIP</partyCode><votes>970</votes><share>2.30</share></result></results></constituencyResult></constituencyResults>
<constituencyResults><constituencyResult seqNo="261"><consituencyId>580</consituencyId><constituencyName>Tunbridge Wells</constituencyName><results><result><partyCode>CON </partyCode><votes>23099</votes><share>50.80</share></result><result><partyCode>LD  </partyCode><votes>11527</votes><share>25.30</share></result><result><partyCode>LAB </partyCode><votes>9309</votes><share>20.50</share></result><result><partyCode>UKIP</partyCode><votes>1568</votes><share>3.40</share></result><result><partyCode>OTH</partyCode><votes>0</votes><share>0.00</share></result></results></constituencyResult></constituencyResults>
<constituencyResults><constituencyResult seqNo="262"><consituencyId>399</consituencyId><constituencyName>Mitcham &amp; Morden</constituencyName><results><result><partyCode>LAB </partyCode><votes>22526</votes><share>56.70</share></result><result><partyCode>CON </partyCode><votes>9787</votes><share>24.60</share></result><result><partyCode>LD  </partyCode><votes>5543</votes><share>14.00</share></result><result><partyCode>GRN </partyCode><votes>1388</votes><share>3.50</share></result><result><partyCode>OTH</partyCode><votes>472</votes><share>1.20</share></result></results></constituencyResult></constituencyResults>
<constituencyResults><constituencyResult seqNo="263"><consituencyId>9</consituencyId><constituencyName>Altrincham &amp; Sale West</constituencyName><results><result><partyCode>CON </partyCode><votes>20384</votes><share>47.00</share></result><result><partyCode>LAB </partyCode><votes>12766</votes><share>29.40</share></result><result><partyCode>LD  </partyCode><votes>9489</votes><share>21.90</share></result><result><partyCode>UKIP</partyCode><votes>718</votes><share>1.70</share></result><result><partyCode>OTH</partyCode><votes>0</votes><share>0.00</share></result></results></constituencyResult></constituencyResults>
<constituencyResults><constituencyResult seqNo="264"><consituencyId>264</consituencyId><constituencyName>Glasgow North</constituencyName><results><result><partyCode>LAB </partyCode><votes>11001</votes><share>39.40</share></result><result><partyCode>LD  </partyCode><votes>7663</votes><share>27.40</share></result><result><partyCode>SNP </partyCode><votes>3614</votes><share>12.90</share></result><result><partyCode>CON </partyCode><votes>2441</votes><share>8.70</share></result><result><partyCode>SGP </partyCode><votes>2135</votes><share>7.60</share></result><result><partyCode>SSP </partyCode><votes>1067</votes><share>3.80</share></result><result><partyCode>OTH</partyCode><votes>0</votes><share>0.00</share></result></results></constituencyResult></constituencyResults>
<constituencyResults><constituencyResult seqNo="265"><consituencyId>556</consituencyId><constituencyName>Sutton &amp; Cheam</constituencyName><results><result><partyCode>LD  </partyCode><votes>20255</votes><share>46.90</share></result><result><partyCode>CON </partyCode><votes>17566</votes><share>40.60</share></result><result><partyCode>LAB </partyCode><votes>5116</votes><share>11.80</share></result><result><partyCode>OTH</partyCode><votes>288</votes><share>0.70</share></result></results></constituencyResult></constituencyResults>
<constituencyResults><constituencyResult seqNo="266"><consituencyId>126</consituencyId><constituencyName>Cardiff Central</constituencyName><results><result><partyCode>LD  </partyCode><votes>17991</votes><share>49.80</share></result><result><partyCode>LAB </partyCode><votes>12398</votes><share>34.30</share></result><result><partyCode>CON </partyCode><votes>3339</votes><share>9.20</share></result><result><partyCode>PC  </partyCode><votes>1271</votes><share>3.50</share></result><result><partyCode>OTH</partyCode><votes>750</votes><share>2.10</share></result><result><partyCode>UKIP</partyCode><votes>383</votes><share>1.10</share></result></results></constituencyResult></constituencyResults>
<constituencyResults><constituencyResult seqNo="267"><consituencyId>154</consituencyId><constituencyName>Clwyd South</constituencyName><results><result><partyCode>LAB </partyCode><votes>14172</votes><share>45.20</share></result><result><partyCode>CON </partyCode><votes>7952</votes><share>25.40</share></result><result><partyCode>LD  </partyCode><votes>4853</votes><share>15.50</share></result><result><partyCode>PC  </partyCode><votes>2958</votes><share>9.40</share></result><result><partyCode>OTH</partyCode><votes>803</votes><share>2.60</share></result><result><partyCode>UKIP</partyCode><votes>612</votes><share>2.00</share></result></results></constituencyResult></constituencyResults>
<constituencyResults><constituencyResult seqNo="268"><consituencyId>135</consituencyId><constituencyName>Ceredigion</constituencyName><results><result><partyCode>LD  </partyCode><votes>13045</votes><share>36.50</share></result><result><partyCode>PC  </partyCode><votes>12827</votes><share>35.90</share></result><result><partyCode>CON </partyCode><votes>4426</votes><share>12.40</share></result><result><partyCode>LAB </partyCode><votes>4309</votes><share>12.10</share></result><result><partyCode>GRN </partyCode><votes>841</votes><share>2.40</share></result><result><partyCode>OTH</partyCode><votes>268</votes><share>0.80</share></result><result><partyCode>IND</partyCode></result></results></constituencyResult></constituencyResults>
<constituencyResults><constituencyResult seqNo="269"><consituencyId>646</consituencyId><constituencyName>Yeovil</constituencyName><results><result><partyCode>LD  </partyCode><votes>26076</votes><share>51.50</share></result><result><partyCode>CON </partyCode><votes>17297</votes><share>34.10</share></result><result><partyCode>LAB </partyCode><votes>5346</votes><share>10.60</share></result><result><partyCode>UKIP</partyCode><votes>1946</votes><share>3.80</share></result><result><partyCode>OTH</partyCode><votes>0</votes><share>0.00</share></result></results></constituencyResult></constituencyResults>
<constituencyResults><constituencyResult seqNo="270"><consituencyId>201</consituencyId><constituencyName>Dover</constituencyName><results><result><partyCode>LAB </partyCode><votes>21833</votes><share>45.30</share></result><result><partyCode>CON </partyCode><votes>16828</votes><share>35.00</share></result><result><partyCode>LD  </partyCode><votes>7605</votes><share>15.80</share></result><result><partyCode>UKIP</partyCode><votes>1273</votes><share>2.60</share></result><result><partyCode>OTH</partyCode><votes>606</votes><share>1.30</share></result></results></constituencyResult></constituencyResults>
<constituencyResults><constituencyResult seqNo="271"><consituencyId>293</consituencyId><constituencyName>Harrogate &amp; Knaresborough</constituencyName><results><result><partyCode>LD  </partyCode><votes>25639</votes><share>52.10</share></result><result><partyCode>CON </partyCode><votes>17659</votes><share>35.90</share></result><result><partyCode>LAB </partyCode><votes>4480</votes><share>9.10</share></result><result><partyCode>UKIP</partyCode><votes>845</votes><share>1.70</share></result><result><partyCode>OTH</partyCode><votes>589</votes><share>1.20</share></result></results></constituencyResult></constituencyResults>
<constituencyResults><constituencyResult seqNo="272"><consituencyId>392</consituencyId><constituencyName>Meriden</constituencyName><results><result><partyCode>CON </partyCode><votes>22975</votes><share>47.60</share></result><result><partyCode>LAB </partyCode><votes>15563</votes><share>32.30</share></result><result><partyCode>LD  </partyCode><votes>8075</votes><share>16.70</share></result><result><partyCode>UKIP</partyCode><votes>1620</votes><share>3.40</share></result><result><partyCode>OTH</partyCode><votes>0</votes><share>0.00</share></result></results></constituencyResult></constituencyResults>
<constituencyResults><constituencyResult seqNo="273"><consituencyId>3</consituencyId><constituencyName>Aberdeen North</constituencyName><results><result><partyCode>LAB </partyCode><votes>15557</votes><share>42.50</share></result><result><partyCode>LD  </partyCode><votes>8762</votes><share>23.90</share></result><result><partyCode>SNP </partyCode><votes>8168</votes><share>22.30</share></result><result><partyCode>CON </partyCode><votes>3456</votes><share>9.40</share></result><result><partyCode>SSP </partyCode><votes>691</votes><share>1.90</share></result><result><partyCode>OTH</partyCode><votes>0</votes><share>0.00</share></result></results></constituencyResult></constituencyResults>
<constituencyResults><constituencyResult seqNo="274"><consituencyId>148</consituencyId><constituencyName>Chipping Barnet</constituencyName><results><result><partyCode>CON </partyCode><votes>20825</votes><share>45.90</share></result><result><partyCode>LAB </partyCode><votes>15368</votes><share>33.80</share></result><result><partyCode>LD  </partyCode><votes>6941</votes><share>15.30</share></result><result><partyCode>GRN </partyCode><votes>1273</votes><share>2.80</share></result><result><partyCode>UKIP</partyCode><votes>942</votes><share>2.10</share></result><result><partyCode>OTH</partyCode><votes>59</votes><share>0.10</share></result></results></constituencyResult></constituencyResults>
<constituencyResults><constituencyResult seqNo="275"><consituencyId>10</consituencyId><constituencyName>Alyn &amp; Deeside</constituencyName><results><result><partyCode>LAB </partyCode><votes>17331</votes><share>48.80</share></result><result><partyCode>CON </partyCode><votes>8953</votes><share>25.20</share></result><result><partyCode>LD  </partyCode><votes>6174</votes><share>17.40</share></result><result><partyCode>PC  </partyCode><votes>1320</votes><share>3.70</share></result><result><partyCode>UKIP</partyCode><votes>918</votes><share>2.60</share></result><result><partyCode>OTH</partyCode><votes>800</votes><share>2.30</share></result><result><partyCode>IND</partyCode></result></results></constituencyResult></constituencyResults>
<constituencyResults><constituencyResult seqNo="276"><consituencyId>117</consituencyId><constituencyName>Camberwell &amp; Peckham</constituencyName><results><result><partyCode>LAB </partyCode><votes>24529</votes><share>63.30</share></result><result><partyCode>LD  </partyCode><votes>7921</votes><share>20.40</share></result><result><partyCode>CON </partyCode><votes>3842</votes><share>9.90</share></result><result><partyCode>GRN </partyCode><votes>1796</votes><share>4.60</share></result><result><partyCode>UKIP</partyCode><votes>440</votes><share>1.10</share></result><result><partyCode>OTH</partyCode><votes>245</votes><share>0.60</share></result></results></constituencyResult></constituencyResults>
<constituencyResults><constituencyResult seqNo="277"><consituencyId>111</consituencyId><constituencyName>Bury North</constituencyName><results><result><partyCode>LAB </partyCode><votes>17064</votes><share>41.80</share></result><result><partyCode>CON </partyCode><votes>15005</votes><share>36.80</share></result><result><partyCode>LD  </partyCode><votes>6156</votes><share>15.10</share></result><result><partyCode>OTH</partyCode><votes>2115</votes><share>5.20</share></result><result><partyCode>UKIP</partyCode><votes>438</votes><share>1.10</share></result></results></constituencyResult></constituencyResults>
<constituencyResults><constituencyResult seqNo="278"><consituencyId>101</consituencyId><constituencyName>Bristol South</constituencyName><results><result><partyCode>LAB </partyCode><votes>21364</votes><share>48.60</share></result><result><partyCode>LD  </partyCode><votes>10436</votes><share>23.70</share></result><result><partyCode>CON </partyCode><votes>8623</votes><share>19.60</share></result><result><partyCode>GRN </partyCode><votes>2183</votes><share>5.00</share></result><result><partyCode>UKIP</partyCode><votes>1361</votes><share>3.10</share></result><result><partyCode>OTH</partyCode><votes>0</votes><share>0.00</share></result></results></constituencyResult></constituencyResults>
<constituencyResults><constituencyResult seqNo="279"><consituencyId>642</consituencyId><constituencyName>Wycombe</constituencyName><results><result><partyCode>CON </partyCode><votes>20831</votes><share>47.40</share></result><result><partyCode>LAB </partyCode><votes>13234</votes><share>30.10</share></result><result><partyCode>LD  </partyCode><votes>7865</votes><share>17.90</share></result><result><partyCode>UKIP</partyCode><votes>1714</votes><share>3.90</share></result><result><partyCode>OTH</partyCode><votes>301</votes><share>0.70</share></result></results></constituencyResult></constituencyResults>
<constituencyResults><constituencyResult seqNo="280"><consituencyId>6</consituencyId><constituencyName>Airdrie &amp; Shotts</constituencyName><results><result><partyCode>LAB </partyCode><votes>19568</votes><share>59.00</share></result><result><partyCode>SNP </partyCode><votes>5484</votes><share>16.50</share></result><result><partyCode>LD  </partyCode><votes>3792</votes><share>11.40</share></result><result><partyCode>CON </partyCode><votes>3271</votes><share>9.90</share></result><result><partyCode>SSP </partyCode><votes>706</votes><share>2.10</share></result><result><partyCode>SIP </partyCode><votes>337</votes><share>1.00</share></result><result><partyCode>OTH</partyCode><votes>337</votes><share>1.00</share></result></results></constituencyResult></constituencyResults>
<constituencyResults><constituencyResult seqNo="281"><consituencyId>93</consituencyId><constituencyName>Brentwood &amp; Ongar</constituencyName><results><result><partyCode>CON </partyCode><votes>24865</votes><share>54.00</share></result><result><partyCode>LD  </partyCode><votes>12343</votes><share>26.80</share></result><result><partyCode>LAB </partyCode><votes>6817</votes><share>14.80</share></result><result><partyCode>UKIP</partyCode><votes>1836</votes><share>4.00</share></result><result><partyCode>OTH</partyCode><votes>155</votes><share>0.30</share></result></results></constituencyResult></constituencyResults>
<constituencyResults><constituencyResult seqNo="282"><consituencyId>23</consituencyId><constituencyName>Ayr, Carrick &amp; Cumnock</constituencyName><results><result><partyCode>LAB </partyCode><votes>20433</votes><share>45.40</share></result><result><partyCode>CON </partyCode><votes>10436</votes><share>23.20</share></result><result><partyCode>LD  </partyCode><votes>6341</votes><share>14.10</share></result><result><partyCode>SNP </partyCode><votes>5932</votes><share>13.20</share></result><result><partyCode>OTH</partyCode><votes>987</votes><share>2.20</share></result><result><partyCode>SSCP</partyCode><votes>592</votes><share>1.30</share></result><result><partyCode>SSP </partyCode><votes>554</votes><share>1.20</share></result><result><partyCode>SLP </partyCode><votes>395</votes><share>0.90</share></result><result><partyCode>UKIP</partyCode><votes>365</votes><share>0.80</share></result></results></constituencyResult></constituencyResults>
<constituencyResults><constituencyResult seqNo="283"><consituencyId>485</consituencyId><constituencyName>Runnymede &amp; Weybridge</constituencyName><results><result><partyCode>CON </partyCode><votes>22366</votes><share>51.40</share></result><result><partyCode>LAB </partyCode><votes>10017</votes><share>23.00</share></result><result><partyCode>LD  </partyCode><votes>7771</votes><share>17.90</share></result><result><partyCode>UKIP</partyCode><votes>1719</votes><share>3.90</share></result><result><partyCode>GRN </partyCode><votes>1180</votes><share>2.70</share></result><result><partyCode>OTH</partyCode><votes>471</votes><share>1.10</share></result></results></constituencyResult></constituencyResults>
<constituencyResults><constituencyResult seqNo="284"><consituencyId>443</consituencyId><constituencyName>Oxford East</constituencyName><results><result><partyCode>LAB </partyCode><votes>16294</votes><share>35.90</share></result><result><partyCode>LD  </partyCode><votes>15962</votes><share>35.20</share></result><result><partyCode>CON </partyCode><votes>7863</votes><share>17.30</share></result><result><partyCode>OTH</partyCode><votes>2423</votes><share>5.30</share></result><result><partyCode>GRN </partyCode><votes>2029</votes><share>4.50</share></result><result><partyCode>UKIP</partyCode><votes>786</votes><share>1.70</share></result></results></constituencyResult></constituencyResults>
<constituencyResults><constituencyResult seqNo="285"><consituencyId>11</consituencyId><constituencyName>Amber Valley</constituencyName><results><result><partyCode>LAB </partyCode><votes>20427</votes><share>46.50</share></result><result><partyCode>CON </partyCode><votes>14915</votes><share>33.90</share></result><result><partyCode>LD  </partyCode><votes>5446</votes><share>12.40</share></result><result><partyCode>OTH</partyCode><votes>2467</votes><share>5.60</share></result><result><partyCode>UKIP</partyCode><votes>718</votes><share>1.60</share></result></results></constituencyResult></constituencyResults>
<constituencyResults><constituencyResult seqNo="286"><consituencyId>373</consituencyId><constituencyName>Liverpool West Derby</constituencyName><results><result><partyCode>LAB </partyCode><votes>18547</votes><share>60.50</share></result><result><partyCode>LD  </partyCode><votes>4673</votes><share>15.30</share></result><result><partyCode>OTH</partyCode><votes>4304</votes><share>14.10</share></result><result><partyCode>CON </partyCode><votes>2519</votes><share>8.20</share></result><result><partyCode>UKIP</partyCode><votes>589</votes><share>1.90</share></result></results></constituencyResult></constituencyResults>
<constituencyResults><constituencyResult seqNo="287"><consituencyId>27</consituencyId><constituencyName>Banff &amp; Buchan</constituencyName><results><result><partyCode>SNP </partyCode><votes>19044</votes><share>51.20</share></result><result><partyCode>CON </partyCode><votes>7207</votes><share>19.40</share></result><result><partyCode>LD  </partyCode><votes>4952</votes><share>13.30</share></result><result><partyCode>LAB </partyCode><votes>4476</votes><share>12.00</share></result><result><partyCode>OTH</partyCode><votes>683</votes><share>1.80</share></result><result><partyCode>OCV </partyCode><votes>683</votes><share>1.80</share></result><result><partyCode>UKIP</partyCode><votes>442</votes><share>1.20</share></result><result><partyCode>SSP </partyCode><votes>412</votes><share>1.10</share></result></results></constituencyResult></constituencyResults>
<constituencyResults><constituencyResult seqNo="288"><consituencyId>44</consituencyId><constituencyName>Bedfordshire South West</constituencyName><results><result><partyCode>CON </partyCode><votes>22114</votes><share>48.30</share></result><result><partyCode>LAB </partyCode><votes>13837</votes><share>30.20</share></result><result><partyCode>LD  </partyCode><votes>7723</votes><share>16.90</share></result><result><partyCode>UKIP</partyCode><votes>1923</votes><share>4.20</share></result><result><partyCode>OTH</partyCode><votes>217</votes><share>0.50</share></result></results></constituencyResult></constituencyResults>
<constituencyResults><constituencyResult seqNo="289"><consituencyId>499</consituencyId><constituencyName>Sedgefield</constituencyName><results><result><partyCode>LAB </partyCode><votes>23943</votes><share>59.00</share></result><result><partyCode>CON </partyCode><votes>5745</votes><share>14.20</share></result><result><partyCode>OTH</partyCode><votes>5486</votes><share>13.50</share></result><result><partyCode>LD  </partyCode><votes>4786</votes><share>11.80</share></result><result><partyCode>UKIP</partyCode><votes>639</votes><share>1.60</share></result><result><partyCode>GRN </partyCode></result><result><partyCode>IND</partyCode></result><result><partyCode>CHP </partyCode></result><result><partyCode>BNP </partyCode></result><result><partyCode>MRLP</partyCode></result><result><partyCode>ACP </partyCode></result><result><partyCode>ED  </partyCode></result></results></constituencyResult></constituencyResults>
<constituencyResults><constituencyResult seqNo="290"><consituencyId>73</consituencyId><constituencyName>Blyth Valley</constituencyName><results><result><partyCode>LAB </partyCode><votes>19659</votes><share>55.00</share></result><result><partyCode>LD  </partyCode><votes>11132</votes><share>31.10</share></result><result><partyCode>CON </partyCode><votes>4982</votes><share>13.90</share></result><result><partyCode>OTH</partyCode><votes>0</votes><share>0.00</share></result></results></constituencyResult></constituencyResults>
<constituencyResults><constituencyResult seqNo="291"><consituencyId>78</consituencyId><constituencyName>Bolton West</constituencyName><results><result><partyCode>LAB </partyCode><votes>19137</votes><share>45.40</share></result><result><partyCode>CON </partyCode><votes>14096</votes><share>33.40</share></result><result><partyCode>LD  </partyCode><votes>7990</votes><share>18.90</share></result><result><partyCode>UKIP</partyCode><votes>597</votes><share>1.40</share></result><result><partyCode>OTH</partyCode><votes>364</votes><share>0.90</share></result></results></constituencyResult></constituencyResults>
<constituencyResults><constituencyResult seqNo="292"><consituencyId>621</consituencyId><constituencyName>Wimbledon</constituencyName><results><result><partyCode>CON </partyCode><votes>18028</votes><share>41.40</share></result><result><partyCode>LAB </partyCode><votes>15548</votes><share>35.70</share></result><result><partyCode>LD  </partyCode><votes>7908</votes><share>18.20</share></result><result><partyCode>GRN </partyCode><votes>1381</votes><share>3.20</share></result><result><partyCode>UKIP</partyCode><votes>408</votes><share>0.90</share></result><result><partyCode>OTH</partyCode><votes>283</votes><share>0.60</share></result></results></constituencyResult></constituencyResults>
<constituencyResults><constituencyResult seqNo="293"><consituencyId>296</consituencyId><constituencyName>Hartlepool</constituencyName><results><result><partyCode>LAB </partyCode><votes>18251</votes><share>51.50</share></result><result><partyCode>LD  </partyCode><votes>10773</votes><share>30.40</share></result><result><partyCode>CON </partyCode><votes>4058</votes><share>11.50</share></result><result><partyCode>UKIP</partyCode><votes>1256</votes><share>3.50</share></result><result><partyCode>OTH</partyCode><votes>810</votes><share>2.30</share></result><result><partyCode>GRN </partyCode><votes>288</votes><share>0.80</share></result></results></constituencyResult></constituencyResults>
<constituencyResults><constituencyResult seqNo="294"><consituencyId>403</consituencyId><constituencyName>Moray</constituencyName><results><result><partyCode>SNP </partyCode><votes>14196</votes><share>36.60</share></result><result><partyCode>CON </partyCode><votes>8520</votes><share>22.00</share></result><result><partyCode>LAB </partyCode><votes>7919</votes><share>20.40</share></result><result><partyCode>LD  </partyCode><votes>7460</votes><share>19.20</share></result><result><partyCode>SSP </partyCode><votes>698</votes><share>1.80</share></result><result><partyCode>OTH</partyCode><votes>0</votes><share>0.00</share></result></results></constituencyResult></constituencyResults>
<constituencyResults><constituencyResult seqNo="295"><consituencyId>191</consituencyId><constituencyName>Devon South West</constituencyName><results><result><partyCode>CON </partyCode><votes>20831</votes><share>44.40</share></result><result><partyCode>LAB </partyCode><votes>11389</votes><share>24.30</share></result><result><partyCode>LD  </partyCode><votes>11179</votes><share>23.80</share></result><result><partyCode>UKIP</partyCode><votes>3532</votes><share>7.50</share></result><result><partyCode>OTH</partyCode><votes>0</votes><share>0.00</share></result></results></constituencyResult></constituencyResults>
<constituencyResults><constituencyResult seqNo="296"><consituencyId>65</consituencyId><constituencyName>Birmingham Yardley</constituencyName><results><result><partyCode>LD  </partyCode><votes>16485</votes><share>42.00</share></result><result><partyCode>LAB </partyCode><votes>13621</votes><share>34.70</share></result><result><partyCode>CON </partyCode><votes>4142</votes><share>10.60</share></result><result><partyCode>OTH</partyCode><votes>4104</votes><share>10.50</share></result><result><partyCode>UKIP</partyCode><votes>670</votes><share>1.70</share></result><result><partyCode>GRN </partyCode><votes>201</votes><share>0.50</share></result></results></constituencyResult></constituencyResults>
<constituencyResults><constituencyResult seqNo="297"><consituencyId>228</consituencyId><constituencyName>Edinburgh East</constituencyName><results><result><partyCode>LAB </partyCode><votes>15899</votes><share>40.00</share></result><result><partyCode>LD  </partyCode><votes>9697</votes><share>24.40</share></result><result><partyCode>SNP </partyCode><votes>6760</votes><share>17.00</share></result><result><partyCode>CON </partyCode><votes>4093</votes><share>10.30</share></result><result><partyCode>SGP </partyCode><votes>2266</votes><share>5.70</share></result><result><partyCode>SSP </partyCode><votes>868</votes><share>2.20</share></result><result><partyCode>OTH</partyCode><votes>126</votes><share>0.30</share></result><result><partyCode>DDT </partyCode><votes>89</votes><share>0.20</share></result><result><partyCode>IND</partyCode><votes>37</votes><share>0.10</share></result></results></constituencyResult></constituencyResults>
<constituencyResults><constituencyResult seqNo="298"><consituencyId>583</consituencyId><constituencyName>Tyneside North</constituencyName><results><result><partyCode>LAB </partyCode><votes>23713</votes><share>59.40</share></result><result><partyCode>LD  </partyCode><votes>8784</votes><share>22.00</share></result><result><partyCode>CON </partyCode><votes>7438</votes><share>18.60</share></result><result><partyCode>OTH</partyCode><votes>0</votes><share>0.00</share></result></results></constituencyResult></constituencyResults>
<constituencyResults><constituencyResult seqNo="299"><consituencyId>158</consituencyId><constituencyName>Colne Valley</constituencyName><results><result><partyCode>LAB </partyCode><votes>17862</votes><share>35.40</share></result><result><partyCode>CON </partyCode><votes>16595</votes><share>32.90</share></result><result><partyCode>LD  </partyCode><votes>12370</votes><share>24.50</share></result><result><partyCode>OTH</partyCode><votes>2232</votes><share>4.40</share></result><result><partyCode>GRN </partyCode><votes>1371</votes><share>2.70</share></result></results></constituencyResult></constituencyResults>
<constituencyResults><constituencyResult seqNo="300"><consituencyId>94</consituencyId><constituencyName>Bridgend</constituencyName><results><result><partyCode>LAB </partyCode><votes>14621</votes><share>42.90</share></result><result><partyCode>CON </partyCode><votes>8532</votes><share>25.00</share></result><result><partyCode>LD  </partyCode><votes>7512</votes><share>22.00</share></result><result><partyCode>PC  </partyCode><votes>2350</votes><share>6.90</share></result><result><partyCode>GRN </partyCode><votes>595</votes><share>1.70</share></result><result><partyCode>UKIP</partyCode><votes>469</votes><share>1.40</share></result><result><partyCode>OTH</partyCode><votes>0</votes><share>0.00</share></result></results></constituencyResult></constituencyResults>
<constituencyResults><constituencyResult seqNo="301"><consituencyId>468</consituencyId><constituencyName>Reigate</constituencyName><results><result><partyCode>CON </partyCode><votes>21198</votes><share>48.60</share></result><result><partyCode>LD  </partyCode><votes>10105</votes><share>23.10</share></result><result><partyCode>LAB </partyCode><votes>9388</votes><share>21.50</share></result><result><partyCode>UKIP</partyCode><votes>1952</votes><share>4.50</share></result><result><partyCode>OTH</partyCode><votes>1008</votes><share>2.30</share></result></results></constituencyResult></constituencyResults>
<constituencyResults><constituencyResult seqNo="302"><consituencyId>593</consituencyId><constituencyName>Walsall North</constituencyName><results><result><partyCode>LAB </partyCode><votes>16008</votes><share>48.20</share></result><result><partyCode>CON </partyCode><votes>9107</votes><share>27.40</share></result><result><partyCode>LD  </partyCode><votes>4102</votes><share>12.40</share></result><result><partyCode>OTH</partyCode><votes>2762</votes><share>8.30</share></result><result><partyCode>UKIP</partyCode><votes>1215</votes><share>3.70</share></result></results></constituencyResult></constituencyResults>
<constituencyResults><constituencyResult seqNo="303"><consituencyId>260</consituencyId><constituencyName>Gedling</constituencyName><results><result><partyCode>LAB </partyCode><votes>20982</votes><share>46.60</share></result><result><partyCode>CON </partyCode><votes>16647</votes><share>37.00</share></result><result><partyCode>LD  </partyCode><votes>6169</votes><share>13.70</share></result><result><partyCode>UKIP</partyCode><votes>785</votes><share>1.70</share></result><result><partyCode>OTH</partyCode><votes>411</votes><share>0.90</share></result></results></constituencyResult></constituencyResults>
<constituencyResults><constituencyResult seqNo="304"><consituencyId>477</consituencyId><constituencyName>Romford</constituencyName><results><result><partyCode>CON </partyCode><votes>24442</votes><share>57.70</share></result><result><partyCode>LAB </partyCode><votes>12322</votes><share>29.10</share></result><result><partyCode>LD  </partyCode><votes>3572</votes><share>8.40</share></result><result><partyCode>OTH</partyCode><votes>1088</votes><share>2.60</share></result><result><partyCode>UKIP</partyCode><votes>965</votes><share>2.30</share></result></results></constituencyResult></constituencyResults>
<constituencyResults><constituencyResult seqNo="305"><consituencyId>389</consituencyId><constituencyName>Manchester Withington</constituencyName><results><result><partyCode>LD  </partyCode><votes>16195</votes><share>42.30</share></result><result><partyCode>LAB </partyCode><votes>15664</votes><share>40.90</share></result><result><partyCode>CON </partyCode><votes>3972</votes><share>10.40</share></result><result><partyCode>GRN </partyCode><votes>1623</votes><share>4.20</share></result><result><partyCode>OTH</partyCode><votes>442</votes><share>1.20</share></result><result><partyCode>UKIP</partyCode><votes>430</votes><share>1.10</share></result></results></constituencyResult></constituencyResults>
<constituencyResults><constituencyResult seqNo="306"><consituencyId>327</consituencyId><constituencyName>Hyndburn</constituencyName><results><result><partyCode>LAB </partyCode><votes>18308</votes><share>45.70</share></result><result><partyCode>CON </partyCode><votes>12780</votes><share>31.90</share></result><result><partyCode>LD  </partyCode><votes>5750</votes><share>14.40</share></result><result><partyCode>OTH</partyCode><votes>2468</votes><share>6.20</share></result><result><partyCode>UKIP</partyCode><votes>753</votes><share>1.90</share></result></results></constituencyResult></constituencyResults>
<constituencyResults><constituencyResult seqNo="307"><consituencyId>193</consituencyId><constituencyName>Dewsbury</constituencyName><results><result><partyCode>LAB </partyCode><votes>18278</votes><share>40.60</share></result><result><partyCode>CON </partyCode><votes>14279</votes><share>31.70</share></result><result><partyCode>LD  </partyCode><votes>6187</votes><share>13.70</share></result><result><partyCode>OTH</partyCode><votes>5379</votes><share>11.90</share></result><result><partyCode>GRN </partyCode><votes>913</votes><share>2.00</share></result></results></constituencyResult></constituencyResults>
<constituencyResults><constituencyResult seqNo="308"><consituencyId>614</consituencyId><constituencyName>West Ham</constituencyName><results><result><partyCode>LAB </partyCode><votes>19989</votes><share>51.70</share></result><result><partyCode>RES</partyCode><votes>7715</votes><share>20.00</share></result><result><partyCode>CON </partyCode><votes>4659</votes><share>12.10</share></result><result><partyCode>LD  </partyCode><votes>3926</votes><share>10.20</share></result><result><partyCode>GRN </partyCode><votes>1144</votes><share>3.00</share></result><result><partyCode>OTH</partyCode><votes>802</votes><share>2.10</share></result><result><partyCode>UKIP</partyCode><votes>409</votes><share>1.10</share></result></results></constituencyResult></constituencyResults>
<constituencyResults><constituencyResult seqNo="309"><consituencyId>417</consituencyId><constituencyName>Newport East</constituencyName><results><result><partyCode>LAB </partyCode><votes>14389</votes><share>45.20</share></result><result><partyCode>LD  </partyCode><votes>7551</votes><share>23.70</share></result><result><partyCode>CON </partyCode><votes>7459</votes><share>23.40</share></result><result><partyCode>PC  </partyCode><votes>1221</votes><share>3.80</share></result><result><partyCode>UKIP</partyCode><votes>945</votes><share>3.00</share></result><result><partyCode>OTH</partyCode><votes>260</votes><share>0.80</share></result><result><partyCode>ED  </partyCode></result><result><partyCode>IND</partyCode></result></results></constituencyResult></constituencyResults>
<constituencyResults><constituencyResult seqNo="310"><consituencyId>214</consituencyId><constituencyName>Durham, City Of</constituencyName><results><result><partyCode>LAB </partyCode><votes>20928</votes><share>47.20</share></result><result><partyCode>LD  </partyCode><votes>17654</votes><share>39.80</share></result><result><partyCode>CON </partyCode><votes>4179</votes><share>9.40</share></result><result><partyCode>OTH</partyCode><votes>1603</votes><share>3.60</share></result></results></constituencyResult></constituencyResults>
<constituencyResults><constituencyResult seqNo="311"><consituencyId>607</consituencyId><constituencyName>Weaver Vale</constituencyName><results><result><partyCode>LAB </partyCode><votes>17196</votes><share>45.70</share></result><result><partyCode>CON </partyCode><votes>11919</votes><share>31.70</share></result><result><partyCode>LD  </partyCode><votes>7435</votes><share>19.80</share></result><result><partyCode>UKIP</partyCode><votes>1072</votes><share>2.80</share></result><result><partyCode>OTH</partyCode><votes>0</votes><share>0.00</share></result></results></constituencyResult></constituencyResults>
<constituencyResults><constituencyResult seqNo="312"><consituencyId>578</consituencyId><constituencyName>Tottenham</constituencyName><results><result><partyCode>LAB </partyCode><votes>18343</votes><share>57.90</share></result><result><partyCode>LD  </partyCode><votes>5309</votes><share>16.80</share></result><result><partyCode>CON </partyCode><votes>4278</votes><share>13.50</share></result><result><partyCode>OTH</partyCode><votes>2277</votes><share>7.20</share></result><result><partyCode>GRN </partyCode><votes>1457</votes><share>4.60</share></result></results></constituencyResult></constituencyResults>
<constituencyResults><constituencyResult seqNo="313"><consituencyId>197</consituencyId><constituencyName>Dorset Mid &amp; Poole North</constituencyName><results><result><partyCode>LD  </partyCode><votes>22596</votes><share>50.00</share></result><result><partyCode>CON </partyCode><votes>16665</votes><share>36.90</share></result><result><partyCode>LAB </partyCode><votes>4547</votes><share>10.10</share></result><result><partyCode>UKIP</partyCode><votes>1412</votes><share>3.10</share></result><result><partyCode>OTH</partyCode><votes>0</votes><share>0.00</share></result></results></constituencyResult></constituencyResults>
<constituencyResults><constituencyResult seqNo="314"><consituencyId>560</consituencyId><constituencyName>Swindon North</constituencyName><results><result><partyCode>LAB </partyCode><votes>19311</votes><share>45.10</share></result><result><partyCode>CON </partyCode><votes>16636</votes><share>38.90</share></result><result><partyCode>LD  </partyCode><votes>5502</votes><share>12.90</share></result><result><partyCode>UKIP</partyCode><votes>959</votes><share>2.20</share></result><result><partyCode>OTH</partyCode><votes>403</votes><share>0.90</share></result></results></constituencyResult></constituencyResults>
<constituencyResults><constituencyResult seqNo="315"><consituencyId>356</consituencyId><constituencyName>Leicester East</constituencyName><results><result><partyCode>LAB </partyCode><votes>24765</votes><share>58.70</share></result><result><partyCode>CON </partyCode><votes>8365</votes><share>19.80</share></result><result><partyCode>LD  </partyCode><votes>6945</votes><share>16.50</share></result><result><partyCode>OTH</partyCode><votes>2100</votes><share>5.00</share></result></results></constituencyResult></constituencyResults>
<constituencyResults><constituencyResult seqNo="316"><consituencyId>368</consituencyId><constituencyName>Lincoln</constituencyName><results><result><partyCode>LAB </partyCode><votes>17563</votes><share>43.70</share></result><result><partyCode>CON </partyCode><votes>13757</votes><share>34.20</share></result><result><partyCode>LD  </partyCode><votes>7387</votes><share>18.40</share></result><result><partyCode>UKIP</partyCode><votes>1475</votes><share>3.70</share></result><result><partyCode>OTH</partyCode><votes>0</votes><share>0.00</share></result></results></constituencyResult></constituencyResults>
<constituencyResults><constituencyResult seqNo="317"><consituencyId>371</consituencyId><constituencyName>Liverpool Walton</constituencyName><results><result><partyCode>LAB </partyCode><votes>23070</votes><share>71.80</share></result><result><partyCode>LD  </partyCode><votes>5459</votes><share>17.00</share></result><result><partyCode>CON </partyCode><votes>2069</votes><share>6.40</share></result><result><partyCode>UKIP</partyCode><votes>1075</votes><share>3.30</share></result><result><partyCode>OTH</partyCode><votes>480</votes><share>1.50</share></result></results></constituencyResult></constituencyResults>
<constituencyResults><constituencyResult seqNo="318"><consituencyId>515</consituencyId><constituencyName>Slough</constituencyName><results><result><partyCode>LAB </partyCode><votes>18434</votes><share>46.20</share></result><result><partyCode>CON </partyCode><votes>10510</votes><share>26.30</share></result><result><partyCode>LD  </partyCode><votes>6681</votes><share>16.70</share></result><result><partyCode>OTH</partyCode><votes>1999</votes><share>5.00</share></result><result><partyCode>UKIP</partyCode><votes>1470</votes><share>3.70</share></result><result><partyCode>GRN </partyCode><votes>813</votes><share>2.00</share></result></results></constituencyResult></constituencyResults>
<constituencyResults><constituencyResult seqNo="319"><consituencyId>548</consituencyId><constituencyName>Suffolk Coastal</constituencyName><results><result><partyCode>CON </partyCode><votes>23391</votes><share>44.60</share></result><result><partyCode>LAB </partyCode><votes>13717</votes><share>26.10</share></result><result><partyCode>LD  </partyCode><votes>11610</votes><share>22.10</share></result><result><partyCode>UKIP</partyCode><votes>2014</votes><share>3.80</share></result><result><partyCode>GRN </partyCode><votes>1753</votes><share>3.30</share></result><result><partyCode>OTH</partyCode><votes>0</votes><share>0.00</share></result></results></constituencyResult></constituencyResults>
<constituencyResults><constituencyResult seqNo="320"><consituencyId>83</consituencyId><constituencyName>Bournemouth West</constituencyName><results><result><partyCode>CON </partyCode><votes>14476</votes><share>39.50</share></result><result><partyCode>LD  </partyCode><votes>11710</votes><share>32.00</share></result><result><partyCode>LAB </partyCode><votes>8384</votes><share>22.90</share></result><result><partyCode>UKIP</partyCode><votes>2043</votes><share>5.60</share></result><result><partyCode>OTH</partyCode><votes>0</votes><share>0.00</share></result></results></constituencyResult></constituencyResults>
<constituencyResults><constituencyResult seqNo="321"><consituencyId>596</consituencyId><constituencyName>Wansbeck</constituencyName><results><result><partyCode>LAB </partyCode><votes>20315</votes><share>55.20</share></result><result><partyCode>LD  </partyCode><votes>9734</votes><share>26.40</share></result><result><partyCode>CON </partyCode><votes>5515</votes><share>15.00</share></result><result><partyCode>GRN </partyCode><votes>1245</votes><share>3.40</share></result><result><partyCode>OTH</partyCode><votes>0</votes><share>0.00</share></result></results></constituencyResult></constituencyResults>
<constituencyResults><constituencyResult seqNo="322"><consituencyId>38</consituencyId><constituencyName>Battersea</constituencyName><results><result><partyCode>LAB </partyCode><votes>16615</votes><share>40.70</share></result><result><partyCode>CON </partyCode><votes>16283</votes><share>39.90</share></result><result><partyCode>LD  </partyCode><votes>5906</votes><share>14.50</share></result><result><partyCode>GRN </partyCode><votes>1720</votes><share>4.20</share></result><result><partyCode>UKIP</partyCode><votes>334</votes><share>0.80</share></result><result><partyCode>OTH</partyCode><votes>0</votes><share>0.00</share></result></results></constituencyResult></constituencyResults>
<constituencyResults><constituencyResult seqNo="323"><consituencyId>53</consituencyId><constituencyName>Beverley &amp; Holderness</constituencyName><results><result><partyCode>CON </partyCode><votes>20345</votes><share>40.90</share></result><result><partyCode>LAB </partyCode><votes>17248</votes><share>34.70</share></result><result><partyCode>LD  </partyCode><votes>9784</votes><share>19.70</share></result><result><partyCode>UKIP</partyCode><votes>2312</votes><share>4.70</share></result><result><partyCode>OTH</partyCode><votes>0</votes><share>0.00</share></result></results></constituencyResult></constituencyResults>
<constituencyResults><constituencyResult seqNo="324"><consituencyId>220</consituencyId><constituencyName>Ealing Southall</constituencyName><results><result><partyCode>LAB </partyCode><votes>19634</votes><share>57.30</share></result><result><partyCode>CON </partyCode><votes>6494</votes><share>18.90</share></result><result><partyCode>LD  </partyCode><votes>6254</votes><share>18.20</share></result><result><partyCode>GRN </partyCode><votes>1612</votes><share>4.70</share></result><result><partyCode>OTH</partyCode><votes>289</votes><share>0.80</share></result><result><partyCode>UKIP</partyCode></result><result><partyCode>RES </partyCode></result><result><partyCode>ED  </partyCode></result><result><partyCode>MRLP</partyCode></result><result><partyCode>CHP </partyCode></result><result><partyCode>IND</partyCode></result></results></constituencyResult></constituencyResults>
<constituencyResults><constituencyResult seqNo="325"><consituencyId>539</consituencyId><constituencyName>Stoke On Trent South</constituencyName><results><result><partyCode>LAB </partyCode><votes>17195</votes><share>46.80</share></result><result><partyCode>CON </partyCode><votes>8871</votes><share>24.20</share></result><result><partyCode>LD  </partyCode><votes>5529</votes><share>15.10</share></result><result><partyCode>OTH</partyCode><votes>4110</votes><share>11.20</share></result><result><partyCode>UKIP</partyCode><votes>1009</votes><share>2.70</share></result></results></constituencyResult></constituencyResults>
<constituencyResults><constituencyResult seqNo="326"><consituencyId>63</consituencyId><constituencyName>Birmingham Perry Barr</constituencyName><results><result><partyCode>LAB </partyCode><votes>17919</votes><share>46.30</share></result><result><partyCode>LD  </partyCode><votes>10094</votes><share>26.10</share></result><result><partyCode>CON </partyCode><votes>6702</votes><share>17.30</share></result><result><partyCode>OTH</partyCode><votes>3063</votes><share>7.90</share></result><result><partyCode>UKIP</partyCode><votes>920</votes><share>2.40</share></result></results></constituencyResult></constituencyResults>
<constituencyResults><constituencyResult seqNo="327"><consituencyId>326</consituencyId><constituencyName>Huntingdon</constituencyName><results><result><partyCode>CON </partyCode><votes>24541</votes><share>50.80</share></result><result><partyCode>LD  </partyCode><votes>12889</votes><share>26.70</share></result><result><partyCode>LAB </partyCode><votes>8898</votes><share>18.40</share></result><result><partyCode>UKIP</partyCode><votes>2021</votes><share>4.20</share></result><result><partyCode>OTH</partyCode><votes>0</votes><share>0.00</share></result></results></constituencyResult></constituencyResults>
<constituencyResults><constituencyResult seqNo="328"><consituencyId>380</consituencyId><constituencyName>Luton North</constituencyName><results><result><partyCode>LAB </partyCode><votes>19095</votes><share>48.60</share></result><result><partyCode>CON </partyCode><votes>12656</votes><share>32.20</share></result><result><partyCode>LD  </partyCode><votes>6130</votes><share>15.60</share></result><result><partyCode>UKIP</partyCode><votes>1259</votes><share>3.20</share></result><result><partyCode>OTH</partyCode><votes>152</votes><share>0.40</share></result></results></constituencyResult></constituencyResults>
<constituencyResults><constituencyResult seqNo="329"><consituencyId>165</consituencyId><constituencyName>Coventry North East</constituencyName><results><result><partyCode>LAB </partyCode><votes>21859</votes><share>56.90</share></result><result><partyCode>CON </partyCode><votes>7238</votes><share>18.80</share></result><result><partyCode>LD  </partyCode><votes>6352</votes><share>16.50</share></result><result><partyCode>OTH</partyCode><votes>1874</votes><share>4.90</share></result><result><partyCode>UKIP</partyCode><votes>1076</votes><share>2.80</share></result></results></constituencyResult></constituencyResults>
<constituencyResults><constituencyResult seqNo="330"><consituencyId>589</consituencyId><constituencyName>Vale Of Glamorgan</constituencyName><results><result><partyCode>LAB </partyCode><votes>19068</votes><share>40.80</share></result><result><partyCode>CON </partyCode><votes>17494</votes><share>37.40</share></result><result><partyCode>LD  </partyCode><votes>6171</votes><share>13.20</share></result><result><partyCode>PC  </partyCode><votes>2426</votes><share>5.20</share></result><result><partyCode>UKIP</partyCode><votes>822</votes><share>1.80</share></result><result><partyCode>OTH</partyCode><votes>767</votes><share>1.60</share></result></results></constituencyResult></constituencyResults>
<constituencyResults><constituencyResult seqNo="331"><consituencyId>435</consituencyId><constituencyName>Nuneaton</constituencyName><results><result><partyCode>LAB </partyCode><votes>18652</votes><share>46.60</share></result><result><partyCode>CON </partyCode><votes>14758</votes><share>36.90</share></result><result><partyCode>LD  </partyCode><votes>5008</votes><share>12.50</share></result><result><partyCode>UKIP</partyCode><votes>1574</votes><share>3.90</share></result><result><partyCode>OTH</partyCode><votes>0</votes><share>0.00</share></result></results></constituencyResult></constituencyResults>
<constituencyResults><constituencyResult seqNo="332"><consituencyId>474</consituencyId><constituencyName>Rochdale</constituencyName><results><result><partyCode>LAB </partyCode><votes>17547</votes><share>40.90</share></result><result><partyCode>LD  </partyCode><votes>17398</votes><share>40.50</share></result><result><partyCode>CON </partyCode><votes>4493</votes><share>10.50</share></result><result><partyCode>OTH</partyCode><votes>2487</votes><share>5.80</share></result><result><partyCode>UKIP</partyCode><votes>568</votes><share>1.30</share></result><result><partyCode>GRN </partyCode><votes>448</votes><share>1.00</share></result></results></constituencyResult></constituencyResults>
<constituencyResults><constituencyResult seqNo="333"><consituencyId>372</consituencyId><constituencyName>Liverpool Wavertree</constituencyName><results><result><partyCode>LAB </partyCode><votes>16181</votes><share>49.50</share></result><result><partyCode>LD  </partyCode><votes>13270</votes><share>40.60</share></result><result><partyCode>CON </partyCode><votes>2107</votes><share>6.40</share></result><result><partyCode>UKIP</partyCode><votes>652</votes><share>2.00</share></result><result><partyCode>OTH</partyCode><votes>471</votes><share>1.40</share></result></results></constituencyResult></constituencyResults>
<constituencyResults><constituencyResult seqNo="334"><consituencyId>172</consituencyId><constituencyName>Croydon South</constituencyName><results><result><partyCode>CON </partyCode><votes>26478</votes><share>52.00</share></result><result><partyCode>LAB </partyCode><votes>12250</votes><share>24.10</share></result><result><partyCode>LD  </partyCode><votes>10400</votes><share>20.40</share></result><result><partyCode>UKIP</partyCode><votes>1104</votes><share>2.20</share></result><result><partyCode>OTH</partyCode><votes>682</votes><share>1.30</share></result></results></constituencyResult></constituencyResults>
<constituencyResults><constituencyResult seqNo="335"><consituencyId>28</consituencyId><constituencyName>Barking</constituencyName><results><result><partyCode>LAB </partyCode><votes>18293</votes><share>49.60</share></result><result><partyCode>CON </partyCode><votes>6110</votes><share>16.60</share></result><result><partyCode>BNP</partyCode><votes>5997</votes><share>16.30</share></result><result><partyCode>LD  </partyCode><votes>3973</votes><share>10.80</share></result><result><partyCode>UKIP</partyCode><votes>1291</votes><share>3.50</share></result><result><partyCode>GRN </partyCode><votes>618</votes><share>1.70</share></result><result><partyCode>OTH</partyCode><votes>589</votes><share>1.60</share></result></results></constituencyResult></constituencyResults>
<constituencyResults><constituencyResult seqNo="336"><consituencyId>538</consituencyId><constituencyName>Stoke On Trent North</constituencyName><results><result><partyCode>LAB </partyCode><votes>20064</votes><share>55.80</share></result><result><partyCode>CON </partyCode><votes>6398</votes><share>17.80</share></result><result><partyCode>LD  </partyCode><votes>4845</votes><share>13.50</share></result><result><partyCode>OTH</partyCode><votes>3157</votes><share>8.80</share></result><result><partyCode>UKIP</partyCode><votes>1469</votes><share>4.10</share></result></results></constituencyResult></constituencyResults>
<constituencyResults><constituencyResult seqNo="337"><consituencyId>99</consituencyId><constituencyName>Bristol East</constituencyName><results><result><partyCode>LAB </partyCode><votes>19236</votes><share>45.50</share></result><result><partyCode>CON </partyCode><votes>11901</votes><share>28.20</share></result><result><partyCode>LD  </partyCode><votes>8318</votes><share>19.70</share></result><result><partyCode>GRN </partyCode><votes>1148</votes><share>2.70</share></result><result><partyCode>UKIP</partyCode><votes>1131</votes><share>2.70</share></result><result><partyCode>OTH</partyCode><votes>532</votes><share>1.30</share></result></results></constituencyResult></constituencyResults>
<constituencyResults><constituencyResult seqNo="338"><consituencyId>263</consituencyId><constituencyName>Glasgow East</constituencyName><results><result><partyCode>LAB </partyCode><votes>18775</votes><share>60.70</share></result><result><partyCode>SNP </partyCode><votes>5268</votes><share>17.00</share></result><result><partyCode>LD  </partyCode><votes>3665</votes><share>11.80</share></result><result><partyCode>CON </partyCode><votes>2135</votes><share>6.90</share></result><result><partyCode>SSP </partyCode><votes>1096</votes><share>3.50</share></result><result><partyCode>OTH</partyCode><votes>0</votes><share>0.00</share></result></results></constituencyResult></constituencyResults>
<constituencyResults><constituencyResult seqNo="339"><consituencyId>471</consituencyId><constituencyName>Ribble Valley</constituencyName><results><result><partyCode>CON </partyCode><votes>20693</votes><share>44.90</share></result><result><partyCode>LAB </partyCode><votes>13740</votes><share>29.80</share></result><result><partyCode>LD  </partyCode><votes>10404</votes><share>22.60</share></result><result><partyCode>UKIP</partyCode><votes>1229</votes><share>2.70</share></result><result><partyCode>OTH</partyCode><votes>0</votes><share>0.00</share></result></results></constituencyResult></constituencyResults>
<constituencyResults><constituencyResult seqNo="340"><consituencyId>300</consituencyId><constituencyName>Hayes &amp; Harlington</constituencyName><results><result><partyCode>LAB </partyCode><votes>20844</votes><share>56.40</share></result><result><partyCode>CON </partyCode><votes>10250</votes><share>27.70</share></result><result><partyCode>LD  </partyCode><votes>3637</votes><share>9.80</share></result><result><partyCode>OTH</partyCode><votes>1050</votes><share>2.80</share></result><result><partyCode>UKIP</partyCode><votes>623</votes><share>1.70</share></result><result><partyCode>GRN </partyCode><votes>535</votes><share>1.40</share></result></results></constituencyResult></constituencyResults>
<constituencyResults><constituencyResult seqNo="341"><consituencyId>70</consituencyId><constituencyName>Blackpool South</constituencyName><results><result><partyCode>LAB </partyCode><votes>16232</votes><share>48.50</share></result><result><partyCode>CON </partyCode><votes>10321</votes><share>30.90</share></result><result><partyCode>LD  </partyCode><votes>5054</votes><share>15.10</share></result><result><partyCode>OTH</partyCode><votes>1113</votes><share>3.30</share></result><result><partyCode>UKIP</partyCode><votes>731</votes><share>2.20</share></result></results></constituencyResult></constituencyResults>
<constituencyResults><constituencyResult seqNo="342"><consituencyId>98</consituencyId><constituencyName>Brighton Pavilion</constituencyName><results><result><partyCode>LAB </partyCode><votes>16283</votes><share>36.40</share></result><result><partyCode>CON </partyCode><votes>10416</votes><share>23.30</share></result><result><partyCode>GRN </partyCode><votes>9804</votes><share>21.90</share></result><result><partyCode>LD  </partyCode><votes>7174</votes><share>16.00</share></result><result><partyCode>UKIP</partyCode><votes>538</votes><share>1.20</share></result><result><partyCode>OTH</partyCode><votes>526</votes><share>1.20</share></result></results></constituencyResult></constituencyResults>
<constituencyResults><constituencyResult seqNo="343"><consituencyId>82</consituencyId><constituencyName>Bournemouth East</constituencyName><results><result><partyCode>CON </partyCode><votes>18949</votes><share>45.30</share></result><result><partyCode>LD  </partyCode><votes>13075</votes><share>31.30</share></result><result><partyCode>LAB </partyCode><votes>7761</votes><share>18.60</share></result><result><partyCode>UKIP</partyCode><votes>2050</votes><share>4.90</share></result><result><partyCode>OTH</partyCode><votes>0</votes><share>0.00</share></result></results></constituencyResult></constituencyResults>
<constituencyResults><constituencyResult seqNo="344"><consituencyId>232</consituencyId><constituencyName>Edinburgh West</constituencyName><results><result><partyCode>LD  </partyCode><votes>22417</votes><share>49.50</share></result><result><partyCode>CON </partyCode><votes>8817</votes><share>19.50</share></result><result><partyCode>LAB </partyCode><votes>8433</votes><share>18.60</share></result><result><partyCode>SNP </partyCode><votes>4124</votes><share>9.10</share></result><result><partyCode>SGP </partyCode><votes>964</votes><share>2.10</share></result><result><partyCode>SSP </partyCode><votes>510</votes><share>1.10</share></result><result><partyCode>OTH</partyCode><votes>0</votes><share>0.00</share></result></results></constituencyResult></constituencyResults>
<constituencyResults><constituencyResult seqNo="345"><consituencyId>509</consituencyId><constituencyName>Shipley</constituencyName><results><result><partyCode>CON </partyCode><votes>18077</votes><share>38.80</share></result><result><partyCode>LAB </partyCode><votes>17627</votes><share>37.90</share></result><result><partyCode>LD  </partyCode><votes>7059</votes><share>15.20</share></result><result><partyCode>OTH</partyCode><votes>2189</votes><share>4.70</share></result><result><partyCode>GRN </partyCode><votes>1599</votes><share>3.40</share></result></results></constituencyResult></constituencyResults>
<constituencyResults><constituencyResult seqNo="346"><consituencyId>390</consituencyId><constituencyName>Mansfield</constituencyName><results><result><partyCode>LAB </partyCode><votes>21988</votes><share>50.10</share></result><result><partyCode>CON </partyCode><votes>8212</votes><share>18.70</share></result><result><partyCode>OTH</partyCode><votes>7525</votes><share>17.10</share></result><result><partyCode>LD  </partyCode><votes>6157</votes><share>14.00</share></result></results></constituencyResult></constituencyResults>
<constituencyResults><constituencyResult seqNo="347"><consituencyId>480</consituencyId><constituencyName>Rossendale &amp; Darwen</constituencyName><results><result><partyCode>LAB </partyCode><votes>19024</votes><share>43.00</share></result><result><partyCode>CON </partyCode><votes>15328</votes><share>34.60</share></result><result><partyCode>LD  </partyCode><votes>6587</votes><share>14.90</share></result><result><partyCode>OTH</partyCode><votes>1736</votes><share>3.90</share></result><result><partyCode>GRN </partyCode><votes>829</votes><share>1.90</share></result><result><partyCode>UKIP</partyCode><votes>740</votes><share>1.70</share></result></results></constituencyResult></constituencyResults>
<constituencyResults><constituencyResult seqNo="348"><consituencyId>87</consituencyId><constituencyName>Bradford West</constituencyName><results><result><partyCode>LAB </partyCode><votes>14524</votes><share>39.70</share></result><result><partyCode>CON </partyCode><votes>11474</votes><share>31.40</share></result><result><partyCode>LD  </partyCode><votes>6967</votes><share>19.00</share></result><result><partyCode>OTH</partyCode><votes>2525</votes><share>6.90</share></result><result><partyCode>GRN </partyCode><votes>1093</votes><share>3.00</share></result></results></constituencyResult></constituencyResults>
<constituencyResults><constituencyResult seqNo="349"><consituencyId>284</consituencyId><constituencyName>Haltemprice &amp; Howden</constituencyName><results><result><partyCode>CON </partyCode><votes>22687</votes><share>47.00</share></result><result><partyCode>LD  </partyCode><votes>17607</votes><share>36.50</share></result><result><partyCode>LAB </partyCode><votes>6514</votes><share>13.50</share></result><result><partyCode>OTH</partyCode><votes>798</votes><share>1.70</share></result><result><partyCode>UKIP</partyCode><votes>665</votes><share>1.40</share></result></results></constituencyResult></constituencyResults>
<constituencyResults><constituencyResult seqNo="350"><consituencyId>332</consituencyId><constituencyName>Ipswich</constituencyName><results><result><partyCode>LAB </partyCode><votes>19020</votes><share>42.90</share></result><result><partyCode>CON </partyCode><votes>13785</votes><share>31.10</share></result><result><partyCode>LD  </partyCode><votes>9368</votes><share>21.10</share></result><result><partyCode>UKIP</partyCode><votes>1207</votes><share>2.70</share></result><result><partyCode>OTH</partyCode><votes>940</votes><share>2.10</share></result></results></constituencyResult></constituencyResults>
<constituencyResults><constituencyResult seqNo="351"><consituencyId>243</consituencyId><constituencyName>Esher &amp; Walton</constituencyName><results><result><partyCode>CON </partyCode><votes>21882</votes><share>45.70</share></result><result><partyCode>LD  </partyCode><votes>14155</votes><share>29.60</share></result><result><partyCode>LAB </partyCode><votes>9309</votes><share>19.40</share></result><result><partyCode>UKIP</partyCode><votes>1582</votes><share>3.30</share></result><result><partyCode>OTH</partyCode><votes>950</votes><share>2.00</share></result></results></constituencyResult></constituencyResults>
<constituencyResults><constituencyResult seqNo="352"><consituencyId>442</consituencyId><constituencyName>Orpington</constituencyName><results><result><partyCode>CON </partyCode><votes>24800</votes><share>51.20</share></result><result><partyCode>LD  </partyCode><votes>19579</votes><share>40.40</share></result><result><partyCode>LAB </partyCode><votes>2893</votes><share>6.00</share></result><result><partyCode>UKIP</partyCode><votes>1131</votes><share>2.30</share></result><result><partyCode>OTH</partyCode><votes>0</votes><share>0.00</share></result></results></constituencyResult></constituencyResults>
<constituencyResults><constituencyResult seqNo="353"><consituencyId>122</consituencyId><constituencyName>Cambridgeshire South</constituencyName><results><result><partyCode>CON </partyCode><votes>24621</votes><share>46.50</share></result><result><partyCode>LD  </partyCode><votes>14987</votes><share>28.30</share></result><result><partyCode>LAB </partyCode><votes>10429</votes><share>19.70</share></result><result><partyCode>UKIP</partyCode><votes>1467</votes><share>2.80</share></result><result><partyCode>GRN </partyCode><votes>1442</votes><share>2.70</share></result><result><partyCode>OTH</partyCode><votes>0</votes><share>0.00</share></result></results></constituencyResult></constituencyResults>
<constituencyResults><constituencyResult seqNo="354"><consituencyId>238</consituencyId><constituencyName>Enfield Southgate</constituencyName><results><result><partyCode>CON </partyCode><votes>18134</votes><share>43.80</share></result><result><partyCode>LAB </partyCode><votes>17007</votes><share>41.00</share></result><result><partyCode>LD  </partyCode><votes>4611</votes><share>11.10</share></result><result><partyCode>GRN </partyCode><votes>1155</votes><share>2.80</share></result><result><partyCode>UKIP</partyCode><votes>526</votes><share>1.30</share></result><result><partyCode>OTH</partyCode><votes>0</votes><share>0.00</share></result></results></constituencyResult></constituencyResults>
<constituencyResults><constituencyResult seqNo="355"><consituencyId>270</consituencyId><constituencyName>Gloucester</constituencyName><results><result><partyCode>LAB </partyCode><votes>22289</votes><share>47.60</share></result><result><partyCode>CON </partyCode><votes>16226</votes><share>34.70</share></result><result><partyCode>LD  </partyCode><votes>6409</votes><share>13.70</share></result><result><partyCode>UKIP</partyCode><votes>1116</votes><share>2.40</share></result><result><partyCode>GRN </partyCode><votes>781</votes><share>1.70</share></result><result><partyCode>OTH</partyCode><votes>0</votes><share>0.00</share></result></results></constituencyResult></constituencyResults>
<constituencyResults><constituencyResult seqNo="356"><consituencyId>502</consituencyId><constituencyName>Sevenoaks</constituencyName><results><result><partyCode>CON </partyCode><votes>22982</votes><share>51.40</share></result><result><partyCode>LD  </partyCode><votes>9922</votes><share>22.20</share></result><result><partyCode>LAB </partyCode><votes>9492</votes><share>21.20</share></result><result><partyCode>UKIP</partyCode><votes>1355</votes><share>3.00</share></result><result><partyCode>OTH</partyCode><votes>984</votes><share>2.20</share></result></results></constituencyResult></constituencyResults>
<constituencyResults><constituencyResult seqNo="357"><consituencyId>211</consituencyId><constituencyName>Dundee East</constituencyName><results><result><partyCode>SNP </partyCode><votes>14708</votes><share>37.20</share></result><result><partyCode>LAB </partyCode><votes>14325</votes><share>36.20</share></result><result><partyCode>CON </partyCode><votes>5061</votes><share>12.80</share></result><result><partyCode>LD  </partyCode><votes>4498</votes><share>11.40</share></result><result><partyCode>SSP </partyCode><votes>537</votes><share>1.40</share></result><result><partyCode>UKIP</partyCode><votes>292</votes><share>0.70</share></result><result><partyCode>OTH</partyCode><votes>119</votes><share>0.30</share></result><result><partyCode>IND</partyCode><votes>119</votes><share>0.30</share></result></results></constituencyResult></constituencyResults>
<constituencyResults><constituencyResult seqNo="358"><consituencyId>5</consituencyId><constituencyName>Aberdeenshire West &amp; Kincardine</constituencyName><results><result><partyCode>LD  </partyCode><votes>19285</votes><share>46.30</share></result><result><partyCode>CON </partyCode><votes>11814</votes><share>28.40</share></result><result><partyCode>LAB </partyCode><votes>5470</votes><share>13.10</share></result><result><partyCode>SNP </partyCode><votes>4700</votes><share>11.30</share></result><result><partyCode>SSP </partyCode><votes>379</votes><share>0.90</share></result><result><partyCode>OTH</partyCode><votes>0</votes><share>0.00</share></result></results></constituencyResult></constituencyResults>
<constituencyResults><constituencyResult seqNo="359"><consituencyId>133</consituencyId><constituencyName>Carshalton &amp; Wallington</constituencyName><results><result><partyCode>LD  </partyCode><votes>16870</votes><share>40.40</share></result><result><partyCode>CON </partyCode><votes>15645</votes><share>37.50</share></result><result><partyCode>LAB </partyCode><votes>7234</votes><share>17.30</share></result><result><partyCode>UKIP</partyCode><votes>1111</votes><share>2.70</share></result><result><partyCode>GRN </partyCode><votes>908</votes><share>2.20</share></result><result><partyCode>OTH</partyCode><votes>0</votes><share>0.00</share></result></results></constituencyResult></constituencyResults>
<constituencyResults><constituencyResult seqNo="360"><consituencyId>166</consituencyId><constituencyName>Coventry North West</constituencyName><results><result><partyCode>LAB </partyCode><votes>20084</votes><share>48.00</share></result><result><partyCode>CON </partyCode><votes>11150</votes><share>26.60</share></result><result><partyCode>LD  </partyCode><votes>7702</votes><share>18.40</share></result><result><partyCode>OTH</partyCode><votes>2171</votes><share>5.20</share></result><result><partyCode>UKIP</partyCode><votes>737</votes><share>1.80</share></result></results></constituencyResult></constituencyResults>
<constituencyResults><constituencyResult seqNo="361"><consituencyId>141</consituencyId><constituencyName>Cheltenham</constituencyName><results><result><partyCode>LD  </partyCode><votes>18877</votes><share>39.40</share></result><result><partyCode>CON </partyCode><votes>18561</votes><share>38.70</share></result><result><partyCode>LAB </partyCode><votes>5652</votes><share>11.80</share></result><result><partyCode>OTH</partyCode><votes>3176</votes><share>6.60</share></result><result><partyCode>GRN </partyCode><votes>1030</votes><share>2.20</share></result><result><partyCode>UKIP</partyCode><votes>608</votes><share>1.30</share></result></results></constituencyResult></constituencyResults>
<constituencyResults><constituencyResult seqNo="362"><consituencyId>541</consituencyId><constituencyName>Stourbridge</constituencyName><results><result><partyCode>LAB </partyCode><votes>18469</votes><share>42.20</share></result><result><partyCode>CON </partyCode><votes>17189</votes><share>39.20</share></result><result><partyCode>LD  </partyCode><votes>6982</votes><share>15.90</share></result><result><partyCode>UKIP</partyCode><votes>1163</votes><share>2.70</share></result><result><partyCode>OTH</partyCode><votes>0</votes><share>0.00</share></result></results></constituencyResult></constituencyResults>
<constituencyResults><constituencyResult seqNo="363"><consituencyId>262</consituencyId><constituencyName>Glasgow Central</constituencyName><results><result><partyCode>LAB </partyCode><votes>13518</votes><share>48.20</share></result><result><partyCode>LD  </partyCode><votes>4987</votes><share>17.80</share></result><result><partyCode>SNP </partyCode><votes>4148</votes><share>14.80</share></result><result><partyCode>CON </partyCode><votes>1757</votes><share>6.30</share></result><result><partyCode>SGP </partyCode><votes>1372</votes><share>4.90</share></result><result><partyCode>OTH</partyCode><votes>1145</votes><share>4.10</share></result><result><partyCode>SSP </partyCode><votes>1110</votes><share>4.00</share></result><result><partyCode>BNP </partyCode><votes>671</votes><share>2.40</share></result><result><partyCode>SLP </partyCode><votes>255</votes><share>0.90</share></result><result><partyCode>OCV </partyCode><votes>139</votes><share>0.50</share></result><result><partyCode>CPB </partyCode><votes>80</votes><share>0.30</share></result></results></constituencyResult></constituencyResults>
<constituencyResults><constituencyResult seqNo="364"><consituencyId>182</consituencyId><constituencyName>Derby South</constituencyName><results><result><partyCode>LAB </partyCode><votes>21370</votes><share>53.20</share></result><result><partyCode>LD  </partyCode><votes>9715</votes><share>24.20</share></result><result><partyCode>CON </partyCode><votes>7946</votes><share>19.80</share></result><result><partyCode>OTH</partyCode><votes>608</votes><share>1.50</share></result><result><partyCode>UKIP</partyCode><votes>562</votes><share>1.40</share></result></results></constituencyResult></constituencyResults>
<constituencyResults><constituencyResult seqNo="365"><consituencyId>125</consituencyId><constituencyName>Canterbury</constituencyName><results><result><partyCode>CON </partyCode><votes>20590</votes><share>44.50</share></result><result><partyCode>LAB </partyCode><votes>13011</votes><share>28.10</share></result><result><partyCode>LD  </partyCode><votes>9935</votes><share>21.50</share></result><result><partyCode>GRN </partyCode><votes>1521</votes><share>3.30</share></result><result><partyCode>UKIP</partyCode><votes>902</votes><share>1.90</share></result><result><partyCode>OTH</partyCode><votes>326</votes><share>0.70</share></result></results></constituencyResult></constituencyResults>
<constituencyResults><constituencyResult seqNo="366"><consituencyId>623</consituencyId><constituencyName>Windsor</constituencyName><results><result><partyCode>CON </partyCode><votes>21284</votes><share>49.50</share></result><result><partyCode>LD  </partyCode><votes>11679</votes><share>27.10</share></result><result><partyCode>LAB </partyCode><votes>7722</votes><share>17.90</share></result><result><partyCode>UKIP</partyCode><votes>1154</votes><share>2.70</share></result><result><partyCode>GRN </partyCode><votes>1020</votes><share>2.40</share></result><result><partyCode>OTH</partyCode><votes>182</votes><share>0.40</share></result></results></constituencyResult></constituencyResults>
<constituencyResults><constituencyResult seqNo="367"><consituencyId>40</consituencyId><constituencyName>Beckenham</constituencyName><results><result><partyCode>CON </partyCode><votes>25002</votes><share>59.70</share></result><result><partyCode>LAB </partyCode><votes>8089</votes><share>19.30</share></result><result><partyCode>LD  </partyCode><votes>6748</votes><share>16.10</share></result><result><partyCode>UKIP</partyCode><votes>1189</votes><share>2.80</share></result><result><partyCode>OTH</partyCode><votes>836</votes><share>2.00</share></result></results></constituencyResult></constituencyResults>
<constituencyResults><constituencyResult seqNo="368"><consituencyId>229</consituencyId><constituencyName>Edinburgh North &amp; Leith</constituencyName><results><result><partyCode>LAB </partyCode><votes>14597</votes><share>34.20</share></result><result><partyCode>LD  </partyCode><votes>12444</votes><share>29.20</share></result><result><partyCode>CON </partyCode><votes>7969</votes><share>18.70</share></result><result><partyCode>SNP </partyCode><votes>4344</votes><share>10.20</share></result><result><partyCode>SGP </partyCode><votes>2482</votes><share>5.80</share></result><result><partyCode>SSP </partyCode><votes>804</votes><share>1.90</share></result><result><partyCode>OTH</partyCode><votes>0</votes><share>0.00</share></result></results></constituencyResult></constituencyResults>
<constituencyResults><constituencyResult seqNo="369"><consituencyId>169</consituencyId><constituencyName>Crewe &amp; Nantwich</constituencyName><results><result><partyCode>LAB </partyCode><votes>21860</votes><share>48.40</share></result><result><partyCode>CON </partyCode><votes>14861</votes><share>32.90</share></result><result><partyCode>LD  </partyCode><votes>8421</votes><share>18.70</share></result><result><partyCode>OTH</partyCode><votes>0</votes><share>0.00</share></result></results></constituencyResult></constituencyResults>
<constituencyResults><constituencyResult seqNo="370"><consituencyId>304</consituencyId><constituencyName>Hendon</constituencyName><results><result><partyCode>LAB </partyCode><votes>18101</votes><share>45.20</share></result><result><partyCode>CON </partyCode><votes>14870</votes><share>37.10</share></result><result><partyCode>LD  </partyCode><votes>5657</votes><share>14.10</share></result><result><partyCode>GRN </partyCode><votes>724</votes><share>1.80</share></result><result><partyCode>UKIP</partyCode><votes>611</votes><share>1.50</share></result><result><partyCode>OTH</partyCode><votes>124</votes><share>0.30</share></result></results></constituencyResult></constituencyResults>
<constituencyResults><constituencyResult seqNo="371"><consituencyId>185</consituencyId><constituencyName>Derbyshire North East</constituencyName><results><result><partyCode>LAB </partyCode><votes>20675</votes><share>48.20</share></result><result><partyCode>CON </partyCode><votes>11111</votes><share>25.90</share></result><result><partyCode>LD  </partyCode><votes>9206</votes><share>21.50</share></result><result><partyCode>UKIP</partyCode><votes>1871</votes><share>4.40</share></result><result><partyCode>OTH</partyCode><votes>0</votes><share>0.00</share></result></results></constituencyResult></constituencyResults>
<constituencyResults><constituencyResult seqNo="372"><consituencyId>510</consituencyId><constituencyName>Shrewsbury &amp; Atcham</constituencyName><results><result><partyCode>CON </partyCode><votes>18960</votes><share>37.70</share></result><result><partyCode>LAB </partyCode><votes>17152</votes><share>34.10</share></result><result><partyCode>LD  </partyCode><votes>11487</votes><share>22.80</share></result><result><partyCode>UKIP</partyCode><votes>1349</votes><share>2.70</share></result><result><partyCode>GRN </partyCode><votes>1138</votes><share>2.30</share></result><result><partyCode>OTH</partyCode><votes>210</votes><share>0.40</share></result></results></constituencyResult></constituencyResults>
<constituencyResults><constituencyResult seqNo="373"><consituencyId>357</consituencyId><constituencyName>Leicester South</constituencyName><results><result><partyCode>LAB </partyCode><votes>16702</votes><share>39.30</share></result><result><partyCode>LD  </partyCode><votes>12975</votes><share>30.60</share></result><result><partyCode>CON </partyCode><votes>7556</votes><share>17.80</share></result><result><partyCode>OTH</partyCode><votes>3824</votes><share>9.00</share></result><result><partyCode>GRN </partyCode><votes>1389</votes><share>3.30</share></result></results></constituencyResult></constituencyResults>
<constituencyResults><constituencyResult seqNo="374"><consituencyId>115</consituencyId><constituencyName>Caithness, Sutherland &amp; Easter Ross</constituencyName><results><result><partyCode>LD  </partyCode><votes>13957</votes><share>50.50</share></result><result><partyCode>LAB </partyCode><votes>5789</votes><share>20.90</share></result><result><partyCode>SNP </partyCode><votes>3686</votes><share>13.30</share></result><result><partyCode>CON </partyCode><votes>2835</votes><share>10.20</share></result><result><partyCode>OTH</partyCode><votes>848</votes><share>3.10</share></result><result><partyCode>IND</partyCode><votes>848</votes><share>3.10</share></result><result><partyCode>SSP </partyCode><votes>548</votes><share>2.00</share></result></results></constituencyResult></constituencyResults>
<constituencyResults><constituencyResult seqNo="375"><consituencyId>650</consituencyId><constituencyName>Yorkshire East</constituencyName><results><result><partyCode>CON </partyCode><votes>21410</votes><share>45.40</share></result><result><partyCode>LAB </partyCode><votes>15126</votes><share>32.10</share></result><result><partyCode>LD  </partyCode><votes>8938</votes><share>18.90</share></result><result><partyCode>UKIP</partyCode><votes>1721</votes><share>3.60</share></result><result><partyCode>OTH</partyCode><votes>0</votes><share>0.00</share></result></results></constituencyResult></constituencyResults>
<constituencyResults><constituencyResult seqNo="376"><consituencyId>418</consituencyId><constituencyName>Newport West</constituencyName><results><result><partyCode>LAB </partyCode><votes>16021</votes><share>44.80</share></result><result><partyCode>CON </partyCode><votes>10563</votes><share>29.60</share></result><result><partyCode>LD  </partyCode><votes>6398</votes><share>17.90</share></result><result><partyCode>PC  </partyCode><votes>1278</votes><share>3.60</share></result><result><partyCode>UKIP</partyCode><votes>848</votes><share>2.40</share></result><result><partyCode>GRN </partyCode><votes>540</votes><share>1.50</share></result><result><partyCode>OTH</partyCode><votes>84</votes><share>0.20</share></result><result><partyCode>ED  </partyCode></result></results></constituencyResult></constituencyResults>
<constituencyResults><constituencyResult seqNo="377"><consituencyId>527</consituencyId><constituencyName>Spelthorne</constituencyName><results><result><partyCode>CON </partyCode><votes>21620</votes><share>50.50</share></result><result><partyCode>LAB </partyCode><votes>11684</votes><share>27.30</share></result><result><partyCode>LD  </partyCode><votes>7318</votes><share>17.10</share></result><result><partyCode>UKIP</partyCode><votes>1968</votes><share>4.60</share></result><result><partyCode>OTH</partyCode><votes>239</votes><share>0.60</share></result></results></constituencyResult></constituencyResults>
<constituencyResults><constituencyResult seqNo="378"><consituencyId>561</consituencyId><constituencyName>Swindon South</constituencyName><results><result><partyCode>LAB </partyCode><votes>17227</votes><share>40.40</share></result><result><partyCode>CON </partyCode><votes>15734</votes><share>36.90</share></result><result><partyCode>LD  </partyCode><votes>7244</votes><share>17.00</share></result><result><partyCode>GRN </partyCode><votes>1234</votes><share>2.90</share></result><result><partyCode>UKIP</partyCode><votes>941</votes><share>2.20</share></result><result><partyCode>OTH</partyCode><votes>246</votes><share>0.60</share></result></results></constituencyResult></constituencyResults>
<constituencyResults><constituencyResult seqNo="379"><consituencyId>382</consituencyId><constituencyName>Macclesfield</constituencyName><results><result><partyCode>CON </partyCode><votes>22735</votes><share>49.60</share></result><result><partyCode>LAB </partyCode><votes>13271</votes><share>29.00</share></result><result><partyCode>LD  </partyCode><votes>8945</votes><share>19.50</share></result><result><partyCode>OTH</partyCode><votes>848</votes><share>1.90</share></result></results></constituencyResult></constituencyResults>
<constituencyResults><constituencyResult seqNo="380"><consituencyId>181</consituencyId><constituencyName>Derby North</constituencyName><results><result><partyCode>LAB </partyCode><votes>16420</votes><share>42.10</share></result><result><partyCode>LD  </partyCode><votes>10729</votes><share>27.50</share></result><result><partyCode>CON </partyCode><votes>10120</votes><share>25.90</share></result><result><partyCode>OTH</partyCode><votes>958</votes><share>2.50</share></result><result><partyCode>UKIP</partyCode><votes>805</votes><share>2.10</share></result></results></constituencyResult></constituencyResults>
<constituencyResults><constituencyResult seqNo="381"><consituencyId>107</consituencyId><constituencyName>Broxtowe</constituencyName><results><result><partyCode>LAB </partyCode><votes>20089</votes><share>41.70</share></result><result><partyCode>CON </partyCode><votes>17950</votes><share>37.30</share></result><result><partyCode>LD  </partyCode><votes>7756</votes><share>16.10</share></result><result><partyCode>GRN </partyCode><votes>896</votes><share>1.90</share></result><result><partyCode>OTH</partyCode><votes>760</votes><share>1.60</share></result><result><partyCode>UKIP</partyCode><votes>695</votes><share>1.40</share></result></results></constituencyResult></constituencyResults>
<constituencyResults><constituencyResult seqNo="382"><consituencyId>582</consituencyId><constituencyName>Tynemouth</constituencyName><results><result><partyCode>LAB </partyCode><votes>22752</votes><share>48.30</share></result><result><partyCode>CON </partyCode><votes>17262</votes><share>36.60</share></result><result><partyCode>LD  </partyCode><votes>7109</votes><share>15.10</share></result><result><partyCode>OTH</partyCode><votes>0</votes><share>0.00</share></result></results></constituencyResult></constituencyResults>
<constituencyResults><constituencyResult seqNo="383"><consituencyId>167</consituencyId><constituencyName>Coventry South</constituencyName><results><result><partyCode>LAB </partyCode><votes>18826</votes><share>45.80</share></result><result><partyCode>CON </partyCode><votes>12589</votes><share>30.60</share></result><result><partyCode>LD  </partyCode><votes>7229</votes><share>17.60</share></result><result><partyCode>OTH</partyCode><votes>1585</votes><share>3.90</share></result><result><partyCode>UKIP</partyCode><votes>846</votes><share>2.10</share></result></results></constituencyResult></constituencyResults>
<constituencyResults><constituencyResult seqNo="384"><consituencyId>335</consituencyId><constituencyName>Islington South &amp; Finsbury</constituencyName><results><result><partyCode>LAB </partyCode><votes>12345</votes><share>39.90</share></result><result><partyCode>LD  </partyCode><votes>11861</votes><share>38.30</share></result><result><partyCode>CON </partyCode><votes>4594</votes><share>14.80</share></result><result><partyCode>GRN </partyCode><votes>1471</votes><share>4.80</share></result><result><partyCode>UKIP</partyCode><votes>470</votes><share>1.50</share></result><result><partyCode>OTH</partyCode><votes>220</votes><share>0.70</share></result></results></constituencyResult></constituencyResults>
<constituencyResults><constituencyResult seqNo="385"><consituencyId>384</consituencyId><constituencyName>Maidstone &amp; The Weald</constituencyName><results><result><partyCode>CON </partyCode><votes>23088</votes><share>51.80</share></result><result><partyCode>LD  </partyCode><votes>10166</votes><share>22.80</share></result><result><partyCode>LAB </partyCode><votes>9983</votes><share>22.40</share></result><result><partyCode>UKIP</partyCode><votes>1343</votes><share>3.00</share></result><result><partyCode>OTH</partyCode><votes>0</votes><share>0.00</share></result></results></constituencyResult></constituencyResults>
<constituencyResults><constituencyResult seqNo="386"><consituencyId>234</consituencyId><constituencyName>Ellesmere Port &amp; Neston</constituencyName><results><result><partyCode>LAB </partyCode><votes>20449</votes><share>48.70</share></result><result><partyCode>CON </partyCode><votes>13736</votes><share>32.70</share></result><result><partyCode>LD  </partyCode><votes>6600</votes><share>15.70</share></result><result><partyCode>UKIP</partyCode><votes>1201</votes><share>2.90</share></result><result><partyCode>OTH</partyCode><votes>0</votes><share>0.00</share></result></results></constituencyResult></constituencyResults>
<constituencyResults><constituencyResult seqNo="387"><consituencyId>644</consituencyId><constituencyName>Wyre Forest</constituencyName><results><result><partyCode>IKHH</partyCode><votes>18739</votes><share>38.60</share></result><result><partyCode>CON </partyCode><votes>14126</votes><share>29.10</share></result><result><partyCode>LAB </partyCode><votes>10944</votes><share>22.60</share></result><result><partyCode>OTH</partyCode><votes>2969</votes><share>6.10</share></result><result><partyCode>UKIP</partyCode><votes>1121</votes><share>2.30</share></result><result><partyCode>LD  </partyCode><votes>607</votes><share>1.30</share></result></results></constituencyResult></constituencyResults>
<constituencyResults><constituencyResult seqNo="388"><consituencyId>436</consituencyId><constituencyName>Ochil &amp; South Perthshire</constituencyName><results><result><partyCode>LAB </partyCode><votes>14645</votes><share>31.40</share></result><result><partyCode>SNP </partyCode><votes>13957</votes><share>29.90</share></result><result><partyCode>CON </partyCode><votes>10021</votes><share>21.50</share></result><result><partyCode>LD  </partyCode><votes>6218</votes><share>13.30</share></result><result><partyCode>SGP </partyCode><votes>978</votes><share>2.10</share></result><result><partyCode>SSP </partyCode><votes>420</votes><share>0.90</share></result><result><partyCode>UKIP</partyCode><votes>275</votes><share>0.60</share></result><result><partyCode>FSP </partyCode><votes>183</votes><share>0.40</share></result><result><partyCode>OTH</partyCode><votes>183</votes><share>0.40</share></result></results></constituencyResult></constituencyResults>
<constituencyResults><constituencyResult seqNo="389"><consituencyId>219</consituencyId><constituencyName>Ealing North</constituencyName><results><result><partyCode>LAB </partyCode><votes>20483</votes><share>46.90</share></result><result><partyCode>CON </partyCode><votes>12357</votes><share>28.30</share></result><result><partyCode>LD  </partyCode><votes>8390</votes><share>19.20</share></result><result><partyCode>GRN </partyCode><votes>1242</votes><share>2.80</share></result><result><partyCode>UKIP</partyCode><votes>692</votes><share>1.60</share></result><result><partyCode>OTH</partyCode><votes>495</votes><share>1.10</share></result></results></constituencyResult></constituencyResults>
<constituencyResults><constituencyResult seqNo="390"><consituencyId>552</consituencyId><constituencyName>Surrey East</constituencyName><results><result><partyCode>CON </partyCode><votes>27659</votes><share>56.20</share></result><result><partyCode>LD  </partyCode><votes>11738</votes><share>23.80</share></result><result><partyCode>LAB </partyCode><votes>7288</votes><share>14.80</share></result><result><partyCode>UKIP</partyCode><votes>2158</votes><share>4.40</share></result><result><partyCode>OTH</partyCode><votes>410</votes><share>0.80</share></result></results></constituencyResult></constituencyResults>
<constituencyResults><constituencyResult seqNo="391"><consituencyId>602</consituencyId><constituencyName>Warwickshire North</constituencyName><results><result><partyCode>LAB </partyCode><votes>20735</votes><share>47.40</share></result><result><partyCode>CON </partyCode><votes>14051</votes><share>32.10</share></result><result><partyCode>LD  </partyCode><votes>5923</votes><share>13.50</share></result><result><partyCode>OTH</partyCode><votes>1910</votes><share>4.40</share></result><result><partyCode>UKIP</partyCode><votes>1155</votes><share>2.60</share></result></results></constituencyResult></constituencyResults>
<constituencyResults><constituencyResult seqNo="392"><consituencyId>237</consituencyId><constituencyName>Enfield North</constituencyName><results><result><partyCode>CON </partyCode><votes>17167</votes><share>43.10</share></result><result><partyCode>LAB </partyCode><votes>16230</votes><share>40.80</share></result><result><partyCode>LD  </partyCode><votes>4548</votes><share>11.40</share></result><result><partyCode>OTH</partyCode><votes>1167</votes><share>2.90</share></result><result><partyCode>UKIP</partyCode><votes>711</votes><share>1.80</share></result></results></constituencyResult></constituencyResults>
<constituencyResults><constituencyResult seqNo="393"><consituencyId>486</consituencyId><constituencyName>Rushcliffe</constituencyName><results><result><partyCode>CON </partyCode><votes>23156</votes><share>48.00</share></result><result><partyCode>LAB </partyCode><votes>13224</votes><share>27.40</share></result><result><partyCode>LD  </partyCode><votes>8351</votes><share>17.30</share></result><result><partyCode>GRN </partyCode><votes>1692</votes><share>3.50</share></result><result><partyCode>UKIP</partyCode><votes>1175</votes><share>2.40</share></result><result><partyCode>OTH</partyCode><votes>624</votes><share>1.30</share></result></results></constituencyResult></constituencyResults>
<constituencyResults><constituencyResult seqNo="394"><consituencyId>401</consituencyId><constituencyName>Monmouth</constituencyName><results><result><partyCode>CON </partyCode><votes>21396</votes><share>46.90</share></result><result><partyCode>LAB </partyCode><votes>16869</votes><share>37.00</share></result><result><partyCode>LD  </partyCode><votes>5852</votes><share>12.80</share></result><result><partyCode>PC  </partyCode><votes>993</votes><share>2.20</share></result><result><partyCode>UKIP</partyCode><votes>543</votes><share>1.20</share></result><result><partyCode>OTH</partyCode><votes>0</votes><share>0.00</share></result><result><partyCode>ED  </partyCode></result></results></constituencyResult></constituencyResults>
<constituencyResults><constituencyResult seqNo="395"><consituencyId>395</consituencyId><constituencyName>Middlesbrough South &amp; Cleveland East</constituencyName><results><result><partyCode>LAB </partyCode><votes>22021</votes><share>50.30</share></result><result><partyCode>CON </partyCode><votes>13925</votes><share>31.80</share></result><result><partyCode>LD  </partyCode><votes>6034</votes><share>13.80</share></result><result><partyCode>OTH</partyCode><votes>1099</votes><share>2.50</share></result><result><partyCode>UKIP</partyCode><votes>658</votes><share>1.50</share></result></results></constituencyResult></constituencyResults>
<constituencyResults><constituencyResult seqNo="396"><consituencyId>127</consituencyId><constituencyName>Cardiff North</constituencyName><results><result><partyCode>LAB </partyCode><votes>17707</votes><share>39.00</share></result><result><partyCode>CON </partyCode><votes>16561</votes><share>36.50</share></result><result><partyCode>LD  </partyCode><votes>8483</votes><share>18.70</share></result><result><partyCode>PC  </partyCode><votes>1936</votes><share>4.30</share></result><result><partyCode>UKIP</partyCode><votes>534</votes><share>1.20</share></result><result><partyCode>OTH</partyCode><votes>139</votes><share>0.30</share></result></results></constituencyResult></constituencyResults>
<constituencyResults><constituencyResult seqNo="397"><consituencyId>207</consituencyId><constituencyName>Dumfries &amp; Galloway</constituencyName><results><result><partyCode>LAB </partyCode><votes>20924</votes><share>41.10</share></result><result><partyCode>CON </partyCode><votes>18002</votes><share>35.40</share></result><result><partyCode>SNP </partyCode><votes>6182</votes><share>12.10</share></result><result><partyCode>LD  </partyCode><votes>4259</votes><share>8.40</share></result><result><partyCode>SGP </partyCode><votes>745</votes><share>1.50</share></result><result><partyCode>SSP </partyCode><votes>497</votes><share>1.00</share></result><result><partyCode>OTH</partyCode><votes>282</votes><share>0.60</share></result><result><partyCode>OCV </partyCode><votes>282</votes><share>0.60</share></result></results></constituencyResult></constituencyResults>
<constituencyResults><constituencyResult seqNo="398"><consituencyId>43</consituencyId><constituencyName>Bedfordshire North East</constituencyName><results><result><partyCode>CON </partyCode><votes>24592</votes><share>49.90</share></result><result><partyCode>LAB </partyCode><votes>12464</votes><share>25.30</share></result><result><partyCode>LD  </partyCode><votes>10295</votes><share>20.90</share></result><result><partyCode>UKIP</partyCode><votes>1966</votes><share>4.00</share></result><result><partyCode>OTH</partyCode><votes>0</votes><share>0.00</share></result></results></constituencyResult></constituencyResults>
<constituencyResults><constituencyResult seqNo="399"><consituencyId>381</consituencyId><constituencyName>Luton South</constituencyName><results><result><partyCode>LAB </partyCode><votes>16577</votes><share>42.80</share></result><result><partyCode>CON </partyCode><votes>10879</votes><share>28.10</share></result><result><partyCode>LD  </partyCode><votes>8729</votes><share>22.50</share></result><result><partyCode>UKIP</partyCode><votes>953</votes><share>2.50</share></result><result><partyCode>OTH</partyCode><votes>820</votes><share>2.10</share></result><result><partyCode>GRN </partyCode><votes>790</votes><share>2.00</share></result></results></constituencyResult></constituencyResults>
<constituencyResults><constituencyResult seqNo="400"><consituencyId>97</consituencyId><constituencyName>Brighton Kemptown</constituencyName><results><result><partyCode>LAB </partyCode><votes>14939</votes><share>39.00</share></result><result><partyCode>CON </partyCode><votes>13086</votes><share>34.10</share></result><result><partyCode>LD  </partyCode><votes>6482</votes><share>16.90</share></result><result><partyCode>GRN </partyCode><votes>2506</votes><share>6.50</share></result><result><partyCode>UKIP</partyCode><votes>726</votes><share>1.90</share></result><result><partyCode>OTH</partyCode><votes>599</votes><share>1.60</share></result></results></constituencyResult></constituencyResults>
<constituencyResults><constituencyResult seqNo="401"><consituencyId>256</consituencyId><constituencyName>Fylde</constituencyName><results><result><partyCode>CON </partyCode><votes>21053</votes><share>54.30</share></result><result><partyCode>LAB </partyCode><votes>9936</votes><share>25.60</share></result><result><partyCode>LD  </partyCode><votes>6137</votes><share>15.80</share></result><result><partyCode>OTH</partyCode><votes>1647</votes><share>4.20</share></result></results></constituencyResult></constituencyResults>
<constituencyResults><constituencyResult seqNo="402"><consituencyId>363</consituencyId><constituencyName>Lewisham Deptford</constituencyName><results><result><partyCode>LAB </partyCode><votes>19245</votes><share>55.40</share></result><result><partyCode>LD  </partyCode><votes>6233</votes><share>17.90</share></result><result><partyCode>CON </partyCode><votes>4413</votes><share>12.70</share></result><result><partyCode>GRN </partyCode><votes>3501</votes><share>10.10</share></result><result><partyCode>OTH</partyCode><votes>742</votes><share>2.10</share></result><result><partyCode>UKIP</partyCode><votes>626</votes><share>1.80</share></result></results></constituencyResult></constituencyResults>
<constituencyResults><constituencyResult seqNo="403"><consituencyId>519</consituencyId><constituencyName>Somerton &amp; Frome</constituencyName><results><result><partyCode>LD  </partyCode><votes>23341</votes><share>43.80</share></result><result><partyCode>CON </partyCode><votes>22746</votes><share>42.60</share></result><result><partyCode>LAB </partyCode><votes>5775</votes><share>10.80</share></result><result><partyCode>UKIP</partyCode><votes>1004</votes><share>1.90</share></result><result><partyCode>OTH</partyCode><votes>484</votes><share>0.90</share></result></results></constituencyResult></constituencyResults>
<constituencyResults><constituencyResult seqNo="404"><consituencyId>231</consituencyId><constituencyName>Edinburgh South West</constituencyName><results><result><partyCode>LAB </partyCode><votes>17476</votes><share>39.80</share></result><result><partyCode>CON </partyCode><votes>10234</votes><share>23.30</share></result><result><partyCode>LD  </partyCode><votes>9252</votes><share>21.10</share></result><result><partyCode>SNP </partyCode><votes>4654</votes><share>10.60</share></result><result><partyCode>SGP </partyCode><votes>1520</votes><share>3.50</share></result><result><partyCode>SSP </partyCode><votes>585</votes><share>1.30</share></result><result><partyCode>UKIP</partyCode><votes>205</votes><share>0.50</share></result><result><partyCode>OTH</partyCode><votes>0</votes><share>0.00</share></result></results></constituencyResult></constituencyResults>
<constituencyResults><constituencyResult seqNo="405"><consituencyId>104</consituencyId><constituencyName>Bromley &amp; Chislehurst</constituencyName><results><result><partyCode>CON </partyCode><votes>18024</votes><share>45.00</share></result><result><partyCode>LAB </partyCode><votes>9788</votes><share>24.40</share></result><result><partyCode>LD  </partyCode><votes>9494</votes><share>23.70</share></result><result><partyCode>GRN </partyCode><votes>1470</votes><share>3.70</share></result><result><partyCode>UKIP</partyCode><votes>1269</votes><share>3.20</share></result><result><partyCode>OTH</partyCode><votes>0</votes><share>0.00</share></result><result><partyCode>MRLP</partyCode></result><result><partyCode>ED  </partyCode></result><result><partyCode>MRP </partyCode></result><result><partyCode>NF  </partyCode></result><result><partyCode>IND</partyCode></result></results></constituencyResult></constituencyResults>
<constituencyResults><constituencyResult seqNo="406"><consituencyId>636</consituencyId><constituencyName>Workington</constituencyName><results><result><partyCode>LAB </partyCode><votes>18622</votes><share>52.00</share></result><result><partyCode>CON </partyCode><votes>10396</votes><share>29.00</share></result><result><partyCode>LD  </partyCode><votes>5170</votes><share>14.40</share></result><result><partyCode>UKIP</partyCode><votes>1245</votes><share>3.50</share></result><result><partyCode>OTH</partyCode><votes>381</votes><share>1.10</share></result></results></constituencyResult></constituencyResults>
<constituencyResults><constituencyResult seqNo="407"><consituencyId>354</consituencyId><constituencyName>Leeds North West</constituencyName><results><result><partyCode>LD  </partyCode><votes>15328</votes><share>36.90</share></result><result><partyCode>LAB </partyCode><votes>13264</votes><share>31.90</share></result><result><partyCode>CON </partyCode><votes>11151</votes><share>26.80</share></result><result><partyCode>GRN </partyCode><votes>1103</votes><share>2.70</share></result><result><partyCode>OTH</partyCode><votes>726</votes><share>1.70</share></result></results></constituencyResult></constituencyResults>
<constituencyResults><constituencyResult seqNo="408"><consituencyId>171</consituencyId><constituencyName>Croydon North</constituencyName><results><result><partyCode>LAB </partyCode><votes>24251</votes><share>53.60</share></result><result><partyCode>CON </partyCode><votes>10066</votes><share>22.30</share></result><result><partyCode>LD  </partyCode><votes>7788</votes><share>17.20</share></result><result><partyCode>GRN </partyCode><votes>1275</votes><share>2.80</share></result><result><partyCode>OTH</partyCode><votes>1047</votes><share>2.30</share></result><result><partyCode>UKIP</partyCode><votes>798</votes><share>1.80</share></result></results></constituencyResult></constituencyResults>
<constituencyResults><constituencyResult seqNo="409"><consituencyId>302</consituencyId><constituencyName>Hemel Hempstead</constituencyName><results><result><partyCode>CON </partyCode><votes>18567</votes><share>40.10</share></result><result><partyCode>LAB </partyCode><votes>18399</votes><share>39.80</share></result><result><partyCode>LD  </partyCode><votes>7823</votes><share>16.90</share></result><result><partyCode>UKIP</partyCode><votes>1492</votes><share>3.20</share></result><result><partyCode>OTH</partyCode><votes>0</votes><share>0.00</share></result></results></constituencyResult></constituencyResults>
<constituencyResults><constituencyResult seqNo="410"><consituencyId>236</consituencyId><constituencyName>Eltham</constituencyName><results><result><partyCode>LAB </partyCode><votes>16135</votes><share>42.20</share></result><result><partyCode>CON </partyCode><votes>13231</votes><share>34.60</share></result><result><partyCode>LD  </partyCode><votes>6636</votes><share>17.40</share></result><result><partyCode>OTH</partyCode><votes>1126</votes><share>2.90</share></result><result><partyCode>UKIP</partyCode><votes>1067</votes><share>2.80</share></result></results></constituencyResult></constituencyResults>
<constituencyResults><constituencyResult seqNo="411"><consituencyId>364</consituencyId><constituencyName>Lewisham East</constituencyName><results><result><partyCode>LAB </partyCode><votes>17897</votes><share>47.60</share></result><result><partyCode>CON </partyCode><votes>9139</votes><share>24.30</share></result><result><partyCode>LD  </partyCode><votes>7482</votes><share>19.90</share></result><result><partyCode>GRN </partyCode><votes>1591</votes><share>4.20</share></result><result><partyCode>UKIP</partyCode><votes>844</votes><share>2.20</share></result><result><partyCode>OTH</partyCode><votes>625</votes><share>1.70</share></result></results></constituencyResult></constituencyResults>
<constituencyResults><constituencyResult seqNo="412"><consituencyId>149</consituencyId><constituencyName>Chorley</constituencyName><results><result><partyCode>LAB </partyCode><votes>22568</votes><share>50.80</share></result><result><partyCode>CON </partyCode><votes>15283</votes><share>34.40</share></result><result><partyCode>LD  </partyCode><votes>6537</votes><share>14.70</share></result><result><partyCode>OTH</partyCode><votes>0</votes><share>0.00</share></result></results></constituencyResult></constituencyResults>
<constituencyResults><constituencyResult seqNo="413"><consituencyId>74</consituencyId><constituencyName>Bognor Regis &amp; Littlehampton</constituencyName><results><result><partyCode>CON </partyCode><votes>19309</votes><share>45.20</share></result><result><partyCode>LAB </partyCode><votes>10692</votes><share>25.00</share></result><result><partyCode>LD  </partyCode><votes>9357</votes><share>21.90</share></result><result><partyCode>UKIP</partyCode><votes>3408</votes><share>8.00</share></result><result><partyCode>OTH</partyCode><votes>0</votes><share>0.00</share></result></results></constituencyResult></constituencyResults>
<constituencyResults><constituencyResult seqNo="414"><consituencyId>289</consituencyId><constituencyName>Hampshire North West</constituencyName><results><result><partyCode>CON </partyCode><votes>25079</votes><share>50.50</share></result><result><partyCode>LD  </partyCode><votes>12396</votes><share>25.00</share></result><result><partyCode>LAB </partyCode><votes>10357</votes><share>20.80</share></result><result><partyCode>UKIP</partyCode><votes>1851</votes><share>3.70</share></result><result><partyCode>OTH</partyCode><votes>0</votes><share>0.00</share></result></results></constituencyResult></constituencyResults>
<constituencyResults><constituencyResult seqNo="415"><consituencyId>279</consituencyId><constituencyName>Guildford</constituencyName><results><result><partyCode>CON </partyCode><votes>22112</votes><share>43.40</share></result><result><partyCode>LD  </partyCode><votes>22023</votes><share>43.30</share></result><result><partyCode>LAB </partyCode><votes>5033</votes><share>9.90</share></result><result><partyCode>GRN </partyCode><votes>811</votes><share>1.60</share></result><result><partyCode>UKIP</partyCode><votes>636</votes><share>1.20</share></result><result><partyCode>OTH</partyCode><votes>278</votes><share>0.50</share></result></results></constituencyResult></constituencyResults>
<constituencyResults><constituencyResult seqNo="416"><consituencyId>617</consituencyId><constituencyName>Weston-Super-Mare</constituencyName><results><result><partyCode>CON </partyCode><votes>19760</votes><share>40.30</share></result><result><partyCode>LD  </partyCode><votes>17672</votes><share>36.10</share></result><result><partyCode>LAB </partyCode><votes>9151</votes><share>18.70</share></result><result><partyCode>UKIP</partyCode><votes>1204</votes><share>2.50</share></result><result><partyCode>OTH</partyCode><votes>1190</votes><share>2.40</share></result></results></constituencyResult></constituencyResults>
<constituencyResults><constituencyResult seqNo="417"><consituencyId>247</consituencyId><constituencyName>Faversham &amp; Kent Mid</constituencyName><results><result><partyCode>CON </partyCode><votes>21295</votes><share>50.10</share></result><result><partyCode>LAB </partyCode><votes>12368</votes><share>29.10</share></result><result><partyCode>LD  </partyCode><votes>7119</votes><share>16.70</share></result><result><partyCode>UKIP</partyCode><votes>1124</votes><share>2.60</share></result><result><partyCode>OTH</partyCode><votes>610</votes><share>1.40</share></result></results></constituencyResult></constituencyResults>
<constituencyResults><constituencyResult seqNo="418"><consituencyId>628</consituencyId><constituencyName>Woking</constituencyName><results><result><partyCode>CON </partyCode><votes>21838</votes><share>47.40</share></result><result><partyCode>LD  </partyCode><votes>15226</votes><share>33.10</share></result><result><partyCode>LAB </partyCode><votes>7507</votes><share>16.30</share></result><result><partyCode>UKIP</partyCode><votes>1324</votes><share>2.90</share></result><result><partyCode>OTH</partyCode><votes>150</votes><share>0.30</share></result></results></constituencyResult></constituencyResults>
<constituencyResults><constituencyResult seqNo="419"><consituencyId>554</consituencyId><constituencyName>Surrey South West</constituencyName><results><result><partyCode>CON </partyCode><votes>26903</votes><share>50.60</share></result><result><partyCode>LD  </partyCode><votes>20934</votes><share>39.40</share></result><result><partyCode>LAB </partyCode><votes>4171</votes><share>7.80</share></result><result><partyCode>UKIP</partyCode><votes>967</votes><share>1.80</share></result><result><partyCode>OTH</partyCode><votes>172</votes><share>0.30</share></result></results></constituencyResult></constituencyResults>
<constituencyResults><constituencyResult seqNo="420"><consituencyId>265</consituencyId><constituencyName>Glasgow North East</constituencyName><results><result><partyCode>LAB </partyCode><votes>15153</votes><share>53.30</share></result><result><partyCode>OTH</partyCode><votes>6844</votes><share>24.10</share></result><result><partyCode>SNP </partyCode><votes>5019</votes><share>17.70</share></result><result><partyCode>SLP </partyCode><votes>4036</votes><share>14.20</share></result><result><partyCode>SSP </partyCode><votes>1402</votes><share>4.90</share></result><result><partyCode>SUP </partyCode><votes>1266</votes><share>4.50</share></result><result><partyCode>BNP </partyCode><votes>920</votes><share>3.20</share></result><result><partyCode>IND</partyCode><votes>622</votes><share>2.20</share></result></results></constituencyResult></constituencyResults>
<constituencyResults><constituencyResult seqNo="421"><consituencyId>230</consituencyId><constituencyName>Edinburgh South</constituencyName><results><result><partyCode>LAB </partyCode><votes>14183</votes><share>33.20</share></result><result><partyCode>LD  </partyCode><votes>13783</votes><share>32.30</share></result><result><partyCode>CON </partyCode><votes>10291</votes><share>24.10</share></result><result><partyCode>SNP </partyCode><votes>2635</votes><share>6.20</share></result><result><partyCode>SGP </partyCode><votes>1387</votes><share>3.20</share></result><result><partyCode>SSP </partyCode><votes>414</votes><share>1.00</share></result><result><partyCode>OTH</partyCode><votes>0</votes><share>0.00</share></result></results></constituencyResult></constituencyResults>
<constituencyResults><constituencyResult seqNo="422"><consituencyId>299</consituencyId><constituencyName>Havant</constituencyName><results><result><partyCode>CON </partyCode><votes>18192</votes><share>44.30</share></result><result><partyCode>LAB </partyCode><votes>11797</votes><share>28.70</share></result><result><partyCode>LD  </partyCode><votes>8293</votes><share>20.20</share></result><result><partyCode>GRN </partyCode><votes>1006</votes><share>2.50</share></result><result><partyCode>UKIP</partyCode><votes>991</votes><share>2.40</share></result><result><partyCode>OTH</partyCode><votes>757</votes><share>1.80</share></result></results></constituencyResult></constituencyResults>
<constituencyResults><constituencyResult seqNo="423"><consituencyId>42</consituencyId><constituencyName>Bedfordshire Mid</constituencyName><results><result><partyCode>CON </partyCode><votes>23408</votes><share>46.60</share></result><result><partyCode>LD  </partyCode><votes>11815</votes><share>23.50</share></result><result><partyCode>LAB </partyCode><votes>11261</votes><share>22.40</share></result><result><partyCode>UKIP</partyCode><votes>1376</votes><share>2.70</share></result><result><partyCode>GRN </partyCode><votes>1292</votes><share>2.60</share></result><result><partyCode>OTH</partyCode><votes>1070</votes><share>2.10</share></result></results></constituencyResult></constituencyResults>
<constituencyResults><constituencyResult seqNo="424"><consituencyId>134</consituencyId><constituencyName>Castle Point</constituencyName><results><result><partyCode>CON </partyCode><votes>22118</votes><share>48.30</share></result><result><partyCode>LAB </partyCode><votes>13917</votes><share>30.40</share></result><result><partyCode>LD  </partyCode><votes>4719</votes><share>10.30</share></result><result><partyCode>UKIP</partyCode><votes>3431</votes><share>7.50</share></result><result><partyCode>GRN </partyCode><votes>1617</votes><share>3.50</share></result><result><partyCode>OTH</partyCode><votes>0</votes><share>0.00</share></result></results></constituencyResult></constituencyResults>
<constituencyResults><constituencyResult seqNo="425"><consituencyId>233</consituencyId><constituencyName>Edmonton</constituencyName><results><result><partyCode>LAB </partyCode><votes>20357</votes><share>55.90</share></result><result><partyCode>CON </partyCode><votes>10045</votes><share>27.60</share></result><result><partyCode>LD  </partyCode><votes>4369</votes><share>12.00</share></result><result><partyCode>UKIP</partyCode><votes>818</votes><share>2.20</share></result><result><partyCode>GRN </partyCode><votes>817</votes><share>2.20</share></result><result><partyCode>OTH</partyCode><votes>0</votes><share>0.00</share></result></results></constituencyResult></constituencyResults>
<constituencyResults><constituencyResult seqNo="426"><consituencyId>225</consituencyId><constituencyName>Eastbourne</constituencyName><results><result><partyCode>CON </partyCode><votes>20594</votes><share>43.10</share></result><result><partyCode>LD  </partyCode><votes>19922</votes><share>41.70</share></result><result><partyCode>LAB </partyCode><votes>5142</votes><share>10.80</share></result><result><partyCode>UKIP</partyCode><votes>1221</votes><share>2.60</share></result><result><partyCode>GRN </partyCode><votes>943</votes><share>2.00</share></result><result><partyCode>OTH</partyCode><votes>0</votes><share>0.00</share></result></results></constituencyResult></constituencyResults>
<constituencyResults><constituencyResult seqNo="427"><consituencyId>96</consituencyId><constituencyName>Brigg &amp; Goole</constituencyName><results><result><partyCode>LAB </partyCode><votes>18795</votes><share>45.80</share></result><result><partyCode>CON </partyCode><votes>15578</votes><share>38.00</share></result><result><partyCode>LD  </partyCode><votes>5411</votes><share>13.20</share></result><result><partyCode>UKIP</partyCode><votes>1226</votes><share>3.00</share></result><result><partyCode>OTH</partyCode><votes>0</votes><share>0.00</share></result></results></constituencyResult></constituencyResults>
<constituencyResults><constituencyResult seqNo="428"><consituencyId>303</consituencyId><constituencyName>Hemsworth</constituencyName><results><result><partyCode>LAB </partyCode><votes>22542</votes><share>58.70</share></result><result><partyCode>CON </partyCode><votes>8516</votes><share>22.20</share></result><result><partyCode>LD  </partyCode><votes>6034</votes><share>15.70</share></result><result><partyCode>OTH</partyCode><votes>1329</votes><share>3.50</share></result></results></constituencyResult></constituencyResults>
<constituencyResults><constituencyResult seqNo="429"><consituencyId>69</consituencyId><constituencyName>Blackpool North &amp; Cleveleys</constituencyName><results><result><partyCode>LAB </partyCode><votes>17470</votes><share>45.70</share></result><result><partyCode>CON </partyCode><votes>14229</votes><share>37.20</share></result><result><partyCode>LD  </partyCode><votes>5222</votes><share>13.70</share></result><result><partyCode>UKIP</partyCode><votes>1278</votes><share>3.30</share></result><result><partyCode>OTH</partyCode><votes>0</votes><share>0.00</share></result></results></constituencyResult></constituencyResults>
<constituencyResults><constituencyResult seqNo="430"><consituencyId>121</consituencyId><constituencyName>Cambridgeshire North West</constituencyName><results><result><partyCode>CON </partyCode><votes>24491</votes><share>46.20</share></result><result><partyCode>LAB </partyCode><votes>13566</votes><share>25.60</share></result><result><partyCode>LD  </partyCode><votes>12128</votes><share>22.90</share></result><result><partyCode>UKIP</partyCode><votes>2805</votes><share>5.30</share></result><result><partyCode>OTH</partyCode><votes>0</votes><share>0.00</share></result></results></constituencyResult></constituencyResults>
<constituencyResults><constituencyResult seqNo="431"><consituencyId>105</consituencyId><constituencyName>Bromsgrove</constituencyName><results><result><partyCode>CON </partyCode><votes>24387</votes><share>51.00</share></result><result><partyCode>LAB </partyCode><votes>14307</votes><share>29.90</share></result><result><partyCode>LD  </partyCode><votes>7197</votes><share>15.10</share></result><result><partyCode>UKIP</partyCode><votes>1919</votes><share>4.00</share></result><result><partyCode>OTH</partyCode><votes>0</votes><share>0.00</share></result></results></constituencyResult></constituencyResults>
<constituencyResults><constituencyResult seqNo="432"><consituencyId>555</consituencyId><constituencyName>Sussex Mid</constituencyName><results><result><partyCode>CON </partyCode><votes>24715</votes><share>48.30</share></result><result><partyCode>LD  </partyCode><votes>18253</votes><share>35.60</share></result><result><partyCode>LAB </partyCode><votes>6567</votes><share>12.80</share></result><result><partyCode>UKIP</partyCode><votes>1683</votes><share>3.30</share></result><result><partyCode>OTH</partyCode><votes>0</votes><share>0.00</share></result></results></constituencyResult></constituencyResults>
<constituencyResults><constituencyResult seqNo="433"><consituencyId>563</consituencyId><constituencyName>Tatton</constituencyName><results><result><partyCode>CON </partyCode><votes>21415</votes><share>51.50</share></result><result><partyCode>LAB </partyCode><votes>9878</votes><share>23.70</share></result><result><partyCode>LD  </partyCode><votes>9066</votes><share>21.80</share></result><result><partyCode>UKIP</partyCode><votes>1006</votes><share>2.40</share></result><result><partyCode>OTH</partyCode><votes>239</votes><share>0.60</share></result></results></constituencyResult></constituencyResults>
<constituencyResults><constituencyResult seqNo="434"><consituencyId>573</consituencyId><constituencyName>Tonbridge &amp; Malling</constituencyName><results><result><partyCode>CON </partyCode><votes>24357</votes><share>52.80</share></result><result><partyCode>LAB </partyCode><votes>11005</votes><share>23.80</share></result><result><partyCode>LD  </partyCode><votes>8980</votes><share>19.50</share></result><result><partyCode>UKIP</partyCode><votes>1806</votes><share>3.90</share></result><result><partyCode>OTH</partyCode><votes>0</votes><share>0.00</share></result></results></constituencyResult></constituencyResults>
<constituencyResults><constituencyResult seqNo="435"><consituencyId>640</consituencyId><constituencyName>Wrekin, The</constituencyName><results><result><partyCode>CON </partyCode><votes>17531</votes><share>42.10</share></result><result><partyCode>LAB </partyCode><votes>16344</votes><share>39.30</share></result><result><partyCode>LD  </partyCode><votes>6248</votes><share>15.00</share></result><result><partyCode>UKIP</partyCode><votes>1501</votes><share>3.60</share></result><result><partyCode>OTH</partyCode><votes>0</votes><share>0.00</share></result></results></constituencyResult></constituencyResults>
<constituencyResults><constituencyResult seqNo="436"><consituencyId>200</consituencyId><constituencyName>Dorset West</constituencyName><results><result><partyCode>CON </partyCode><votes>24763</votes><share>46.50</share></result><result><partyCode>LD  </partyCode><votes>22302</votes><share>41.90</share></result><result><partyCode>LAB </partyCode><votes>4124</votes><share>7.70</share></result><result><partyCode>UKIP</partyCode><votes>1084</votes><share>2.00</share></result><result><partyCode>GRN </partyCode><votes>952</votes><share>1.80</share></result><result><partyCode>OTH</partyCode><votes>0</votes><share>0.00</share></result></results></constituencyResult></constituencyResults>
<constituencyResults><constituencyResult seqNo="437"><consituencyId>295</consituencyId><constituencyName>Harrow West</constituencyName><results><result><partyCode>LAB </partyCode><votes>20622</votes><share>48.60</share></result><result><partyCode>CON </partyCode><votes>12880</votes><share>30.40</share></result><result><partyCode>LD  </partyCode><votes>7919</votes><share>18.70</share></result><result><partyCode>UKIP</partyCode><votes>558</votes><share>1.30</share></result><result><partyCode>OTH</partyCode><votes>427</votes><share>1.00</share></result></results></constituencyResult></constituencyResults>
<constituencyResults><constituencyResult seqNo="438"><consituencyId>488</consituencyId><constituencyName>Rutland &amp; Melton</constituencyName><results><result><partyCode>CON </partyCode><votes>25328</votes><share>51.20</share></result><result><partyCode>LAB </partyCode><votes>12330</votes><share>24.90</share></result><result><partyCode>LD  </partyCode><votes>9183</votes><share>18.60</share></result><result><partyCode>UKIP</partyCode><votes>1562</votes><share>3.20</share></result><result><partyCode>OTH</partyCode><votes>1033</votes><share>2.10</share></result></results></constituencyResult></constituencyResults>
<constituencyResults><constituencyResult seqNo="439"><consituencyId>604</consituencyId><constituencyName>Watford</constituencyName><results><result><partyCode>LAB </partyCode><votes>16572</votes><share>33.60</share></result><result><partyCode>LD  </partyCode><votes>15421</votes><share>31.20</share></result><result><partyCode>CON </partyCode><votes>14631</votes><share>29.60</share></result><result><partyCode>GRN </partyCode><votes>1466</votes><share>3.00</share></result><result><partyCode>UKIP</partyCode><votes>1292</votes><share>2.60</share></result><result><partyCode>OTH</partyCode><votes>0</votes><share>0.00</share></result></results></constituencyResult></constituencyResults>
<constituencyResults><constituencyResult seqNo="440"><consituencyId>268</consituencyId><constituencyName>Glasgow South West</constituencyName><results><result><partyCode>LAB </partyCode><votes>18653</votes><share>60.20</share></result><result><partyCode>SNP </partyCode><votes>4757</votes><share>15.40</share></result><result><partyCode>LD  </partyCode><votes>3593</votes><share>11.60</share></result><result><partyCode>CON </partyCode><votes>1786</votes><share>5.80</share></result><result><partyCode>SSP </partyCode><votes>1666</votes><share>5.40</share></result><result><partyCode>OTH</partyCode><votes>522</votes><share>1.70</share></result><result><partyCode>IGV </partyCode><votes>379</votes><share>1.20</share></result><result><partyCode>SLP </partyCode><votes>143</votes><share>0.50</share></result></results></constituencyResult></constituencyResults>
<constituencyResults><constituencyResult seqNo="441"><consituencyId>143</consituencyId><constituencyName>Chester, City Of</constituencyName><results><result><partyCode>LAB </partyCode><votes>17263</votes><share>39.00</share></result><result><partyCode>CON </partyCode><votes>16290</votes><share>36.80</share></result><result><partyCode>LD  </partyCode><votes>9657</votes><share>21.80</share></result><result><partyCode>UKIP</partyCode><votes>766</votes><share>1.70</share></result><result><partyCode>OTH</partyCode><votes>308</votes><share>0.70</share></result></results></constituencyResult></constituencyResults>
<constituencyResults><constituencyResult seqNo="442"><consituencyId>20</consituencyId><constituencyName>Ashford</constituencyName><results><result><partyCode>CON </partyCode><votes>25225</votes><share>51.40</share></result><result><partyCode>LAB </partyCode><votes>12957</votes><share>26.40</share></result><result><partyCode>LD  </partyCode><votes>7648</votes><share>15.60</share></result><result><partyCode>GRN </partyCode><votes>1664</votes><share>3.40</share></result><result><partyCode>UKIP</partyCode><votes>1541</votes><share>3.10</share></result><result><partyCode>OTH</partyCode><votes>0</votes><share>0.00</share></result></results></constituencyResult></constituencyResults>
<constituencyResults><constituencyResult seqNo="443"><consituencyId>331</consituencyId><constituencyName>Inverness, Nairn, Badenoch  &amp; Strathspey</constituencyName><results><result><partyCode>LD  </partyCode><votes>17830</votes><share>40.30</share></result><result><partyCode>LAB </partyCode><votes>13682</votes><share>30.90</share></result><result><partyCode>SNP </partyCode><votes>5992</votes><share>13.50</share></result><result><partyCode>CON </partyCode><votes>4579</votes><share>10.30</share></result><result><partyCode>SGP </partyCode><votes>1065</votes><share>2.40</share></result><result><partyCode>PubP</partyCode><votes>678</votes><share>1.50</share></result><result><partyCode>OTH</partyCode><votes>678</votes><share>1.50</share></result><result><partyCode>SSP </partyCode><votes>429</votes><share>1.00</share></result></results></constituencyResult></constituencyResults>
<constituencyResults><constituencyResult seqNo="444"><consituencyId>164</consituencyId><constituencyName>Cotswolds, The</constituencyName><results><result><partyCode>CON </partyCode><votes>24907</votes><share>49.40</share></result><result><partyCode>LD  </partyCode><votes>14165</votes><share>28.10</share></result><result><partyCode>LAB </partyCode><votes>9392</votes><share>18.60</share></result><result><partyCode>UKIP</partyCode><votes>1595</votes><share>3.20</share></result><result><partyCode>OTH</partyCode><votes>392</votes><share>0.80</share></result></results></constituencyResult></constituencyResults>
<constituencyResults><constituencyResult seqNo="445"><consituencyId>308</consituencyId><constituencyName>Hertford &amp; Stortford</constituencyName><results><result><partyCode>CON </partyCode><votes>24673</votes><share>50.20</share></result><result><partyCode>LAB </partyCode><votes>11917</votes><share>24.20</share></result><result><partyCode>LD  </partyCode><votes>9056</votes><share>18.40</share></result><result><partyCode>GRN </partyCode><votes>1914</votes><share>3.90</share></result><result><partyCode>UKIP</partyCode><votes>1017</votes><share>2.10</share></result><result><partyCode>OTH</partyCode><votes>572</votes><share>1.20</share></result></results></constituencyResult></constituencyResults>
<constituencyResults><constituencyResult seqNo="446"><consituencyId>31</consituencyId><constituencyName>Barrow &amp; Furness</constituencyName><results><result><partyCode>LAB </partyCode><votes>17445</votes><share>45.20</share></result><result><partyCode>CON </partyCode><votes>12602</votes><share>32.60</share></result><result><partyCode>LD  </partyCode><votes>6870</votes><share>17.80</share></result><result><partyCode>OTH</partyCode><votes>922</votes><share>2.40</share></result><result><partyCode>UKIP</partyCode><votes>786</votes><share>2.00</share></result></results></constituencyResult></constituencyResults>
<constituencyResults><constituencyResult seqNo="447"><consituencyId>132</consituencyId><constituencyName>Carmarthen West &amp; Pembrokeshire South</constituencyName><results><result><partyCode>LAB </partyCode><votes>14090</votes><share>36.70</share></result><result><partyCode>CON </partyCode><votes>12047</votes><share>31.30</share></result><result><partyCode>PC  </partyCode><votes>5960</votes><share>15.50</share></result><result><partyCode>LD  </partyCode><votes>5435</votes><share>14.10</share></result><result><partyCode>UKIP</partyCode><votes>556</votes><share>1.40</share></result><result><partyCode>OTH</partyCode><votes>341</votes><share>0.90</share></result><result><partyCode>IND</partyCode></result></results></constituencyResult></constituencyResults>
<constituencyResults><constituencyResult seqNo="448"><consituencyId>41</consituencyId><constituencyName>Bedford</constituencyName><results><result><partyCode>LAB </partyCode><votes>17657</votes><share>41.60</share></result><result><partyCode>CON </partyCode><votes>14244</votes><share>33.50</share></result><result><partyCode>LD  </partyCode><votes>9263</votes><share>21.80</share></result><result><partyCode>UKIP</partyCode><votes>1011</votes><share>2.40</share></result><result><partyCode>OTH</partyCode><votes>283</votes><share>0.70</share></result></results></constituencyResult></constituencyResults>
<constituencyResults><constituencyResult seqNo="449"><consituencyId>19</consituencyId><constituencyName>Ashfield</constituencyName><results><result><partyCode>LAB </partyCode><votes>20801</votes><share>48.70</share></result><result><partyCode>CON </partyCode><votes>10431</votes><share>24.40</share></result><result><partyCode>LD  </partyCode><votes>5910</votes><share>13.80</share></result><result><partyCode>OTH</partyCode><votes>5569</votes><share>13.00</share></result></results></constituencyResult></constituencyResults>
<constituencyResults><constituencyResult seqNo="450"><consituencyId>479</consituencyId><constituencyName>Ross, Skye &amp; Lochaber</constituencyName><results><result><partyCode>LD  </partyCode><votes>19100</votes><share>58.70</share></result><result><partyCode>LAB </partyCode><votes>4851</votes><share>14.90</share></result><result><partyCode>CON </partyCode><votes>3275</votes><share>10.10</share></result><result><partyCode>SNP </partyCode><votes>3119</votes><share>9.60</share></result><result><partyCode>SGP </partyCode><votes>1097</votes><share>3.40</share></result><result><partyCode>UKIP</partyCode><votes>500</votes><share>1.50</share></result><result><partyCode>SSP </partyCode><votes>412</votes><share>1.30</share></result><result><partyCode>IND</partyCode><votes>184</votes><share>0.60</share></result><result><partyCode>OTH</partyCode><votes>184</votes><share>0.60</share></result></results></constituencyResult></constituencyResults>
<constituencyResults><constituencyResult seqNo="451"><consituencyId>131</consituencyId><constituencyName>Carmarthen East &amp; Dinefwr</constituencyName><results><result><partyCode>PC  </partyCode><votes>17124</votes><share>45.90</share></result><result><partyCode>LAB </partyCode><votes>10573</votes><share>28.30</share></result><result><partyCode>CON </partyCode><votes>5105</votes><share>13.70</share></result><result><partyCode>LD  </partyCode><votes>3626</votes><share>9.70</share></result><result><partyCode>UKIP</partyCode><votes>644</votes><share>1.70</share></result><result><partyCode>OTH</partyCode><votes>272</votes><share>0.70</share></result></results></constituencyResult></constituencyResults>
<constituencyResults><constituencyResult seqNo="452"><consituencyId>532</consituencyId><constituencyName>Stevenage</constituencyName><results><result><partyCode>LAB </partyCode><votes>17602</votes><share>43.10</share></result><result><partyCode>CON </partyCode><votes>14314</votes><share>35.00</share></result><result><partyCode>LD  </partyCode><votes>7500</votes><share>18.40</share></result><result><partyCode>UKIP</partyCode><votes>1272</votes><share>3.10</share></result><result><partyCode>OTH</partyCode><votes>152</votes><share>0.40</share></result></results></constituencyResult></constituencyResults>
<constituencyResults><constituencyResult seqNo="453"><consituencyId>240</consituencyId><constituencyName>Epsom &amp; Ewell</constituencyName><results><result><partyCode>CON </partyCode><votes>26832</votes><share>54.90</share></result><result><partyCode>LD  </partyCode><votes>10490</votes><share>21.50</share></result><result><partyCode>LAB </partyCode><votes>9773</votes><share>20.00</share></result><result><partyCode>UKIP</partyCode><votes>1738</votes><share>3.60</share></result><result><partyCode>OTH</partyCode><votes>0</votes><share>0.00</share></result></results></constituencyResult></constituencyResults>
<constituencyResults><constituencyResult seqNo="454"><consituencyId>549</consituencyId><constituencyName>Suffolk South</constituencyName><results><result><partyCode>CON </partyCode><votes>20551</votes><share>42.10</share></result><result><partyCode>LD  </partyCode><votes>13887</votes><share>28.40</share></result><result><partyCode>LAB </partyCode><votes>11954</votes><share>24.50</share></result><result><partyCode>UKIP</partyCode><votes>2461</votes><share>5.00</share></result><result><partyCode>OTH</partyCode><votes>0</votes><share>0.00</share></result></results></constituencyResult></constituencyResults>
<constituencyResults><constituencyResult seqNo="455"><consituencyId>294</consituencyId><constituencyName>Harrow East</constituencyName><results><result><partyCode>LAB </partyCode><votes>19366</votes><share>45.50</share></result><result><partyCode>CON </partyCode><votes>16432</votes><share>38.60</share></result><result><partyCode>LD  </partyCode><votes>6043</votes><share>14.20</share></result><result><partyCode>UKIP</partyCode><votes>757</votes><share>1.80</share></result><result><partyCode>OTH</partyCode><votes>0</votes><share>0.00</share></result></results></constituencyResult></constituencyResults>
<constituencyResults><constituencyResult seqNo="456"><consituencyId>102</consituencyId><constituencyName>Bristol West</constituencyName><results><result><partyCode>LD  </partyCode><votes>17599</votes><share>39.10</share></result><result><partyCode>LAB </partyCode><votes>16452</votes><share>36.50</share></result><result><partyCode>CON </partyCode><votes>7373</votes><share>16.40</share></result><result><partyCode>GRN </partyCode><votes>2545</votes><share>5.60</share></result><result><partyCode>UKIP</partyCode><votes>568</votes><share>1.30</share></result><result><partyCode>OTH</partyCode><votes>519</votes><share>1.20</share></result></results></constituencyResult></constituencyResults>
<constituencyResults><constituencyResult seqNo="457"><consituencyId>226</consituencyId><constituencyName>Eastleigh</constituencyName><results><result><partyCode>LD  </partyCode><votes>18313</votes><share>38.30</share></result><result><partyCode>CON </partyCode><votes>17779</votes><share>37.20</share></result><result><partyCode>LAB </partyCode><votes>10069</votes><share>21.10</share></result><result><partyCode>UKIP</partyCode><votes>1615</votes><share>3.40</share></result><result><partyCode>OTH</partyCode><votes>0</votes><share>0.00</share></result></results></constituencyResult></constituencyResults>
<constituencyResults><constituencyResult seqNo="458"><consituencyId>280</consituencyId><constituencyName>Hackney North &amp; Stoke Newington</constituencyName><results><result><partyCode>LAB </partyCode><votes>15138</votes><share>49.00</share></result><result><partyCode>LD  </partyCode><votes>7136</votes><share>23.10</share></result><result><partyCode>CON </partyCode><votes>4512</votes><share>14.60</share></result><result><partyCode>GRN </partyCode><votes>2988</votes><share>9.70</share></result><result><partyCode>OTH</partyCode><votes>1146</votes><share>3.70</share></result></results></constituencyResult></constituencyResults>
<constituencyResults><constituencyResult seqNo="459"><consituencyId>124</consituencyId><constituencyName>Cannock Chase</constituencyName><results><result><partyCode>LAB </partyCode><votes>21187</votes><share>51.00</share></result><result><partyCode>CON </partyCode><votes>12461</votes><share>30.00</share></result><result><partyCode>LD  </partyCode><votes>5820</votes><share>14.00</share></result><result><partyCode>UKIP</partyCode><votes>2088</votes><share>5.00</share></result><result><partyCode>OTH</partyCode><votes>0</votes><share>0.00</share></result></results></constituencyResult></constituencyResults>
<constituencyResults><constituencyResult seqNo="460"><consituencyId>591</consituencyId><constituencyName>Wakefield</constituencyName><results><result><partyCode>LAB </partyCode><votes>18497</votes><share>44.10</share></result><result><partyCode>CON </partyCode><votes>11148</votes><share>26.50</share></result><result><partyCode>LD  </partyCode><votes>7889</votes><share>18.80</share></result><result><partyCode>OTH</partyCode><votes>3171</votes><share>7.60</share></result><result><partyCode>GRN </partyCode><votes>818</votes><share>1.90</share></result><result><partyCode>UKIP</partyCode><votes>467</votes><share>1.10</share></result></results></constituencyResult></constituencyResults>
<constituencyResults><constituencyResult seqNo="461"><consituencyId>246</consituencyId><constituencyName>Fareham</constituencyName><results><result><partyCode>CON </partyCode><votes>24151</votes><share>49.70</share></result><result><partyCode>LAB </partyCode><votes>12449</votes><share>25.60</share></result><result><partyCode>LD  </partyCode><votes>10551</votes><share>21.70</share></result><result><partyCode>UKIP</partyCode><votes>1425</votes><share>2.90</share></result><result><partyCode>OTH</partyCode><votes>0</votes><share>0.00</share></result></results></constituencyResult></constituencyResults>
<constituencyResults><constituencyResult seqNo="462"><consituencyId>627</consituencyId><constituencyName>Witney</constituencyName><results><result><partyCode>CON </partyCode><votes>25579</votes><share>49.40</share></result><result><partyCode>LD  </partyCode><votes>11705</votes><share>22.60</share></result><result><partyCode>LAB </partyCode><votes>11592</votes><share>22.40</share></result><result><partyCode>GRN </partyCode><votes>1620</votes><share>3.10</share></result><result><partyCode>UKIP</partyCode><votes>1315</votes><share>2.50</share></result><result><partyCode>OTH</partyCode><votes>0</votes><share>0.00</share></result></results></constituencyResult></constituencyResults>
<constituencyResults><constituencyResult seqNo="463"><consituencyId>88</consituencyId><constituencyName>Braintree</constituencyName><results><result><partyCode>CON </partyCode><votes>22422</votes><share>49.90</share></result><result><partyCode>LAB </partyCode><votes>13764</votes><share>30.70</share></result><result><partyCode>LD  </partyCode><votes>6100</votes><share>13.60</share></result><result><partyCode>GRN </partyCode><votes>1308</votes><share>2.90</share></result><result><partyCode>UKIP</partyCode><votes>1076</votes><share>2.40</share></result><result><partyCode>OTH</partyCode><votes>228</votes><share>0.50</share></result></results></constituencyResult></constituencyResults>
<constituencyResults><constituencyResult seqNo="464"><consituencyId>267</consituencyId><constituencyName>Glasgow South</constituencyName><results><result><partyCode>LAB </partyCode><votes>18153</votes><share>47.20</share></result><result><partyCode>LD  </partyCode><votes>7321</votes><share>19.00</share></result><result><partyCode>SNP </partyCode><votes>4860</votes><share>12.60</share></result><result><partyCode>CON </partyCode><votes>4836</votes><share>12.60</share></result><result><partyCode>SGP </partyCode><votes>1692</votes><share>4.40</share></result><result><partyCode>SSP </partyCode><votes>1303</votes><share>3.40</share></result><result><partyCode>SLP </partyCode><votes>266</votes><share>0.70</share></result><result><partyCode>OTH</partyCode><votes>266</votes><share>0.70</share></result></results></constituencyResult></constituencyResults>
<constituencyResults><constituencyResult seqNo="465"><consituencyId>277</consituencyId><constituencyName>Great Yarmouth</constituencyName><results><result><partyCode>LAB </partyCode><votes>18850</votes><share>45.60</share></result><result><partyCode>CON </partyCode><votes>15795</votes><share>38.20</share></result><result><partyCode>LD  </partyCode><votes>4585</votes><share>11.10</share></result><result><partyCode>UKIP</partyCode><votes>1759</votes><share>4.30</share></result><result><partyCode>OTH</partyCode><votes>389</votes><share>0.90</share></result></results></constituencyResult></constituencyResults>
<constituencyResults><constituencyResult seqNo="466"><consituencyId>91</consituencyId><constituencyName>Brent North</constituencyName><results><result><partyCode>LAB </partyCode><votes>21751</votes><share>49.40</share></result><result><partyCode>CON </partyCode><votes>12921</votes><share>29.30</share></result><result><partyCode>LD  </partyCode><votes>8571</votes><share>19.50</share></result><result><partyCode>OTH</partyCode><votes>811</votes><share>1.80</share></result></results></constituencyResult></constituencyResults>
<constituencyResults><constituencyResult seqNo="467"><consituencyId>547</consituencyId><constituencyName>Suffolk Central &amp; Ipswich North</constituencyName><results><result><partyCode>CON </partyCode><votes>21570</votes><share>44.50</share></result><result><partyCode>LAB </partyCode><votes>13784</votes><share>28.50</share></result><result><partyCode>LD  </partyCode><votes>9808</votes><share>20.20</share></result><result><partyCode>UKIP</partyCode><votes>1681</votes><share>3.50</share></result><result><partyCode>GRN </partyCode><votes>1593</votes><share>3.30</share></result><result><partyCode>OTH</partyCode><votes>0</votes><share>0.00</share></result></results></constituencyResult></constituencyResults>
<constituencyResults><constituencyResult seqNo="468"><consituencyId>564</consituencyId><constituencyName>Taunton Deane</constituencyName><results><result><partyCode>LD  </partyCode><votes>25159</votes><share>44.40</share></result><result><partyCode>CON </partyCode><votes>23291</votes><share>41.10</share></result><result><partyCode>LAB </partyCode><votes>6844</votes><share>12.10</share></result><result><partyCode>UKIP</partyCode><votes>1355</votes><share>2.40</share></result><result><partyCode>OTH</partyCode><votes>0</votes><share>0.00</share></result></results></constituencyResult></constituencyResults>
<constituencyResults><constituencyResult seqNo="469"><consituencyId>75</consituencyId><constituencyName>Bolsover</constituencyName><results><result><partyCode>LAB </partyCode><votes>26331</votes><share>65.20</share></result><result><partyCode>LD  </partyCode><votes>7071</votes><share>17.50</share></result><result><partyCode>CON </partyCode><votes>6993</votes><share>17.30</share></result><result><partyCode>OTH</partyCode><votes>0</votes><share>0.00</share></result></results></constituencyResult></constituencyResults>
<constituencyResults><constituencyResult seqNo="470"><consituencyId>467</consituencyId><constituencyName>Redditch</constituencyName><results><result><partyCode>LAB </partyCode><votes>18166</votes><share>43.70</share></result><result><partyCode>CON </partyCode><votes>16003</votes><share>38.50</share></result><result><partyCode>LD  </partyCode><votes>5975</votes><share>14.40</share></result><result><partyCode>UKIP</partyCode><votes>1432</votes><share>3.40</share></result><result><partyCode>OTH</partyCode><votes>0</votes><share>0.00</share></result></results></constituencyResult></constituencyResults>
<constituencyResults><constituencyResult seqNo="471"><consituencyId>278</consituencyId><constituencyName>Greenwich &amp; Woolwich</constituencyName><results><result><partyCode>LAB </partyCode><votes>18636</votes><share>52.50</share></result><result><partyCode>LD  </partyCode><votes>6998</votes><share>19.70</share></result><result><partyCode>CON </partyCode><votes>6244</votes><share>17.60</share></result><result><partyCode>GRN </partyCode><votes>1579</votes><share>4.40</share></result><result><partyCode>OTH</partyCode><votes>1277</votes><share>3.60</share></result><result><partyCode>UKIP</partyCode><votes>783</votes><share>2.20</share></result></results></constituencyResult></constituencyResults>
<constituencyResults><constituencyResult seqNo="472"><consituencyId>610</consituencyId><constituencyName>Welwyn Hatfield</constituencyName><results><result><partyCode>CON </partyCode><votes>22172</votes><share>49.60</share></result><result><partyCode>LAB </partyCode><votes>16226</votes><share>36.30</share></result><result><partyCode>LD  </partyCode><votes>6318</votes><share>14.10</share></result><result><partyCode>OTH</partyCode><votes>0</votes><share>0.00</share></result></results></constituencyResult></constituencyResults>
<constituencyResults><constituencyResult seqNo="473"><consituencyId>553</consituencyId><constituencyName>Surrey Heath</constituencyName><results><result><partyCode>CON </partyCode><votes>24642</votes><share>51.50</share></result><result><partyCode>LD  </partyCode><votes>13797</votes><share>28.80</share></result><result><partyCode>LAB </partyCode><votes>7989</votes><share>16.70</share></result><result><partyCode>UKIP</partyCode><votes>1430</votes><share>3.00</share></result><result><partyCode>OTH</partyCode><votes>0</votes><share>0.00</share></result></results></constituencyResult></constituencyResults>
<constituencyResults><constituencyResult seqNo="474"><consituencyId>359</consituencyId><constituencyName>Leicestershire North West</constituencyName><results><result><partyCode>LAB </partyCode><votes>21449</votes><share>45.50</share></result><result><partyCode>CON </partyCode><votes>16972</votes><share>36.00</share></result><result><partyCode>LD  </partyCode><votes>5682</votes><share>12.10</share></result><result><partyCode>UKIP</partyCode><votes>1563</votes><share>3.30</share></result><result><partyCode>OTH</partyCode><votes>1474</votes><share>3.10</share></result></results></constituencyResult></constituencyResults>
<constituencyResults><constituencyResult seqNo="475"><consituencyId>400</consituencyId><constituencyName>Mole Valley</constituencyName><results><result><partyCode>CON </partyCode><votes>27060</votes><share>54.80</share></result><result><partyCode>LD  </partyCode><votes>15063</votes><share>30.50</share></result><result><partyCode>LAB </partyCode><votes>5310</votes><share>10.70</share></result><result><partyCode>UKIP</partyCode><votes>1475</votes><share>3.00</share></result><result><partyCode>OTH</partyCode><votes>507</votes><share>1.00</share></result></results></constituencyResult></constituencyResults>
<constituencyResults><constituencyResult seqNo="476"><consituencyId>151</consituencyId><constituencyName>Cities Of London &amp; Westminster</constituencyName><results><result><partyCode>CON </partyCode><votes>15449</votes><share>48.20</share></result><result><partyCode>LAB </partyCode><votes>8097</votes><share>25.30</share></result><result><partyCode>LD  </partyCode><votes>5934</votes><share>18.50</share></result><result><partyCode>GRN </partyCode><votes>1373</votes><share>4.30</share></result><result><partyCode>OTH</partyCode><votes>813</votes><share>2.50</share></result><result><partyCode>UKIP</partyCode><votes>353</votes><share>1.10</share></result></results></constituencyResult></constituencyResults>
<constituencyResults><constituencyResult seqNo="477"><consituencyId>362</consituencyId><constituencyName>Lewes</constituencyName><results><result><partyCode>LD  </partyCode><votes>24071</votes><share>51.50</share></result><result><partyCode>CON </partyCode><votes>16182</votes><share>34.60</share></result><result><partyCode>LAB </partyCode><votes>4370</votes><share>9.40</share></result><result><partyCode>GRN </partyCode><votes>1063</votes><share>2.30</share></result><result><partyCode>UKIP</partyCode><votes>1033</votes><share>2.20</share></result><result><partyCode>OTH</partyCode><votes>0</votes><share>0.00</share></result></results></constituencyResult></constituencyResults>
<constituencyResults><constituencyResult seqNo="478"><consituencyId>116</consituencyId><constituencyName>Calder Valley</constituencyName><results><result><partyCode>LAB </partyCode><votes>18347</votes><share>38.50</share></result><result><partyCode>CON </partyCode><votes>17044</votes><share>35.80</share></result><result><partyCode>LD  </partyCode><votes>9007</votes><share>18.90</share></result><result><partyCode>OTH</partyCode><votes>1887</votes><share>4.00</share></result><result><partyCode>GRN </partyCode><votes>1371</votes><share>2.90</share></result></results></constituencyResult></constituencyResults>
<constituencyResults><constituencyResult seqNo="479"><consituencyId>208</consituencyId><constituencyName>Dumfriesshire, Clydesdale &amp; Tweeddale</constituencyName><results><result><partyCode>CON </partyCode><votes>16141</votes><share>36.20</share></result><result><partyCode>LAB </partyCode><votes>14403</votes><share>32.30</share></result><result><partyCode>LD  </partyCode><votes>9046</votes><share>20.30</share></result><result><partyCode>SNP </partyCode><votes>4075</votes><share>9.10</share></result><result><partyCode>SSP </partyCode><votes>521</votes><share>1.20</share></result><result><partyCode>UKIP</partyCode><votes>430</votes><share>1.00</share></result><result><partyCode>OTH</partyCode><votes>0</votes><share>0.00</share></result></results></constituencyResult></constituencyResults>
<constituencyResults><constituencyResult seqNo="480"><consituencyId>411</consituencyId><constituencyName>Newark</constituencyName><results><result><partyCode>CON </partyCode><votes>22950</votes><share>50.50</share></result><result><partyCode>LAB </partyCode><votes>12873</votes><share>28.30</share></result><result><partyCode>LD  </partyCode><votes>8354</votes><share>18.40</share></result><result><partyCode>UKIP</partyCode><votes>1267</votes><share>2.80</share></result><result><partyCode>OTH</partyCode><votes>0</votes><share>0.00</share></result></results></constituencyResult></constituencyResults>
<constituencyResults><constituencyResult seqNo="481"><consituencyId>58</consituencyId><constituencyName>Birmingham Erdington</constituencyName><results><result><partyCode>LAB </partyCode><votes>17037</votes><share>52.90</share></result><result><partyCode>CON </partyCode><votes>7360</votes><share>22.90</share></result><result><partyCode>LD  </partyCode><votes>5089</votes><share>15.80</share></result><result><partyCode>OTH</partyCode><votes>1928</votes><share>6.00</share></result><result><partyCode>UKIP</partyCode><votes>766</votes><share>2.40</share></result></results></constituencyResult></constituencyResults>
<constituencyResults><constituencyResult seqNo="482"><consituencyId>281</consituencyId><constituencyName>Hackney South &amp; Shoreditch</constituencyName><results><result><partyCode>LAB </partyCode><votes>16178</votes><share>52.70</share></result><result><partyCode>LD  </partyCode><votes>6549</votes><share>21.30</share></result><result><partyCode>CON </partyCode><votes>4230</votes><share>13.80</share></result><result><partyCode>OTH</partyCode><votes>2042</votes><share>6.70</share></result><result><partyCode>GRN </partyCode><votes>1698</votes><share>5.50</share></result></results></constituencyResult></constituencyResults>
<constituencyResults><constituencyResult seqNo="483"><consituencyId>54</consituencyId><constituencyName>Bexhill &amp; Battle</constituencyName><results><result><partyCode>CON </partyCode><votes>27316</votes><share>54.20</share></result><result><partyCode>LD  </partyCode><votes>11423</votes><share>22.70</share></result><result><partyCode>LAB </partyCode><votes>9016</votes><share>17.90</share></result><result><partyCode>UKIP</partyCode><votes>2659</votes><share>5.30</share></result><result><partyCode>OTH</partyCode><votes>0</votes><share>0.00</share></result></results></constituencyResult></constituencyResults>
<constituencyResults><constituencyResult seqNo="484"><consituencyId>413</consituencyId><constituencyName>Newcastle Under Lyme</constituencyName><results><result><partyCode>LAB </partyCode><votes>18053</votes><share>45.40</share></result><result><partyCode>CON </partyCode><votes>9945</votes><share>25.00</share></result><result><partyCode>LD  </partyCode><votes>7528</votes><share>18.90</share></result><result><partyCode>OTH</partyCode><votes>1908</votes><share>4.80</share></result><result><partyCode>UKIP</partyCode><votes>1436</votes><share>3.60</share></result><result><partyCode>GRN </partyCode><votes>918</votes><share>2.30</share></result></results></constituencyResult></constituencyResults>
<constituencyResults><constituencyResult seqNo="485"><consituencyId>367</consituencyId><constituencyName>Lichfield</constituencyName><results><result><partyCode>CON </partyCode><votes>23009</votes><share>48.70</share></result><result><partyCode>LAB </partyCode><votes>15218</votes><share>32.20</share></result><result><partyCode>LD  </partyCode><votes>7502</votes><share>15.90</share></result><result><partyCode>UKIP</partyCode><votes>1529</votes><share>3.20</share></result><result><partyCode>OTH</partyCode><votes>0</votes><share>0.00</share></result></results></constituencyResult></constituencyResults>
<constituencyResults><constituencyResult seqNo="486"><consituencyId>431</consituencyId><constituencyName>Norwich South</constituencyName><results><result><partyCode>LAB </partyCode><votes>15275</votes><share>37.40</share></result><result><partyCode>LD  </partyCode><votes>12252</votes><share>30.00</share></result><result><partyCode>CON </partyCode><votes>8917</votes><share>21.80</share></result><result><partyCode>GRN </partyCode><votes>3032</votes><share>7.40</share></result><result><partyCode>OTH</partyCode><votes>770</votes><share>1.90</share></result><result><partyCode>UKIP</partyCode><votes>596</votes><share>1.50</share></result></results></constituencyResult></constituencyResults>
<constituencyResults><constituencyResult seqNo="487"><consituencyId>576</consituencyId><constituencyName>Torfaen</constituencyName><results><result><partyCode>LAB </partyCode><votes>20472</votes><share>56.90</share></result><result><partyCode>CON </partyCode><votes>5681</votes><share>15.80</share></result><result><partyCode>LD  </partyCode><votes>5678</votes><share>15.80</share></result><result><partyCode>PC  </partyCode><votes>2242</votes><share>6.20</share></result><result><partyCode>UKIP</partyCode><votes>1145</votes><share>3.20</share></result><result><partyCode>OTH</partyCode><votes>761</votes><share>2.10</share></result><result><partyCode>PV  </partyCode></result></results></constituencyResult></constituencyResults>
<constituencyResults><constituencyResult seqNo="488"><consituencyId>409</consituencyId><constituencyName>New Forest East</constituencyName><results><result><partyCode>CON </partyCode><votes>23333</votes><share>49.40</share></result><result><partyCode>LD  </partyCode><votes>15680</votes><share>33.20</share></result><result><partyCode>LAB </partyCode><votes>5787</votes><share>12.30</share></result><result><partyCode>UKIP</partyCode><votes>2422</votes><share>5.10</share></result><result><partyCode>OTH</partyCode><votes>0</votes><share>0.00</share></result></results></constituencyResult></constituencyResults>
<constituencyResults><constituencyResult seqNo="489"><consituencyId>634</consituencyId><constituencyName>Worcestershire Mid</constituencyName><results><result><partyCode>CON </partyCode><votes>24246</votes><share>51.30</share></result><result><partyCode>LAB </partyCode><votes>11340</votes><share>24.00</share></result><result><partyCode>LD  </partyCode><votes>9575</votes><share>20.30</share></result><result><partyCode>UKIP</partyCode><votes>2060</votes><share>4.40</share></result><result><partyCode>OTH</partyCode><votes>0</votes><share>0.00</share></result></results></constituencyResult></constituencyResults>
<constituencyResults><constituencyResult seqNo="490"><consituencyId>113</consituencyId><constituencyName>Bury St. Edmunds</constituencyName><results><result><partyCode>CON </partyCode><votes>24549</votes><share>46.40</share></result><result><partyCode>LAB </partyCode><votes>14469</votes><share>27.30</share></result><result><partyCode>LD  </partyCode><votes>10461</votes><share>19.80</share></result><result><partyCode>UKIP</partyCode><votes>1873</votes><share>3.50</share></result><result><partyCode>GRN </partyCode><votes>1607</votes><share>3.00</share></result><result><partyCode>OTH</partyCode><votes>0</votes><share>0.00</share></result></results></constituencyResult></constituencyResults>
<constituencyResults><constituencyResult seqNo="491"><consituencyId>157</consituencyId><constituencyName>Colchester</constituencyName><results><result><partyCode>LD  </partyCode><votes>19517</votes><share>47.70</share></result><result><partyCode>CON </partyCode><votes>13129</votes><share>32.10</share></result><result><partyCode>LAB </partyCode><votes>8291</votes><share>20.30</share></result><result><partyCode>OTH</partyCode><votes>0</votes><share>0.00</share></result></results></constituencyResult></constituencyResults>
<constituencyResults><constituencyResult seqNo="492"><consituencyId>120</consituencyId><constituencyName>Cambridgeshire North East</constituencyName><results><result><partyCode>CON </partyCode><votes>22249</votes><share>46.90</share></result><result><partyCode>LAB </partyCode><votes>14523</votes><share>30.60</share></result><result><partyCode>LD  </partyCode><votes>8096</votes><share>17.10</share></result><result><partyCode>UKIP</partyCode><votes>2538</votes><share>5.40</share></result><result><partyCode>OTH</partyCode><votes>0</votes><share>0.00</share></result></results></constituencyResult></constituencyResults>
<constituencyResults><constituencyResult seqNo="493"><consituencyId>186</consituencyId><constituencyName>Derbyshire South</constituencyName><results><result><partyCode>LAB </partyCode><votes>19146</votes><share>42.90</share></result><result><partyCode>CON </partyCode><votes>16710</votes><share>37.40</share></result><result><partyCode>LD  </partyCode><votes>5738</votes><share>12.80</share></result><result><partyCode>OTH</partyCode><votes>3069</votes><share>6.90</share></result></results></constituencyResult></constituencyResults>
<constituencyResults><constituencyResult seqNo="494"><consituencyId>241</consituencyId><constituencyName>Erewash</constituencyName><results><result><partyCode>LAB </partyCode><votes>19369</votes><share>44.70</share></result><result><partyCode>CON </partyCode><votes>12587</votes><share>29.10</share></result><result><partyCode>LD  </partyCode><votes>5850</votes><share>13.50</share></result><result><partyCode>OTH</partyCode><votes>4679</votes><share>10.80</share></result><result><partyCode>UKIP</partyCode><votes>824</votes><share>1.90</share></result></results></constituencyResult></constituencyResults>
<constituencyResults><constituencyResult seqNo="495"><consituencyId>89</consituencyId><constituencyName>Brecon &amp; Radnorshire</constituencyName><results><result><partyCode>LD  </partyCode><votes>17182</votes><share>44.80</share></result><result><partyCode>CON </partyCode><votes>13277</votes><share>34.60</share></result><result><partyCode>LAB </partyCode><votes>5755</votes><share>15.00</share></result><result><partyCode>PC  </partyCode><votes>1404</votes><share>3.70</share></result><result><partyCode>UKIP</partyCode><votes>723</votes><share>1.90</share></result><result><partyCode>OTH</partyCode><votes>0</votes><share>0.00</share></result></results></constituencyResult></constituencyResults>
<constituencyResults><constituencyResult seqNo="496"><consituencyId>227</consituencyId><constituencyName>Eddisbury</constituencyName><results><result><partyCode>CON </partyCode><votes>20272</votes><share>46.90</share></result><result><partyCode>LAB </partyCode><votes>13864</votes><share>32.10</share></result><result><partyCode>LD  </partyCode><votes>7775</votes><share>18.00</share></result><result><partyCode>UKIP</partyCode><votes>1292</votes><share>3.00</share></result><result><partyCode>OTH</partyCode><votes>0</votes><share>0.00</share></result></results></constituencyResult></constituencyResults>
<constituencyResults><constituencyResult seqNo="497"><consituencyId>497</consituencyId><constituencyName>Scarborough &amp; Whitby</constituencyName><results><result><partyCode>CON </partyCode><votes>19248</votes><share>41.00</share></result><result><partyCode>LAB </partyCode><votes>18003</votes><share>38.40</share></result><result><partyCode>LD  </partyCode><votes>7495</votes><share>16.00</share></result><result><partyCode>GRN </partyCode><votes>1214</votes><share>2.60</share></result><result><partyCode>UKIP</partyCode><votes>952</votes><share>2.00</share></result><result><partyCode>OTH</partyCode><votes>0</votes><share>0.00</share></result></results></constituencyResult></constituencyResults>
<constituencyResults><constituencyResult seqNo="498"><consituencyId>257</consituencyId><constituencyName>Gainsborough</constituencyName><results><result><partyCode>CON </partyCode><votes>19524</votes><share>43.80</share></result><result><partyCode>LAB </partyCode><votes>11629</votes><share>26.10</share></result><result><partyCode>LD  </partyCode><votes>11578</votes><share>26.00</share></result><result><partyCode>UKIP</partyCode><votes>1803</votes><share>4.00</share></result><result><partyCode>OTH</partyCode><votes>0</votes><share>0.00</share></result></results></constituencyResult></constituencyResults>
<constituencyResults><constituencyResult seqNo="499"><consituencyId>252</consituencyId><constituencyName>Finchley &amp; Golders Green</constituencyName><results><result><partyCode>CON </partyCode><votes>16692</votes><share>39.80</share></result><result><partyCode>LAB </partyCode><votes>16398</votes><share>39.10</share></result><result><partyCode>LD  </partyCode><votes>7186</votes><share>17.10</share></result><result><partyCode>GRN </partyCode><votes>1092</votes><share>2.60</share></result><result><partyCode>UKIP</partyCode><votes>461</votes><share>1.10</share></result><result><partyCode>OTH</partyCode><votes>110</votes><share>0.30</share></result></results></constituencyResult></constituencyResults>
<constituencyResults><constituencyResult seqNo="500"><consituencyId>512</consituencyId><constituencyName>Sittingbourne &amp; Sheppey</constituencyName><results><result><partyCode>CON </partyCode><votes>17933</votes><share>41.70</share></result><result><partyCode>LAB </partyCode><votes>17911</votes><share>41.70</share></result><result><partyCode>LD  </partyCode><votes>5478</votes><share>12.70</share></result><result><partyCode>UKIP</partyCode><votes>989</votes><share>2.30</share></result><result><partyCode>OTH</partyCode><votes>671</votes><share>1.60</share></result></results></constituencyResult></constituencyResults>
<constituencyResults><constituencyResult seqNo="501"><consituencyId>424</consituencyId><constituencyName>Norfolk South</constituencyName><results><result><partyCode>CON </partyCode><votes>22172</votes><share>44.20</share></result><result><partyCode>LD  </partyCode><votes>15453</votes><share>30.80</share></result><result><partyCode>LAB </partyCode><votes>11153</votes><share>22.20</share></result><result><partyCode>UKIP</partyCode><votes>1407</votes><share>2.80</share></result><result><partyCode>OTH</partyCode><votes>0</votes><share>0.00</share></result></results></constituencyResult></constituencyResults>
<constituencyResults><constituencyResult seqNo="502"><consituencyId>520</consituencyId><constituencyName>South Holland &amp; The Deepings</constituencyName><results><result><partyCode>CON </partyCode><votes>26549</votes><share>57.00</share></result><result><partyCode>LAB </partyCode><votes>11422</votes><share>24.50</share></result><result><partyCode>LD  </partyCode><votes>5995</votes><share>12.90</share></result><result><partyCode>UKIP</partyCode><votes>1867</votes><share>4.00</share></result><result><partyCode>OTH</partyCode><votes>747</votes><share>1.60</share></result></results></constituencyResult></constituencyResults>
<constituencyResults><constituencyResult seqNo="503"><consituencyId>543</consituencyId><constituencyName>Stratford On Avon</constituencyName><results><result><partyCode>CON </partyCode><votes>23452</votes><share>51.30</share></result><result><partyCode>LD  </partyCode><votes>12524</votes><share>27.40</share></result><result><partyCode>LAB </partyCode><votes>7077</votes><share>15.50</share></result><result><partyCode>GRN </partyCode><votes>1463</votes><share>3.20</share></result><result><partyCode>UKIP</partyCode><votes>1212</votes><share>2.70</share></result><result><partyCode>OTH</partyCode><votes>0</votes><share>0.00</share></result></results></constituencyResult></constituencyResults>
<constituencyResults><constituencyResult seqNo="504"><consituencyId>100</consituencyId><constituencyName>Bristol North West</constituencyName><results><result><partyCode>LAB </partyCode><votes>18649</votes><share>38.20</share></result><result><partyCode>CON </partyCode><votes>15868</votes><share>32.50</share></result><result><partyCode>LD  </partyCode><votes>12138</votes><share>24.80</share></result><result><partyCode>OTH</partyCode><votes>1393</votes><share>2.90</share></result><result><partyCode>UKIP</partyCode><votes>803</votes><share>1.60</share></result></results></constituencyResult></constituencyResults>
<constituencyResults><constituencyResult seqNo="505"><consituencyId>51</consituencyId><constituencyName>Berwickshire, Roxburgh &amp; Selkirk</constituencyName><results><result><partyCode>LD  </partyCode><votes>18993</votes><share>41.80</share></result><result><partyCode>CON </partyCode><votes>13092</votes><share>28.80</share></result><result><partyCode>LAB </partyCode><votes>7206</votes><share>15.90</share></result><result><partyCode>SNP </partyCode><votes>3885</votes><share>8.60</share></result><result><partyCode>OTH</partyCode><votes>916</votes><share>2.00</share></result><result><partyCode>LIB </partyCode><votes>916</votes><share>2.00</share></result><result><partyCode>SSP </partyCode><votes>695</votes><share>1.50</share></result><result><partyCode>UKIP</partyCode><votes>601</votes><share>1.30</share></result></results></constituencyResult></constituencyResults>
<constituencyResults><constituencyResult seqNo="506"><consituencyId>298</consituencyId><constituencyName>Hastings &amp; Rye</constituencyName><results><result><partyCode>LAB </partyCode><votes>18519</votes><share>40.60</share></result><result><partyCode>CON </partyCode><votes>17363</votes><share>38.10</share></result><result><partyCode>LD  </partyCode><votes>7228</votes><share>15.90</share></result><result><partyCode>UKIP</partyCode><votes>1233</votes><share>2.70</share></result><result><partyCode>GRN </partyCode><votes>1032</votes><share>2.30</share></result><result><partyCode>OTH</partyCode><votes>207</votes><share>0.50</share></result></results></constituencyResult></constituencyResults>
<constituencyResults><constituencyResult seqNo="507"><consituencyId>404</consituencyId><constituencyName>Morecambe &amp; Lunesdale</constituencyName><results><result><partyCode>LAB </partyCode><votes>20266</votes><share>49.10</share></result><result><partyCode>CON </partyCode><votes>15417</votes><share>37.30</share></result><result><partyCode>LD  </partyCode><votes>5627</votes><share>13.60</share></result><result><partyCode>OTH</partyCode><votes>0</votes><share>0.00</share></result></results></constituencyResult></constituencyResults>
<constituencyResults><constituencyResult seqNo="508"><consituencyId>581</consituencyId><constituencyName>Twickenham</constituencyName><results><result><partyCode>LD  </partyCode><votes>26696</votes><share>51.60</share></result><result><partyCode>CON </partyCode><votes>16731</votes><share>32.40</share></result><result><partyCode>LAB </partyCode><votes>5868</votes><share>11.40</share></result><result><partyCode>GRN </partyCode><votes>1445</votes><share>2.80</share></result><result><partyCode>UKIP</partyCode><votes>766</votes><share>1.50</share></result><result><partyCode>OTH</partyCode><votes>181</votes><share>0.40</share></result></results></constituencyResult></constituencyResults>
<constituencyResults><constituencyResult seqNo="509"><consituencyId>7</consituencyId><constituencyName>Aldershot</constituencyName><results><result><partyCode>CON </partyCode><votes>18474</votes><share>44.00</share></result><result><partyCode>LD  </partyCode><votes>12129</votes><share>28.90</share></result><result><partyCode>LAB </partyCode><votes>9113</votes><share>21.70</share></result><result><partyCode>OTH</partyCode><votes>1254</votes><share>3.00</share></result><result><partyCode>UKIP</partyCode><votes>992</votes><share>2.40</share></result></results></constituencyResult></constituencyResults>
<constituencyResults><constituencyResult seqNo="510"><consituencyId>274</consituencyId><constituencyName>Grantham &amp; Stamford</constituencyName><results><result><partyCode>CON </partyCode><votes>21746</votes><share>46.90</share></result><result><partyCode>LAB </partyCode><votes>14438</votes><share>31.20</share></result><result><partyCode>LD  </partyCode><votes>7640</votes><share>16.50</share></result><result><partyCode>UKIP</partyCode><votes>1482</votes><share>3.20</share></result><result><partyCode>OTH</partyCode><votes>1038</votes><share>2.20</share></result></results></constituencyResult></constituencyResults>
<constituencyResults><constituencyResult seqNo="511"><consituencyId>459</consituencyId><constituencyName>Preseli Pembrokeshire</constituencyName><results><result><partyCode>CON </partyCode><votes>14261</votes><share>36.40</share></result><result><partyCode>LAB </partyCode><votes>13660</votes><share>34.80</share></result><result><partyCode>LD  </partyCode><votes>5105</votes><share>13.00</share></result><result><partyCode>PC  </partyCode><votes>4895</votes><share>12.50</share></result><result><partyCode>UKIP</partyCode><votes>504</votes><share>1.30</share></result><result><partyCode>GRN </partyCode><votes>499</votes><share>1.30</share></result><result><partyCode>OTH</partyCode><votes>275</votes><share>0.70</share></result></results></constituencyResult></constituencyResults>
<constituencyResults><constituencyResult seqNo="512"><consituencyId>635</consituencyId><constituencyName>Worcestershire West</constituencyName><results><result><partyCode>CON </partyCode><votes>22756</votes><share>45.00</share></result><result><partyCode>LD  </partyCode><votes>19703</votes><share>38.90</share></result><result><partyCode>LAB </partyCode><votes>5299</votes><share>10.50</share></result><result><partyCode>UKIP</partyCode><votes>1649</votes><share>3.30</share></result><result><partyCode>GRN </partyCode><votes>1216</votes><share>2.40</share></result><result><partyCode>OTH</partyCode><votes>0</votes><share>0.00</share></result></results></constituencyResult></constituencyResults>
<constituencyResults><constituencyResult seqNo="513"><consituencyId>609</consituencyId><constituencyName>Wells</constituencyName><results><result><partyCode>CON </partyCode><votes>23071</votes><share>43.60</share></result><result><partyCode>LD  </partyCode><votes>20031</votes><share>37.80</share></result><result><partyCode>LAB </partyCode><votes>8288</votes><share>15.60</share></result><result><partyCode>UKIP</partyCode><votes>1575</votes><share>3.00</share></result><result><partyCode>OTH</partyCode><votes>0</votes><share>0.00</share></result></results></constituencyResult></constituencyResults>
<constituencyResults><constituencyResult seqNo="514"><consituencyId>110</consituencyId><constituencyName>Burton</constituencyName><results><result><partyCode>LAB </partyCode><votes>18677</votes><share>42.10</share></result><result><partyCode>CON </partyCode><votes>16545</votes><share>37.30</share></result><result><partyCode>LD  </partyCode><votes>5538</votes><share>12.50</share></result><result><partyCode>OTH</partyCode><votes>2752</votes><share>6.20</share></result><result><partyCode>UKIP</partyCode><votes>856</votes><share>1.90</share></result></results></constituencyResult></constituencyResults>
<constituencyResults><constituencyResult seqNo="515"><consituencyId>378</consituencyId><constituencyName>Louth &amp; Horncastle</constituencyName><results><result><partyCode>CON </partyCode><votes>21598</votes><share>46.40</share></result><result><partyCode>LAB </partyCode><votes>11785</votes><share>25.30</share></result><result><partyCode>LD  </partyCode><votes>9554</votes><share>20.50</share></result><result><partyCode>UKIP</partyCode><votes>3611</votes><share>7.80</share></result><result><partyCode>OTH</partyCode><votes>0</votes><share>0.00</share></result></results></constituencyResult></constituencyResults>
<constituencyResults><constituencyResult seqNo="516"><consituencyId>473</consituencyId><constituencyName>Richmond Park</constituencyName><results><result><partyCode>LD  </partyCode><votes>23771</votes><share>46.70</share></result><result><partyCode>CON </partyCode><votes>20158</votes><share>39.60</share></result><result><partyCode>LAB </partyCode><votes>4711</votes><share>9.20</share></result><result><partyCode>GRN </partyCode><votes>1379</votes><share>2.70</share></result><result><partyCode>OTH</partyCode><votes>478</votes><share>0.90</share></result><result><partyCode>UKIP</partyCode><votes>454</votes><share>0.90</share></result></results></constituencyResult></constituencyResults>
<constituencyResults><constituencyResult seqNo="517"><consituencyId>601</consituencyId><constituencyName>Warwick &amp; Leamington</constituencyName><results><result><partyCode>LAB </partyCode><votes>18980</votes><share>44.70</share></result><result><partyCode>CON </partyCode><votes>14587</votes><share>34.40</share></result><result><partyCode>LD  </partyCode><votes>6739</votes><share>15.90</share></result><result><partyCode>GRN </partyCode><votes>1425</votes><share>3.40</share></result><result><partyCode>UKIP</partyCode><votes>731</votes><share>1.70</share></result><result><partyCode>OTH</partyCode><votes>0</votes><share>0.00</share></result></results></constituencyResult></constituencyResults>
<constituencyResults><constituencyResult seqNo="518"><consituencyId>178</consituencyId><constituencyName>Daventry</constituencyName><results><result><partyCode>CON </partyCode><votes>24809</votes><share>53.00</share></result><result><partyCode>LAB </partyCode><votes>13033</votes><share>27.80</share></result><result><partyCode>LD  </partyCode><votes>6797</votes><share>14.50</share></result><result><partyCode>UKIP</partyCode><votes>1357</votes><share>2.90</share></result><result><partyCode>OTH</partyCode><votes>822</votes><share>1.80</share></result></results></constituencyResult></constituencyResults>
<constituencyResults><constituencyResult seqNo="519"><consituencyId>206</consituencyId><constituencyName>Dulwich &amp; West Norwood</constituencyName><results><result><partyCode>LAB </partyCode><votes>17590</votes><share>44.20</share></result><result><partyCode>CON </partyCode><votes>9737</votes><share>24.50</share></result><result><partyCode>LD  </partyCode><votes>9199</votes><share>23.10</share></result><result><partyCode>GRN </partyCode><votes>2498</votes><share>6.30</share></result><result><partyCode>OTH</partyCode><votes>447</votes><share>1.10</share></result><result><partyCode>UKIP</partyCode><votes>285</votes><share>0.70</share></result></results></constituencyResult></constituencyResults>
<constituencyResults><constituencyResult seqNo="520"><consituencyId>189</consituencyId><constituencyName>Devon East</constituencyName><results><result><partyCode>CON </partyCode><votes>22535</votes><share>47.30</share></result><result><partyCode>LD  </partyCode><votes>13367</votes><share>28.00</share></result><result><partyCode>LAB </partyCode><votes>8691</votes><share>18.20</share></result><result><partyCode>UKIP</partyCode><votes>2679</votes><share>5.60</share></result><result><partyCode>OTH</partyCode><votes>400</votes><share>0.80</share></result></results></constituencyResult></constituencyResults>
<constituencyResults><constituencyResult seqNo="521"><consituencyId>272</consituencyId><constituencyName>Gosport</constituencyName><results><result><partyCode>CON </partyCode><votes>19268</votes><share>44.80</share></result><result><partyCode>LAB </partyCode><votes>13538</votes><share>31.50</share></result><result><partyCode>LD  </partyCode><votes>7145</votes><share>16.60</share></result><result><partyCode>UKIP</partyCode><votes>1825</votes><share>4.20</share></result><result><partyCode>GRN </partyCode><votes>1258</votes><share>2.90</share></result><result><partyCode>OTH</partyCode><votes>0</votes><share>0.00</share></result></results></constituencyResult></constituencyResults>
<constituencyResults><constituencyResult seqNo="522"><consituencyId>633</consituencyId><constituencyName>Worcester</constituencyName><results><result><partyCode>LAB </partyCode><votes>19421</votes><share>41.90</share></result><result><partyCode>CON </partyCode><votes>16277</votes><share>35.10</share></result><result><partyCode>LD  </partyCode><votes>7557</votes><share>16.30</share></result><result><partyCode>UKIP</partyCode><votes>1113</votes><share>2.40</share></result><result><partyCode>OTH</partyCode><votes>1099</votes><share>2.40</share></result><result><partyCode>GRN </partyCode><votes>921</votes><share>2.00</share></result></results></constituencyResult></constituencyResults>
<constituencyResults><constituencyResult seqNo="523"><consituencyId>639</consituencyId><constituencyName>Worthing West</constituencyName><results><result><partyCode>CON </partyCode><votes>21391</votes><share>47.60</share></result><result><partyCode>LD  </partyCode><votes>12008</votes><share>26.70</share></result><result><partyCode>LAB </partyCode><votes>8635</votes><share>19.20</share></result><result><partyCode>UKIP</partyCode><votes>2375</votes><share>5.30</share></result><result><partyCode>OTH</partyCode><votes>515</votes><share>1.10</share></result></results></constituencyResult></constituencyResults>
<constituencyResults><constituencyResult seqNo="524"><consituencyId>349</consituencyId><constituencyName>Lancashire West</constituencyName><results><result><partyCode>LAB </partyCode><votes>20746</votes><share>48.10</share></result><result><partyCode>CON </partyCode><votes>14662</votes><share>34.00</share></result><result><partyCode>LD  </partyCode><votes>6059</votes><share>14.00</share></result><result><partyCode>UKIP</partyCode><votes>871</votes><share>2.00</share></result><result><partyCode>OTH</partyCode><votes>817</votes><share>1.90</share></result></results></constituencyResult></constituencyResults>
<constituencyResults><constituencyResult seqNo="525"><consituencyId>291</consituencyId><constituencyName>Harborough</constituencyName><results><result><partyCode>CON </partyCode><votes>20749</votes><share>41.50</share></result><result><partyCode>LD  </partyCode><votes>16702</votes><share>33.40</share></result><result><partyCode>LAB </partyCode><votes>9334</votes><share>18.70</share></result><result><partyCode>OTH</partyCode><votes>1737</votes><share>3.50</share></result><result><partyCode>UKIP</partyCode><votes>1525</votes><share>3.00</share></result></results></constituencyResult></constituencyResults>
<constituencyResults><constituencyResult seqNo="526"><consituencyId>516</consituencyId><constituencyName>Solihull</constituencyName><results><result><partyCode>CON </partyCode><votes>20058</votes><share>39.70</share></result><result><partyCode>LD  </partyCode><votes>19934</votes><share>39.40</share></result><result><partyCode>LAB </partyCode><votes>7902</votes><share>15.60</share></result><result><partyCode>OTH</partyCode><votes>1752</votes><share>3.50</share></result><result><partyCode>UKIP</partyCode><votes>937</votes><share>1.90</share></result></results></constituencyResult></constituencyResults>
<constituencyResults><constituencyResult seqNo="527"><consituencyId>605</consituencyId><constituencyName>Waveney</constituencyName><results><result><partyCode>LAB </partyCode><votes>22492</votes><share>45.40</share></result><result><partyCode>CON </partyCode><votes>16542</votes><share>33.40</share></result><result><partyCode>LD  </partyCode><votes>7495</votes><share>15.10</share></result><result><partyCode>UKIP</partyCode><votes>1862</votes><share>3.80</share></result><result><partyCode>GRN </partyCode><votes>1198</votes><share>2.40</share></result><result><partyCode>OTH</partyCode><votes>0</votes><share>0.00</share></result></results></constituencyResult></constituencyResults>
<constituencyResults><constituencyResult seqNo="528"><consituencyId>142</consituencyId><constituencyName>Chesham &amp; Amersham</constituencyName><results><result><partyCode>CON </partyCode><votes>25427</votes><share>53.50</share></result><result><partyCode>LD  </partyCode><votes>12453</votes><share>26.20</share></result><result><partyCode>LAB </partyCode><votes>6479</votes><share>13.60</share></result><result><partyCode>GRN </partyCode><votes>1656</votes><share>3.50</share></result><result><partyCode>UKIP</partyCode><votes>1496</votes><share>3.10</share></result><result><partyCode>OTH</partyCode><votes>0</votes><share>0.00</share></result></results></constituencyResult></constituencyResults>
<constituencyResults><constituencyResult seqNo="529"><consituencyId>59</consituencyId><constituencyName>Birmingham Hall Green</constituencyName><results><result><partyCode>LAB </partyCode><votes>17708</votes><share>42.40</share></result><result><partyCode>LD  </partyCode><votes>11059</votes><share>26.50</share></result><result><partyCode>CON </partyCode><votes>6226</votes><share>14.90</share></result><result><partyCode>OTH</partyCode><votes>5190</votes><share>12.40</share></result><result><partyCode>UKIP</partyCode><votes>1223</votes><share>2.90</share></result><result><partyCode>GRN </partyCode><votes>403</votes><share>1.00</share></result></results></constituencyResult></constituencyResults>
<constituencyResults><constituencyResult seqNo="530"><consituencyId>490</consituencyId><constituencyName>St. Albans</constituencyName><results><result><partyCode>CON </partyCode><votes>16921</votes><share>37.30</share></result><result><partyCode>LAB </partyCode><votes>15587</votes><share>34.30</share></result><result><partyCode>LD  </partyCode><votes>11547</votes><share>25.40</share></result><result><partyCode>UKIP</partyCode><votes>706</votes><share>1.60</share></result><result><partyCode>OTH</partyCode><votes>649</votes><share>1.40</share></result></results></constituencyResult></constituencyResults>
<constituencyResults><constituencyResult seqNo="531"><consituencyId>66</consituencyId><constituencyName>Bishop Auckland</constituencyName><results><result><partyCode>LAB </partyCode><votes>19065</votes><share>50.00</share></result><result><partyCode>LD  </partyCode><votes>9018</votes><share>23.70</share></result><result><partyCode>CON </partyCode><votes>8736</votes><share>22.90</share></result><result><partyCode>UKIP</partyCode><votes>1309</votes><share>3.40</share></result><result><partyCode>OTH</partyCode><votes>0</votes><share>0.00</share></result></results></constituencyResult></constituencyResults>
<constituencyResults><constituencyResult seqNo="532"><consituencyId>287</consituencyId><constituencyName>Hampshire East</constituencyName><results><result><partyCode>CON </partyCode><votes>21441</votes><share>47.00</share></result><result><partyCode>LD  </partyCode><votes>15473</votes><share>33.90</share></result><result><partyCode>LAB </partyCode><votes>7499</votes><share>16.40</share></result><result><partyCode>UKIP</partyCode><votes>1176</votes><share>2.60</share></result><result><partyCode>OTH</partyCode><votes>0</votes><share>0.00</share></result></results></constituencyResult></constituencyResults>
<constituencyResults><constituencyResult seqNo="533"><consituencyId>163</consituencyId><constituencyName>Cornwall South East</constituencyName><results><result><partyCode>LD  </partyCode><votes>21795</votes><share>46.80</share></result><result><partyCode>CON </partyCode><votes>16310</votes><share>35.00</share></result><result><partyCode>LAB </partyCode><votes>4873</votes><share>10.50</share></result><result><partyCode>UKIP</partyCode><votes>2380</votes><share>5.10</share></result><result><partyCode>OTH</partyCode><votes>1228</votes><share>2.60</share></result></results></constituencyResult></constituencyResults>
<constituencyResults><constituencyResult seqNo="534"><consituencyId>253</consituencyId><constituencyName>Folkestone &amp; Hythe</constituencyName><results><result><partyCode>CON </partyCode><votes>27587</votes><share>53.90</share></result><result><partyCode>LD  </partyCode><votes>15141</votes><share>29.60</share></result><result><partyCode>LAB </partyCode><votes>6449</votes><share>12.60</share></result><result><partyCode>GRN </partyCode><votes>777</votes><share>1.50</share></result><result><partyCode>UKIP</partyCode><votes>698</votes><share>1.40</share></result><result><partyCode>OTH</partyCode><votes>501</votes><share>1.00</share></result></results></constituencyResult></constituencyResults>
<constituencyResults><constituencyResult seqNo="535"><consituencyId>314</consituencyId><constituencyName>High Peak</constituencyName><results><result><partyCode>LAB </partyCode><votes>18950</votes><share>41.10</share></result><result><partyCode>CON </partyCode><votes>17200</votes><share>37.30</share></result><result><partyCode>LD  </partyCode><votes>8946</votes><share>19.40</share></result><result><partyCode>UKIP</partyCode><votes>989</votes><share>2.10</share></result><result><partyCode>OTH</partyCode><votes>0</votes><share>0.00</share></result></results></constituencyResult></constituencyResults>
<constituencyResults><constituencyResult seqNo="536"><consituencyId>22</consituencyId><constituencyName>Aylesbury</constituencyName><results><result><partyCode>CON </partyCode><votes>23103</votes><share>48.30</share></result><result><partyCode>LD  </partyCode><votes>13789</votes><share>28.90</share></result><result><partyCode>LAB </partyCode><votes>8730</votes><share>18.30</share></result><result><partyCode>UKIP</partyCode><votes>2161</votes><share>4.50</share></result><result><partyCode>OTH</partyCode><votes>0</votes><share>0.00</share></result></results></constituencyResult></constituencyResults>
<constituencyResults><constituencyResult seqNo="537"><consituencyId>190</consituencyId><constituencyName>Devon North</constituencyName><results><result><partyCode>LD  </partyCode><votes>22869</votes><share>46.40</share></result><result><partyCode>CON </partyCode><votes>17593</votes><share>35.70</share></result><result><partyCode>LAB </partyCode><votes>4379</votes><share>8.90</share></result><result><partyCode>UKIP</partyCode><votes>2601</votes><share>5.30</share></result><result><partyCode>GRN </partyCode><votes>1826</votes><share>3.70</share></result><result><partyCode>OTH</partyCode><votes>0</votes><share>0.00</share></result></results></constituencyResult></constituencyResults>
<constituencyResults><constituencyResult seqNo="538"><consituencyId>508</consituencyId><constituencyName>Sherwood</constituencyName><results><result><partyCode>LAB </partyCode><votes>21327</votes><share>49.40</share></result><result><partyCode>CON </partyCode><votes>14458</votes><share>33.50</share></result><result><partyCode>LD  </partyCode><votes>5806</votes><share>13.40</share></result><result><partyCode>UKIP</partyCode><votes>1601</votes><share>3.70</share></result><result><partyCode>OTH</partyCode><votes>0</votes><share>0.00</share></result></results></constituencyResult></constituencyResults>
<constituencyResults><constituencyResult seqNo="539"><consituencyId>423</consituencyId><constituencyName>Norfolk North West</constituencyName><results><result><partyCode>CON </partyCode><votes>22920</votes><share>49.90</share></result><result><partyCode>LAB </partyCode><votes>14503</votes><share>31.60</share></result><result><partyCode>LD  </partyCode><votes>6780</votes><share>14.80</share></result><result><partyCode>UKIP</partyCode><votes>1694</votes><share>3.70</share></result><result><partyCode>OTH</partyCode><votes>0</votes><share>0.00</share></result></results></constituencyResult></constituencyResults>
<constituencyResults><constituencyResult seqNo="540"><consituencyId>341</consituencyId><constituencyName>Kettering</constituencyName><results><result><partyCode>CON </partyCode><votes>19274</votes><share>43.00</share></result><result><partyCode>LAB </partyCode><votes>19098</votes><share>42.60</share></result><result><partyCode>LD  </partyCode><votes>5488</votes><share>12.20</share></result><result><partyCode>UKIP</partyCode><votes>1015</votes><share>2.30</share></result><result><partyCode>OTH</partyCode><votes>0</votes><share>0.00</share></result></results></constituencyResult></constituencyResults>
<constituencyResults><constituencyResult seqNo="541"><consituencyId>34</consituencyId><constituencyName>Basingstoke</constituencyName><results><result><partyCode>CON </partyCode><votes>16409</votes><share>38.80</share></result><result><partyCode>LAB </partyCode><votes>13758</votes><share>32.60</share></result><result><partyCode>LD  </partyCode><votes>9261</votes><share>21.90</share></result><result><partyCode>OTH</partyCode><votes>969</votes><share>2.30</share></result><result><partyCode>UKIP</partyCode><votes>942</votes><share>2.20</share></result><result><partyCode>GRN </partyCode><votes>928</votes><share>2.20</share></result></results></constituencyResult></constituencyResults>
<constituencyResults><constituencyResult seqNo="542"><consituencyId>465</consituencyId><constituencyName>Reading West</constituencyName><results><result><partyCode>LAB </partyCode><votes>19362</votes><share>45.00</share></result><result><partyCode>CON </partyCode><votes>14431</votes><share>33.60</share></result><result><partyCode>LD  </partyCode><votes>6781</votes><share>15.80</share></result><result><partyCode>UKIP</partyCode><votes>1196</votes><share>2.80</share></result><result><partyCode>GRN </partyCode><votes>950</votes><share>2.20</share></result><result><partyCode>OTH</partyCode><votes>267</votes><share>0.60</share></result></results></constituencyResult></constituencyResults>
<constituencyResults><constituencyResult seqNo="543"><consituencyId>159</consituencyId><constituencyName>Congleton</constituencyName><results><result><partyCode>CON </partyCode><votes>21189</votes><share>45.40</share></result><result><partyCode>LAB </partyCode><votes>12943</votes><share>27.70</share></result><result><partyCode>LD  </partyCode><votes>12550</votes><share>26.90</share></result><result><partyCode>OTH</partyCode><votes>0</votes><share>0.00</share></result></results></constituencyResult></constituencyResults>
<constituencyResults><constituencyResult seqNo="544"><consituencyId>472</consituencyId><constituencyName>Richmond(Yorks)</constituencyName><results><result><partyCode>CON </partyCode><votes>29793</votes><share>59.30</share></result><result><partyCode>LAB </partyCode><votes>10343</votes><share>20.60</share></result><result><partyCode>LD  </partyCode><votes>8500</votes><share>16.90</share></result><result><partyCode>GRN </partyCode><votes>1581</votes><share>3.10</share></result><result><partyCode>OTH</partyCode><votes>0</votes><share>0.00</share></result></results></constituencyResult></constituencyResults>
<constituencyResults><constituencyResult seqNo="545"><consituencyId>136</consituencyId><constituencyName>Charnwood</constituencyName><results><result><partyCode>CON </partyCode><votes>22230</votes><share>48.30</share></result><result><partyCode>LAB </partyCode><votes>13617</votes><share>29.60</share></result><result><partyCode>LD  </partyCode><votes>8739</votes><share>19.00</share></result><result><partyCode>UKIP</partyCode><votes>1404</votes><share>3.10</share></result><result><partyCode>OTH</partyCode><votes>0</votes><share>0.00</share></result></results></constituencyResult></constituencyResults>
<constituencyResults><constituencyResult seqNo="546"><consituencyId>80</consituencyId><constituencyName>Boston &amp; Skegness</constituencyName><results><result><partyCode>CON </partyCode><votes>19991</votes><share>46.30</share></result><result><partyCode>LAB </partyCode><votes>13600</votes><share>31.50</share></result><result><partyCode>UKIP</partyCode><votes>4081</votes><share>9.50</share></result><result><partyCode>LD  </partyCode><votes>4034</votes><share>9.30</share></result><result><partyCode>OTH</partyCode><votes>1025</votes><share>2.40</share></result><result><partyCode>GRN </partyCode><votes>420</votes><share>1.00</share></result></results></constituencyResult></constituencyResults>
<constituencyResults><constituencyResult seqNo="547"><consituencyId>529</consituencyId><constituencyName>Staffordshire Moorlands</constituencyName><results><result><partyCode>CON </partyCode><votes>16671</votes><share>39.70</share></result><result><partyCode>LAB </partyCode><votes>15053</votes><share>35.90</share></result><result><partyCode>LD  </partyCode><votes>7377</votes><share>17.60</share></result><result><partyCode>UKIP</partyCode><votes>2862</votes><share>6.80</share></result><result><partyCode>OTH</partyCode><votes>0</votes><share>0.00</share></result></results></constituencyResult></constituencyResults>
<constituencyResults><constituencyResult seqNo="548"><consituencyId>619</consituencyId><constituencyName>Wiltshire North</constituencyName><results><result><partyCode>CON </partyCode><votes>22321</votes><share>49.70</share></result><result><partyCode>LD  </partyCode><votes>15433</votes><share>34.40</share></result><result><partyCode>LAB </partyCode><votes>5365</votes><share>11.90</share></result><result><partyCode>UKIP</partyCode><votes>1200</votes><share>2.70</share></result><result><partyCode>OTH</partyCode><votes>578</votes><share>1.30</share></result></results></constituencyResult></constituencyResults>
<constituencyResults><constituencyResult seqNo="549"><consituencyId>608</consituencyId><constituencyName>Wellingborough</constituencyName><results><result><partyCode>CON </partyCode><votes>20860</votes><share>42.70</share></result><result><partyCode>LAB </partyCode><votes>20250</votes><share>41.40</share></result><result><partyCode>LD  </partyCode><votes>5637</votes><share>11.50</share></result><result><partyCode>UKIP</partyCode><votes>1125</votes><share>2.30</share></result><result><partyCode>OTH</partyCode><votes>983</votes><share>2.00</share></result></results></constituencyResult></constituencyResults>
<constituencyResults><constituencyResult seqNo="550"><consituencyId>145</consituencyId><constituencyName>Chichester</constituencyName><results><result><partyCode>CON </partyCode><votes>24693</votes><share>48.00</share></result><result><partyCode>LD  </partyCode><votes>14236</votes><share>27.70</share></result><result><partyCode>LAB </partyCode><votes>9553</votes><share>18.60</share></result><result><partyCode>UKIP</partyCode><votes>2973</votes><share>5.80</share></result><result><partyCode>OTH</partyCode><votes>0</votes><share>0.00</share></result></results></constituencyResult></constituencyResults>
<constituencyResults><constituencyResult seqNo="551"><consituencyId>622</consituencyId><constituencyName>Winchester</constituencyName><results><result><partyCode>LD  </partyCode><votes>25621</votes><share>50.00</share></result><result><partyCode>CON </partyCode><votes>19097</votes><share>37.30</share></result><result><partyCode>LAB </partyCode><votes>4774</votes><share>9.30</share></result><result><partyCode>UKIP</partyCode><votes>1133</votes><share>2.20</share></result><result><partyCode>OTH</partyCode><votes>581</votes><share>1.10</share></result></results></constituencyResult></constituencyResults>
<constituencyResults><constituencyResult seqNo="552"><consituencyId>511</consituencyId><constituencyName>Shropshire North</constituencyName><results><result><partyCode>CON </partyCode><votes>23061</votes><share>49.60</share></result><result><partyCode>LAB </partyCode><votes>12041</votes><share>25.90</share></result><result><partyCode>LD  </partyCode><votes>9175</votes><share>19.70</share></result><result><partyCode>UKIP</partyCode><votes>2233</votes><share>4.80</share></result><result><partyCode>OTH</partyCode><votes>0</votes><share>0.00</share></result></results></constituencyResult></constituencyResults>
<constituencyResults><constituencyResult seqNo="553"><consituencyId>410</consituencyId><constituencyName>New Forest West</constituencyName><results><result><partyCode>CON </partyCode><votes>24646</votes><share>55.90</share></result><result><partyCode>LD  </partyCode><votes>8463</votes><share>19.20</share></result><result><partyCode>LAB </partyCode><votes>7295</votes><share>16.50</share></result><result><partyCode>UKIP</partyCode><votes>1839</votes><share>4.20</share></result><result><partyCode>GRN </partyCode><votes>1837</votes><share>4.20</share></result><result><partyCode>OTH</partyCode><votes>0</votes><share>0.00</share></result></results></constituencyResult></constituencyResults>
<constituencyResults><constituencyResult seqNo="554"><consituencyId>161</consituencyId><constituencyName>Corby</constituencyName><results><result><partyCode>LAB </partyCode><votes>20913</votes><share>43.10</share></result><result><partyCode>CON </partyCode><votes>19396</votes><share>40.00</share></result><result><partyCode>LD  </partyCode><votes>6184</votes><share>12.70</share></result><result><partyCode>UKIP</partyCode><votes>1278</votes><share>2.60</share></result><result><partyCode>OTH</partyCode><votes>756</votes><share>1.60</share></result></results></constituencyResult></constituencyResults>
<constituencyResults><constituencyResult seqNo="555"><consituencyId>528</consituencyId><constituencyName>Stafford</constituencyName><results><result><partyCode>LAB </partyCode><votes>19970</votes><share>43.20</share></result><result><partyCode>CON </partyCode><votes>18118</votes><share>39.20</share></result><result><partyCode>LD  </partyCode><votes>6613</votes><share>14.30</share></result><result><partyCode>UKIP</partyCode><votes>1525</votes><share>3.30</share></result><result><partyCode>OTH</partyCode><votes>0</votes><share>0.00</share></result></results></constituencyResult></constituencyResults>
<constituencyResults><constituencyResult seqNo="556"><consituencyId>60</consituencyId><constituencyName>Birmingham Hodge Hill</constituencyName><results><result><partyCode>LAB </partyCode><votes>19437</votes><share>46.90</share></result><result><partyCode>LD  </partyCode><votes>12374</votes><share>29.90</share></result><result><partyCode>CON </partyCode><votes>4394</votes><share>10.60</share></result><result><partyCode>OTH</partyCode><votes>3923</votes><share>9.50</share></result><result><partyCode>UKIP</partyCode><votes>1140</votes><share>2.80</share></result><result><partyCode>GRN </partyCode><votes>167</votes><share>0.40</share></result></results></constituencyResult></constituencyResults>
<constituencyResults><constituencyResult seqNo="557"><consituencyId>546</consituencyId><constituencyName>Stroud</constituencyName><results><result><partyCode>LAB </partyCode><votes>21592</votes><share>40.20</share></result><result><partyCode>CON </partyCode><votes>20596</votes><share>38.30</share></result><result><partyCode>LD  </partyCode><votes>7499</votes><share>13.90</share></result><result><partyCode>GRN </partyCode><votes>3056</votes><share>5.70</share></result><result><partyCode>UKIP</partyCode><votes>1032</votes><share>1.90</share></result><result><partyCode>OTH</partyCode><votes>0</votes><share>0.00</share></result></results></constituencyResult></constituencyResults>
<constituencyResults><constituencyResult seqNo="558"><consituencyId>150</consituencyId><constituencyName>Christchurch</constituencyName><results><result><partyCode>CON </partyCode><votes>25886</votes><share>55.30</share></result><result><partyCode>LD  </partyCode><votes>11246</votes><share>24.00</share></result><result><partyCode>LAB </partyCode><votes>7297</votes><share>15.60</share></result><result><partyCode>UKIP</partyCode><votes>2378</votes><share>5.10</share></result><result><partyCode>OTH</partyCode><votes>0</votes><share>0.00</share></result></results></constituencyResult></constituencyResults>
<constituencyResults><constituencyResult seqNo="559"><consituencyId>568</consituencyId><constituencyName>Thanet South</constituencyName><results><result><partyCode>CON </partyCode><votes>19003</votes><share>41.20</share></result><result><partyCode>LAB </partyCode><votes>18193</votes><share>39.50</share></result><result><partyCode>LD  </partyCode><votes>5631</votes><share>12.20</share></result><result><partyCode>UKIP</partyCode><votes>2205</votes><share>4.80</share></result><result><partyCode>GRN </partyCode><votes>888</votes><share>1.90</share></result><result><partyCode>OTH</partyCode><votes>188</votes><share>0.40</share></result></results></constituencyResult></constituencyResults>
<constituencyResults><constituencyResult seqNo="560"><consituencyId>441</consituencyId><constituencyName>Orkney &amp; Shetland</constituencyName><results><result><partyCode>LD  </partyCode><votes>9138</votes><share>51.50</share></result><result><partyCode>LAB </partyCode><votes>2511</votes><share>14.20</share></result><result><partyCode>CON </partyCode><votes>2357</votes><share>13.30</share></result><result><partyCode>SNP </partyCode><votes>1833</votes><share>10.30</share></result><result><partyCode>SSP </partyCode><votes>992</votes><share>5.60</share></result><result><partyCode>OTH</partyCode><votes>487</votes><share>2.70</share></result><result><partyCode>UKIP</partyCode><votes>424</votes><share>2.40</share></result><result><partyCode>LC  </partyCode><votes>311</votes><share>1.80</share></result><result><partyCode>FSP </partyCode><votes>176</votes><share>1.00</share></result></results></constituencyResult></constituencyResults>
<constituencyResults><constituencyResult seqNo="561"><consituencyId>566</consituencyId><constituencyName>Tewkesbury</constituencyName><results><result><partyCode>CON </partyCode><votes>22238</votes><share>48.20</share></result><result><partyCode>LD  </partyCode><votes>13108</votes><share>28.40</share></result><result><partyCode>LAB </partyCode><votes>9364</votes><share>20.30</share></result><result><partyCode>GRN </partyCode><votes>1442</votes><share>3.10</share></result><result><partyCode>OTH</partyCode><votes>0</votes><share>0.00</share></result></results></constituencyResult></constituencyResults>
<constituencyResults><constituencyResult seqNo="562"><consituencyId>52</consituencyId><constituencyName>Bethnal Green &amp; Bow</constituencyName><results><result><partyCode>RES</partyCode><votes>14015</votes><share>36.50</share></result><result><partyCode>LAB </partyCode><votes>13211</votes><share>34.40</share></result><result><partyCode>LD  </partyCode><votes>4721</votes><share>12.30</share></result><result><partyCode>CON </partyCode><votes>4583</votes><share>11.90</share></result><result><partyCode>GRN </partyCode><votes>1730</votes><share>4.50</share></result><result><partyCode>OTH</partyCode><votes>106</votes><share>0.30</share></result></results></constituencyResult></constituencyResults>
<constituencyResults><constituencyResult seqNo="563"><consituencyId>26</consituencyId><constituencyName>Banbury</constituencyName><results><result><partyCode>CON </partyCode><votes>25170</votes><share>46.90</share></result><result><partyCode>LAB </partyCode><votes>15080</votes><share>28.10</share></result><result><partyCode>LD  </partyCode><votes>9395</votes><share>17.50</share></result><result><partyCode>GRN </partyCode><votes>1514</votes><share>2.80</share></result><result><partyCode>OTH</partyCode><votes>1335</votes><share>2.50</share></result><result><partyCode>UKIP</partyCode><votes>1191</votes><share>2.20</share></result></results></constituencyResult></constituencyResults>
<constituencyResults><constituencyResult seqNo="564"><consituencyId>577</consituencyId><constituencyName>Totnes</constituencyName><results><result><partyCode>CON </partyCode><votes>20009</votes><share>42.80</share></result><result><partyCode>LD  </partyCode><votes>17316</votes><share>37.10</share></result><result><partyCode>LAB </partyCode><votes>5674</votes><share>12.10</share></result><result><partyCode>UKIP</partyCode><votes>3537</votes><share>7.60</share></result><result><partyCode>OTH</partyCode><votes>199</votes><share>0.40</share></result></results></constituencyResult></constituencyResults>
<constituencyResults><constituencyResult seqNo="565"><consituencyId>572</consituencyId><constituencyName>Tiverton &amp; Honiton</constituencyName><results><result><partyCode>CON </partyCode><votes>23961</votes><share>46.70</share></result><result><partyCode>LD  </partyCode><votes>14954</votes><share>29.10</share></result><result><partyCode>LAB </partyCode><votes>6851</votes><share>13.30</share></result><result><partyCode>UKIP</partyCode><votes>2466</votes><share>4.80</share></result><result><partyCode>OTH</partyCode><votes>1701</votes><share>3.30</share></result><result><partyCode>GRN </partyCode><votes>1399</votes><share>2.70</share></result></results></constituencyResult></constituencyResults>
<constituencyResults><constituencyResult seqNo="566"><consituencyId>496</consituencyId><constituencyName>Salisbury</constituencyName><results><result><partyCode>CON </partyCode><votes>21085</votes><share>46.40</share></result><result><partyCode>LD  </partyCode><votes>12225</votes><share>26.90</share></result><result><partyCode>LAB </partyCode><votes>8455</votes><share>18.60</share></result><result><partyCode>UKIP</partyCode><votes>1884</votes><share>4.10</share></result><result><partyCode>GRN </partyCode><votes>1555</votes><share>3.40</share></result><result><partyCode>OTH</partyCode><votes>240</votes><share>0.50</share></result></results></constituencyResult></constituencyResults>
<constituencyResults><constituencyResult seqNo="567"><consituencyId>514</consituencyId><constituencyName>Sleaford &amp; North Hykeham</constituencyName><results><result><partyCode>CON </partyCode><votes>26566</votes><share>50.60</share></result><result><partyCode>LAB </partyCode><votes>13879</votes><share>26.40</share></result><result><partyCode>LD  </partyCode><votes>9485</votes><share>18.10</share></result><result><partyCode>UKIP</partyCode><votes>2614</votes><share>5.00</share></result><result><partyCode>OTH</partyCode><votes>0</votes><share>0.00</share></result></results></constituencyResult></constituencyResults>
<constituencyResults><constituencyResult seqNo="568"><consituencyId>427</consituencyId><constituencyName>Northampton North</constituencyName><results><result><partyCode>LAB </partyCode><votes>14352</votes><share>38.70</share></result><result><partyCode>CON </partyCode><votes>11012</votes><share>29.70</share></result><result><partyCode>LD  </partyCode><votes>10000</votes><share>26.90</share></result><result><partyCode>UKIP</partyCode><votes>921</votes><share>2.50</share></result><result><partyCode>OTH</partyCode><votes>831</votes><share>2.20</share></result></results></constituencyResult></constituencyResults>
<constituencyResults><constituencyResult seqNo="569"><consituencyId>422</consituencyId><constituencyName>Norfolk North</constituencyName><results><result><partyCode>LD  </partyCode><votes>26410</votes><share>53.20</share></result><result><partyCode>CON </partyCode><votes>17835</votes><share>35.90</share></result><result><partyCode>LAB </partyCode><votes>4439</votes><share>8.90</share></result><result><partyCode>UKIP</partyCode><votes>817</votes><share>1.60</share></result><result><partyCode>OTH</partyCode><votes>116</votes><share>0.20</share></result></results></constituencyResult></constituencyResults>
<constituencyResults><constituencyResult seqNo="570"><consituencyId>32</consituencyId><constituencyName>Basildon &amp; Billericay</constituencyName><results><result><partyCode>CON </partyCode><votes>18699</votes><share>46.00</share></result><result><partyCode>LAB </partyCode><votes>14140</votes><share>34.80</share></result><result><partyCode>LD  </partyCode><votes>5376</votes><share>13.20</share></result><result><partyCode>OTH</partyCode><votes>1435</votes><share>3.50</share></result><result><partyCode>UKIP</partyCode><votes>993</votes><share>2.40</share></result></results></constituencyResult></constituencyResults>
<constituencyResults><constituencyResult seqNo="571"><consituencyId>305</consituencyId><constituencyName>Henley</constituencyName><results><result><partyCode>CON </partyCode><votes>26208</votes><share>53.20</share></result><result><partyCode>LD  </partyCode><votes>12842</votes><share>26.10</share></result><result><partyCode>LAB </partyCode><votes>7397</votes><share>15.00</share></result><result><partyCode>GRN </partyCode><votes>1600</votes><share>3.20</share></result><result><partyCode>UKIP</partyCode><votes>1216</votes><share>2.50</share></result><result><partyCode>OTH</partyCode><votes>0</votes><share>0.00</share></result></results></constituencyResult></constituencyResults>
<constituencyResults><constituencyResult seqNo="572"><consituencyId>333</consituencyId><constituencyName>Isle Of Wight</constituencyName><results><result><partyCode>CON </partyCode><votes>32717</votes><share>48.90</share></result><result><partyCode>LD  </partyCode><votes>19739</votes><share>29.50</share></result><result><partyCode>LAB </partyCode><votes>11484</votes><share>17.20</share></result><result><partyCode>UKIP</partyCode><votes>2352</votes><share>3.50</share></result><result><partyCode>OTH</partyCode><votes>551</votes><share>0.80</share></result></results></constituencyResult></constituencyResults>
<constituencyResults><constituencyResult seqNo="573"><consituencyId>275</consituencyId><constituencyName>Gravesham</constituencyName><results><result><partyCode>CON </partyCode><votes>19739</votes><share>43.70</share></result><result><partyCode>LAB </partyCode><votes>19085</votes><share>42.20</share></result><result><partyCode>LD  </partyCode><votes>4851</votes><share>10.70</share></result><result><partyCode>UKIP</partyCode><votes>850</votes><share>1.90</share></result><result><partyCode>OTH</partyCode><votes>654</votes><share>1.40</share></result></results></constituencyResult></constituencyResults>
<constituencyResults><constituencyResult seqNo="574"><consituencyId>55</consituencyId><constituencyName>Bexley Heath &amp; Crayford</constituencyName><results><result><partyCode>CON </partyCode><votes>19497</votes><share>46.50</share></result><result><partyCode>LAB </partyCode><votes>14330</votes><share>34.20</share></result><result><partyCode>LD  </partyCode><votes>5494</votes><share>13.10</share></result><result><partyCode>UKIP</partyCode><votes>1338</votes><share>3.20</share></result><result><partyCode>OTH</partyCode><votes>1241</votes><share>3.00</share></result></results></constituencyResult></constituencyResults>
<constituencyResults><constituencyResult seqNo="575"><consituencyId>108</consituencyId><constituencyName>Buckingham</constituencyName><results><result><partyCode>CON </partyCode><votes>28781</votes><share>58.20</share></result><result><partyCode>LAB </partyCode><votes>10065</votes><share>20.30</share></result><result><partyCode>LD  </partyCode><votes>8922</votes><share>18.00</share></result><result><partyCode>UKIP</partyCode><votes>1705</votes><share>3.40</share></result><result><partyCode>OTH</partyCode><votes>0</votes><share>0.00</share></result></results></constituencyResult></constituencyResults>
<constituencyResults><constituencyResult seqNo="576"><consituencyId>449</consituencyId><constituencyName>Penrith &amp; The Border</constituencyName><results><result><partyCode>CON </partyCode><votes>21689</votes><share>51.40</share></result><result><partyCode>LD  </partyCode><votes>10894</votes><share>25.80</share></result><result><partyCode>LAB </partyCode><votes>8042</votes><share>19.10</share></result><result><partyCode>UKIP</partyCode><votes>1032</votes><share>2.40</share></result><result><partyCode>OTH</partyCode><votes>549</votes><share>1.30</share></result></results></constituencyResult></constituencyResults>
<constituencyResults><constituencyResult seqNo="577"><consituencyId>198</consituencyId><constituencyName>Dorset North</constituencyName><results><result><partyCode>CON </partyCode><votes>22721</votes><share>46.40</share></result><result><partyCode>LD  </partyCode><votes>18521</votes><share>37.80</share></result><result><partyCode>LAB </partyCode><votes>4709</votes><share>9.60</share></result><result><partyCode>UKIP</partyCode><votes>1888</votes><share>3.90</share></result><result><partyCode>GRN </partyCode><votes>1117</votes><share>2.30</share></result><result><partyCode>OTH</partyCode><votes>0</votes><share>0.00</share></result></results></constituencyResult></constituencyResults>
<constituencyResults><constituencyResult seqNo="578"><consituencyId>39</consituencyId><constituencyName>Beaconsfield</constituencyName><results><result><partyCode>CON </partyCode><votes>24934</votes><share>54.10</share></result><result><partyCode>LD  </partyCode><votes>10140</votes><share>22.00</share></result><result><partyCode>LAB </partyCode><votes>8963</votes><share>19.40</share></result><result><partyCode>UKIP</partyCode><votes>2063</votes><share>4.50</share></result><result><partyCode>OTH</partyCode><votes>0</votes><share>0.00</share></result></results></constituencyResult></constituencyResults>
<constituencyResults><constituencyResult seqNo="579"><consituencyId>550</consituencyId><constituencyName>Suffolk West</constituencyName><results><result><partyCode>CON </partyCode><votes>21439</votes><share>48.90</share></result><result><partyCode>LAB </partyCode><votes>12704</votes><share>29.00</share></result><result><partyCode>LD  </partyCode><votes>7539</votes><share>17.20</share></result><result><partyCode>UKIP</partyCode><votes>2161</votes><share>4.90</share></result><result><partyCode>OTH</partyCode><votes>0</votes><share>0.00</share></result></results></constituencyResult></constituencyResults>
<constituencyResults><constituencyResult seqNo="580"><consituencyId>616</consituencyId><constituencyName>Westmorland &amp; Lonsdale</constituencyName><results><result><partyCode>LD  </partyCode><votes>21829</votes><share>46.00</share></result><result><partyCode>CON </partyCode><votes>21023</votes><share>44.30</share></result><result><partyCode>LAB </partyCode><votes>3712</votes><share>7.80</share></result><result><partyCode>UKIP</partyCode><votes>632</votes><share>1.30</share></result><result><partyCode>OTH</partyCode><votes>309</votes><share>0.70</share></result></results></constituencyResult></constituencyResults>
<constituencyResults><constituencyResult seqNo="581"><consituencyId>248</consituencyId><constituencyName>Feltham &amp; Heston</constituencyName><results><result><partyCode>LAB </partyCode><votes>18978</votes><share>48.10</share></result><result><partyCode>CON </partyCode><votes>11380</votes><share>28.80</share></result><result><partyCode>LD  </partyCode><votes>6586</votes><share>16.70</share></result><result><partyCode>OTH</partyCode><votes>1016</votes><share>2.60</share></result><result><partyCode>GRN </partyCode><votes>888</votes><share>2.30</share></result><result><partyCode>UKIP</partyCode><votes>612</votes><share>1.60</share></result></results></constituencyResult></constituencyResults>
<constituencyResults><constituencyResult seqNo="582"><consituencyId>242</consituencyId><constituencyName>Erith &amp; Thamesmead</constituencyName><results><result><partyCode>LAB </partyCode><votes>19890</votes><share>52.60</share></result><result><partyCode>CON </partyCode><votes>10020</votes><share>26.50</share></result><result><partyCode>LD  </partyCode><votes>4856</votes><share>12.80</share></result><result><partyCode>OTH</partyCode><votes>1620</votes><share>4.30</share></result><result><partyCode>UKIP</partyCode><votes>1419</votes><share>3.80</share></result></results></constituencyResult></constituencyResults>
<constituencyResults><constituencyResult seqNo="583"><consituencyId>155</consituencyId><constituencyName>Clwyd West</constituencyName><results><result><partyCode>CON </partyCode><votes>13021</votes><share>36.10</share></result><result><partyCode>LAB </partyCode><votes>12970</votes><share>36.00</share></result><result><partyCode>LD  </partyCode><votes>4801</votes><share>13.30</share></result><result><partyCode>PC  </partyCode><votes>3912</votes><share>10.90</share></result><result><partyCode>OTH</partyCode><votes>820</votes><share>2.30</share></result><result><partyCode>UKIP</partyCode><votes>523</votes><share>1.50</share></result></results></constituencyResult></constituencyResults>
<constituencyResults><constituencyResult seqNo="584"><consituencyId>319</consituencyId><constituencyName>Horsham</constituencyName><results><result><partyCode>CON </partyCode><votes>24557</votes><share>49.30</share></result><result><partyCode>LD  </partyCode><votes>13777</votes><share>27.70</share></result><result><partyCode>LAB </partyCode><votes>8316</votes><share>16.70</share></result><result><partyCode>UKIP</partyCode><votes>2350</votes><share>4.70</share></result><result><partyCode>OTH</partyCode><votes>770</votes><share>1.50</share></result></results></constituencyResult></constituencyResults>
<constituencyResults><constituencyResult seqNo="585"><consituencyId>244</consituencyId><constituencyName>Exeter</constituencyName><results><result><partyCode>LAB </partyCode><votes>20887</votes><share>42.10</share></result><result><partyCode>CON </partyCode><votes>12328</votes><share>24.90</share></result><result><partyCode>LD  </partyCode><votes>10376</votes><share>20.90</share></result><result><partyCode>OTH</partyCode><votes>2405</votes><share>4.90</share></result><result><partyCode>GRN </partyCode><votes>1896</votes><share>3.80</share></result><result><partyCode>UKIP</partyCode><votes>1682</votes><share>3.40</share></result></results></constituencyResult></constituencyResults>
<constituencyResults><constituencyResult seqNo="586"><consituencyId>377</consituencyId><constituencyName>Loughborough</constituencyName><results><result><partyCode>LAB </partyCode><votes>19261</votes><share>41.20</share></result><result><partyCode>CON </partyCode><votes>17445</votes><share>37.30</share></result><result><partyCode>LD  </partyCode><votes>8354</votes><share>17.90</share></result><result><partyCode>UKIP</partyCode><votes>1112</votes><share>2.40</share></result><result><partyCode>OTH</partyCode><votes>588</votes><share>1.30</share></result></results></constituencyResult></constituencyResults>
<constituencyResults><constituencyResult seqNo="587"><consituencyId>177</consituencyId><constituencyName>Dartford</constituencyName><results><result><partyCode>LAB </partyCode><votes>19518</votes><share>43.00</share></result><result><partyCode>CON </partyCode><votes>18658</votes><share>41.10</share></result><result><partyCode>LD  </partyCode><votes>4581</votes><share>10.10</share></result><result><partyCode>UKIP</partyCode><votes>1361</votes><share>3.00</share></result><result><partyCode>OTH</partyCode><votes>1224</votes><share>2.70</share></result></results></constituencyResult></constituencyResults>
<constituencyResults><constituencyResult seqNo="588"><consituencyId>489</consituencyId><constituencyName>Saffron Walden</constituencyName><results><result><partyCode>CON </partyCode><votes>25086</votes><share>50.80</share></result><result><partyCode>LD  </partyCode><votes>14603</votes><share>29.60</share></result><result><partyCode>LAB </partyCode><votes>6995</votes><share>14.20</share></result><result><partyCode>OTH</partyCode><votes>1335</votes><share>2.70</share></result><result><partyCode>UKIP</partyCode><votes>1320</votes><share>2.70</share></result></results></constituencyResult></constituencyResults>
<constituencyResults><constituencyResult seqNo="589"><consituencyId>199</consituencyId><constituencyName>Dorset South</constituencyName><results><result><partyCode>LAB </partyCode><votes>20231</votes><share>41.60</share></result><result><partyCode>CON </partyCode><votes>18419</votes><share>37.90</share></result><result><partyCode>LD  </partyCode><votes>7647</votes><share>15.70</share></result><result><partyCode>UKIP</partyCode><votes>1571</votes><share>3.20</share></result><result><partyCode>OTH</partyCode><votes>716</votes><share>1.50</share></result></results></constituencyResult></constituencyResults>
<constituencyResults><constituencyResult seqNo="590"><consituencyId>64</consituencyId><constituencyName>Birmingham Selly Oak</constituencyName><results><result><partyCode>LAB </partyCode><votes>20672</votes><share>46.80</share></result><result><partyCode>CON </partyCode><votes>13108</votes><share>29.70</share></result><result><partyCode>LD  </partyCode><votes>7651</votes><share>17.30</share></result><result><partyCode>GRN </partyCode><votes>1594</votes><share>3.60</share></result><result><partyCode>UKIP</partyCode><votes>1106</votes><share>2.50</share></result><result><partyCode>OTH</partyCode><votes>0</votes><share>0.00</share></result></results></constituencyResult></constituencyResults>
<constituencyResults><constituencyResult seqNo="591"><consituencyId>505</consituencyId><constituencyName>Sheffield Hallam</constituencyName><results><result><partyCode>LD  </partyCode><votes>21253</votes><share>46.40</share></result><result><partyCode>CON </partyCode><votes>13837</votes><share>30.20</share></result><result><partyCode>LAB </partyCode><votes>8160</votes><share>17.80</share></result><result><partyCode>GRN </partyCode><votes>1171</votes><share>2.60</share></result><result><partyCode>OTH</partyCode><votes>810</votes><share>1.80</share></result><result><partyCode>UKIP</partyCode><votes>621</votes><share>1.40</share></result></results></constituencyResult></constituencyResults>
<constituencyResults><constituencyResult seqNo="592"><consituencyId>438</consituencyId><constituencyName>Old Bexley &amp; Sidcup</constituencyName><results><result><partyCode>CON </partyCode><votes>21151</votes><share>50.00</share></result><result><partyCode>LAB </partyCode><votes>11842</votes><share>28.00</share></result><result><partyCode>LD  </partyCode><votes>5862</votes><share>13.90</share></result><result><partyCode>UKIP</partyCode><votes>1920</votes><share>4.50</share></result><result><partyCode>OTH</partyCode><votes>1531</votes><share>3.60</share></result></results></constituencyResult></constituencyResults>
<constituencyResults><constituencyResult seqNo="593"><consituencyId>310</consituencyId><constituencyName>Hertfordshire South West</constituencyName><results><result><partyCode>CON </partyCode><votes>23927</votes><share>47.00</share></result><result><partyCode>LD  </partyCode><votes>15287</votes><share>30.00</share></result><result><partyCode>LAB </partyCode><votes>10568</votes><share>20.80</share></result><result><partyCode>UKIP</partyCode><votes>1133</votes><share>2.20</share></result><result><partyCode>OTH</partyCode><votes>0</votes><share>0.00</share></result></results></constituencyResult></constituencyResults>
<constituencyResults><constituencyResult seqNo="594"><consituencyId>137</consituencyId><constituencyName>Chatham &amp; Aylesford</constituencyName><results><result><partyCode>LAB </partyCode><votes>17960</votes><share>45.10</share></result><result><partyCode>CON </partyCode><votes>14671</votes><share>36.80</share></result><result><partyCode>LD  </partyCode><votes>5388</votes><share>13.50</share></result><result><partyCode>UKIP</partyCode><votes>1178</votes><share>3.00</share></result><result><partyCode>OTH</partyCode><votes>668</votes><share>1.70</share></result></results></constituencyResult></constituencyResults>
<constituencyResults><constituencyResult seqNo="595"><consituencyId>428</consituencyId><constituencyName>Northampton South</constituencyName><results><result><partyCode>LAB </partyCode><votes>15906</votes><share>41.60</share></result><result><partyCode>CON </partyCode><votes>14461</votes><share>37.80</share></result><result><partyCode>LD  </partyCode><votes>5199</votes><share>13.60</share></result><result><partyCode>OTH</partyCode><votes>1905</votes><share>5.00</share></result><result><partyCode>UKIP</partyCode><votes>791</votes><share>2.10</share></result></results></constituencyResult></constituencyResults>
<constituencyResults><constituencyResult seqNo="596"><consituencyId>119</consituencyId><constituencyName>Cambridge</constituencyName><results><result><partyCode>LD  </partyCode><votes>21278</votes><share>44.80</share></result><result><partyCode>LAB </partyCode><votes>15444</votes><share>32.50</share></result><result><partyCode>CON </partyCode><votes>8200</votes><share>17.30</share></result><result><partyCode>GRN </partyCode><votes>1355</votes><share>2.90</share></result><result><partyCode>UKIP</partyCode><votes>660</votes><share>1.40</share></result><result><partyCode>OTH</partyCode><votes>597</votes><share>1.30</share></result></results></constituencyResult></constituencyResults>
<constituencyResults><constituencyResult seqNo="597"><consituencyId>540</consituencyId><constituencyName>Stone</constituencyName><results><result><partyCode>CON </partyCode><votes>21178</votes><share>48.40</share></result><result><partyCode>LAB </partyCode><votes>12987</votes><share>29.70</share></result><result><partyCode>LD  </partyCode><votes>8154</votes><share>18.60</share></result><result><partyCode>UKIP</partyCode><votes>1425</votes><share>3.30</share></result><result><partyCode>OTH</partyCode><votes>0</votes><share>0.00</share></result></results></constituencyResult></constituencyResults>
<constituencyResults><constituencyResult seqNo="598"><consituencyId>18</consituencyId><constituencyName>Arundel &amp; South Downs</constituencyName><results><result><partyCode>CON </partyCode><votes>25968</votes><share>50.30</share></result><result><partyCode>LD  </partyCode><votes>13677</votes><share>26.50</share></result><result><partyCode>LAB </partyCode><votes>8947</votes><share>17.30</share></result><result><partyCode>UKIP</partyCode><votes>2713</votes><share>5.30</share></result><result><partyCode>OTH</partyCode><votes>313</votes><share>0.60</share></result></results></constituencyResult></constituencyResults>
<constituencyResults><constituencyResult seqNo="599"><consituencyId>192</consituencyId><constituencyName>Devon West &amp; Torridge</constituencyName><results><result><partyCode>CON </partyCode><votes>21520</votes><share>42.30</share></result><result><partyCode>LD  </partyCode><votes>18788</votes><share>36.90</share></result><result><partyCode>LAB </partyCode><votes>5363</votes><share>10.50</share></result><result><partyCode>UKIP</partyCode><votes>3232</votes><share>6.30</share></result><result><partyCode>GRN </partyCode><votes>2003</votes><share>3.90</share></result><result><partyCode>OTH</partyCode><votes>0</votes><share>0.00</share></result></results></constituencyResult></constituencyResults>
<constituencyResults><constituencyResult seqNo="600"><consituencyId>567</consituencyId><constituencyName>Thanet North</constituencyName><results><result><partyCode>CON </partyCode><votes>19126</votes><share>47.90</share></result><result><partyCode>LAB </partyCode><votes>13008</votes><share>32.60</share></result><result><partyCode>LD  </partyCode><votes>6205</votes><share>15.50</share></result><result><partyCode>UKIP</partyCode><votes>1566</votes><share>3.90</share></result><result><partyCode>OTH</partyCode><votes>0</votes><share>0.00</share></result></results></constituencyResult></constituencyResults>
<constituencyResults><constituencyResult seqNo="601"><consituencyId>425</consituencyId><constituencyName>Norfolk South West</constituencyName><results><result><partyCode>CON </partyCode><votes>20435</votes><share>45.00</share></result><result><partyCode>LAB </partyCode><votes>13618</votes><share>30.00</share></result><result><partyCode>LD  </partyCode><votes>8719</votes><share>19.20</share></result><result><partyCode>UKIP</partyCode><votes>2166</votes><share>4.80</share></result><result><partyCode>OTH</partyCode><votes>506</votes><share>1.10</share></result></results></constituencyResult></constituencyResults>
<constituencyResults><constituencyResult seqNo="602"><consituencyId>315</consituencyId><constituencyName>Hitchin &amp; Harpenden</constituencyName><results><result><partyCode>CON </partyCode><votes>23866</votes><share>49.40</share></result><result><partyCode>LD  </partyCode><votes>12802</votes><share>26.50</share></result><result><partyCode>LAB </partyCode><votes>10593</votes><share>21.90</share></result><result><partyCode>UKIP</partyCode><votes>845</votes><share>1.70</share></result><result><partyCode>OTH</partyCode><votes>199</votes><share>0.40</share></result></results></constituencyResult></constituencyResults>
<constituencyResults><constituencyResult seqNo="603"><consituencyId>309</consituencyId><constituencyName>Hertfordshire North East</constituencyName><results><result><partyCode>CON </partyCode><votes>23149</votes><share>48.10</share></result><result><partyCode>LAB </partyCode><votes>13639</votes><share>28.30</share></result><result><partyCode>LD  </partyCode><votes>9782</votes><share>20.30</share></result><result><partyCode>UKIP</partyCode><votes>1587</votes><share>3.30</share></result><result><partyCode>OTH</partyCode><votes>0</votes><share>0.00</share></result></results></constituencyResult></constituencyResults>
<constituencyResults><constituencyResult seqNo="604"><consituencyId>606</consituencyId><constituencyName>Wealden</constituencyName><results><result><partyCode>CON </partyCode><votes>25166</votes><share>50.40</share></result><result><partyCode>LD  </partyCode><votes>12354</votes><share>24.70</share></result><result><partyCode>LAB </partyCode><votes>8334</votes><share>16.70</share></result><result><partyCode>GRN </partyCode><votes>2166</votes><share>4.30</share></result><result><partyCode>UKIP</partyCode><votes>1901</votes><share>3.80</share></result><result><partyCode>OTH</partyCode><votes>0</votes><share>0.00</share></result></results></constituencyResult></constituencyResults>
<constituencyResults><constituencyResult seqNo="605"><consituencyId>123</consituencyId><constituencyName>Cambridgeshire South East</constituencyName><results><result><partyCode>CON </partyCode><votes>24422</votes><share>47.10</share></result><result><partyCode>LD  </partyCode><votes>16312</votes><share>31.50</share></result><result><partyCode>LAB </partyCode><votes>11065</votes><share>21.40</share></result><result><partyCode>OTH</partyCode><votes>0</votes><share>0.00</share></result></results></constituencyResult></constituencyResults>
<constituencyResults><constituencyResult seqNo="606"><consituencyId>638</consituencyId><constituencyName>Worthing East &amp; Shoreham</constituencyName><results><result><partyCode>CON </partyCode><votes>19540</votes><share>43.90</share></result><result><partyCode>LAB </partyCode><votes>11360</votes><share>25.50</share></result><result><partyCode>LD  </partyCode><votes>10840</votes><share>24.30</share></result><result><partyCode>UKIP</partyCode><votes>2108</votes><share>4.70</share></result><result><partyCode>OTH</partyCode><votes>677</votes><share>1.50</share></result></results></constituencyResult></constituencyResults>
<constituencyResults><constituencyResult seqNo="607"><consituencyId>92</consituencyId><constituencyName>Brentford &amp; Isleworth</constituencyName><results><result><partyCode>LAB </partyCode><votes>17092</votes><share>39.00</share></result><result><partyCode>CON </partyCode><votes>13459</votes><share>30.70</share></result><result><partyCode>LD  </partyCode><votes>10068</votes><share>23.00</share></result><result><partyCode>OTH</partyCode><votes>1641</votes><share>3.70</share></result><result><partyCode>GRN </partyCode><votes>1579</votes><share>3.60</share></result></results></constituencyResult></constituencyResults>
<constituencyResults><constituencyResult seqNo="608"><consituencyId>521</consituencyId><constituencyName>South Ribble</constituencyName><results><result><partyCode>LAB </partyCode><votes>20642</votes><share>44.30</share></result><result><partyCode>CON </partyCode><votes>18114</votes><share>38.80</share></result><result><partyCode>LD  </partyCode><votes>6854</votes><share>14.70</share></result><result><partyCode>UKIP</partyCode><votes>1029</votes><share>2.20</share></result><result><partyCode>OTH</partyCode><votes>0</votes><share>0.00</share></result></results></constituencyResult></constituencyResults>
<constituencyResults><constituencyResult seqNo="609"><consituencyId>194</consituencyId><constituencyName>Don Valley</constituencyName><results><result><partyCode>LAB </partyCode><votes>21674</votes><share>56.50</share></result><result><partyCode>CON </partyCode><votes>10341</votes><share>27.00</share></result><result><partyCode>LD  </partyCode><votes>6330</votes><share>16.50</share></result><result><partyCode>OTH</partyCode><votes>0</votes><share>0.00</share></result></results></constituencyResult></constituencyResults>
<constituencyResults><constituencyResult seqNo="610"><consituencyId>254</consituencyId><constituencyName>Forest Of Dean</constituencyName><results><result><partyCode>CON </partyCode><votes>19474</votes><share>40.90</share></result><result><partyCode>LAB </partyCode><votes>17425</votes><share>36.60</share></result><result><partyCode>LD  </partyCode><votes>8185</votes><share>17.20</share></result><result><partyCode>UKIP</partyCode><votes>1140</votes><share>2.40</share></result><result><partyCode>GRN </partyCode><votes>991</votes><share>2.10</share></result><result><partyCode>OTH</partyCode><votes>425</votes><share>0.90</share></result></results></constituencyResult></constituencyResults>
<constituencyResults><constituencyResult seqNo="611"><consituencyId>430</consituencyId><constituencyName>Norwich North</constituencyName><results><result><partyCode>LAB </partyCode><votes>19212</votes><share>47.10</share></result><result><partyCode>CON </partyCode><votes>12443</votes><share>30.50</share></result><result><partyCode>LD  </partyCode><votes>6551</votes><share>16.10</share></result><result><partyCode>GRN </partyCode><votes>1321</votes><share>3.20</share></result><result><partyCode>UKIP</partyCode><votes>949</votes><share>2.30</share></result><result><partyCode>OTH</partyCode><votes>308</votes><share>0.80</share></result></results></constituencyResult></constituencyResults>
<constituencyResults><constituencyResult seqNo="612"><consituencyId>444</consituencyId><constituencyName>Oxford West &amp; Abingdon</constituencyName><results><result><partyCode>LD  </partyCode><votes>23418</votes><share>46.10</share></result><result><partyCode>CON </partyCode><votes>16602</votes><share>32.70</share></result><result><partyCode>LAB </partyCode><votes>8056</votes><share>15.90</share></result><result><partyCode>GRN </partyCode><votes>1929</votes><share>3.80</share></result><result><partyCode>UKIP</partyCode><votes>763</votes><share>1.50</share></result><result><partyCode>OTH</partyCode><votes>0</votes><share>0.00</share></result></results></constituencyResult></constituencyResults>
<constituencyResults><constituencyResult seqNo="613"><consituencyId>187</consituencyId><constituencyName>Devizes</constituencyName><results><result><partyCode>CON </partyCode><votes>21849</votes><share>51.00</share></result><result><partyCode>LAB </partyCode><votes>9590</votes><share>22.40</share></result><result><partyCode>LD  </partyCode><votes>9549</votes><share>22.30</share></result><result><partyCode>UKIP</partyCode><votes>1825</votes><share>4.30</share></result><result><partyCode>OTH</partyCode><votes>0</votes><share>0.00</share></result></results></constituencyResult></constituencyResults>
<constituencyResults><constituencyResult seqNo="614"><consituencyId>464</consituencyId><constituencyName>Reading East</constituencyName><results><result><partyCode>CON </partyCode><votes>15386</votes><share>35.60</share></result><result><partyCode>LAB </partyCode><votes>14647</votes><share>33.90</share></result><result><partyCode>LD  </partyCode><votes>10517</votes><share>24.40</share></result><result><partyCode>GRN </partyCode><votes>1519</votes><share>3.50</share></result><result><partyCode>UKIP</partyCode><votes>834</votes><share>1.90</share></result><result><partyCode>OTH</partyCode><votes>257</votes><share>0.60</share></result></results></constituencyResult></constituencyResults>
<constituencyResults><constituencyResult seqNo="615"><consituencyId>195</consituencyId><constituencyName>Doncaster Central</constituencyName><results><result><partyCode>LAB </partyCode><votes>19265</votes><share>51.00</share></result><result><partyCode>LD  </partyCode><votes>8940</votes><share>23.70</share></result><result><partyCode>CON </partyCode><votes>7040</votes><share>18.60</share></result><result><partyCode>UKIP</partyCode><votes>1290</votes><share>3.40</share></result><result><partyCode>OTH</partyCode><votes>1239</votes><share>3.30</share></result></results></constituencyResult></constituencyResults>
<constituencyResults><constituencyResult seqNo="616"><consituencyId>597</consituencyId><constituencyName>Wantage</constituencyName><results><result><partyCode>CON </partyCode><votes>22424</votes><share>43.10</share></result><result><partyCode>LD  </partyCode><votes>14385</votes><share>27.60</share></result><result><partyCode>LAB </partyCode><votes>12467</votes><share>24.00</share></result><result><partyCode>GRN </partyCode><votes>1334</votes><share>2.60</share></result><result><partyCode>UKIP</partyCode><votes>796</votes><share>1.50</share></result><result><partyCode>OTH</partyCode><votes>646</votes><share>1.20</share></result></results></constituencyResult></constituencyResults>
<constituencyResults><constituencyResult seqNo="617"><consituencyId>162</consituencyId><constituencyName>Cornwall North</constituencyName><results><result><partyCode>LD  </partyCode><votes>17812</votes><share>42.30</share></result><result><partyCode>CON </partyCode><votes>14920</votes><share>35.40</share></result><result><partyCode>LAB </partyCode><votes>5272</votes><share>12.50</share></result><result><partyCode>UKIP</partyCode><votes>2419</votes><share>5.70</share></result><result><partyCode>OTH</partyCode><votes>1675</votes><share>4.00</share></result></results></constituencyResult></constituencyResults>
<constituencyResults><constituencyResult seqNo="618"><consituencyId>535</consituencyId><constituencyName>Stockton North</constituencyName><results><result><partyCode>LAB </partyCode><votes>20800</votes><share>54.80</share></result><result><partyCode>CON </partyCode><votes>8058</votes><share>21.20</share></result><result><partyCode>LD  </partyCode><votes>7061</votes><share>18.60</share></result><result><partyCode>UKIP</partyCode><votes>1023</votes><share>2.70</share></result><result><partyCode>OTH</partyCode><votes>986</votes><share>2.60</share></result></results></constituencyResult></constituencyResults>
<constituencyResults><constituencyResult seqNo="619"><consituencyId>536</consituencyId><constituencyName>Stockton South</constituencyName><results><result><partyCode>LAB </partyCode><votes>20692</votes><share>47.70</share></result><result><partyCode>CON </partyCode><votes>14858</votes><share>34.20</share></result><result><partyCode>LD  </partyCode><votes>6979</votes><share>16.10</share></result><result><partyCode>UKIP</partyCode><votes>894</votes><share>2.10</share></result><result><partyCode>OTH</partyCode><votes>0</votes><share>0.00</share></result></results></constituencyResult></constituencyResults>
<constituencyResults><constituencyResult seqNo="620"><consituencyId>196</consituencyId><constituencyName>Doncaster North</constituencyName><results><result><partyCode>LAB </partyCode><votes>19300</votes><share>51.10</share></result><result><partyCode>CON </partyCode><votes>7273</votes><share>19.30</share></result><result><partyCode>LD  </partyCode><votes>5919</votes><share>15.70</share></result><result><partyCode>OTH</partyCode><votes>4432</votes><share>11.70</share></result><result><partyCode>UKIP</partyCode><votes>841</votes><share>2.20</share></result></results></constituencyResult></constituencyResults>
<constituencyResults><constituencyResult seqNo="621"><consituencyId>379</consituencyId><constituencyName>Ludlow</constituencyName><results><result><partyCode>CON </partyCode><votes>20979</votes><share>45.10</share></result><result><partyCode>LD  </partyCode><votes>18952</votes><share>40.70</share></result><result><partyCode>LAB </partyCode><votes>4974</votes><share>10.70</share></result><result><partyCode>GRN </partyCode><votes>852</votes><share>1.80</share></result><result><partyCode>UKIP</partyCode><votes>783</votes><share>1.70</share></result><result><partyCode>OTH</partyCode><votes>0</votes><share>0.00</share></result></results></constituencyResult></constituencyResults>
<constituencyResults><constituencyResult seqNo="622"><consituencyId>170</consituencyId><constituencyName>Croydon Central</constituencyName><results><result><partyCode>LAB </partyCode><votes>18745</votes><share>41.10</share></result><result><partyCode>CON </partyCode><votes>18417</votes><share>40.40</share></result><result><partyCode>LD  </partyCode><votes>5835</votes><share>12.80</share></result><result><partyCode>GRN </partyCode><votes>1009</votes><share>2.20</share></result><result><partyCode>UKIP</partyCode><votes>988</votes><share>2.20</share></result><result><partyCode>OTH</partyCode><votes>598</votes><share>1.30</share></result></results></constituencyResult></constituencyResults>
<constituencyResults><constituencyResult seqNo="623"><consituencyId>421</consituencyId><constituencyName>Norfolk Mid</constituencyName><results><result><partyCode>CON </partyCode><votes>22265</votes><share>46.50</share></result><result><partyCode>LAB </partyCode><votes>14472</votes><share>30.30</share></result><result><partyCode>LD  </partyCode><votes>9186</votes><share>19.20</share></result><result><partyCode>UKIP</partyCode><votes>1914</votes><share>4.00</share></result><result><partyCode>OTH</partyCode><votes>0</votes><share>0.00</share></result></results></constituencyResult></constituencyResults>
<constituencyResults><constituencyResult seqNo="624"><consituencyId>288</consituencyId><constituencyName>Hampshire North East</constituencyName><results><result><partyCode>CON </partyCode><votes>22784</votes><share>53.10</share></result><result><partyCode>LD  </partyCode><votes>11595</votes><share>27.00</share></result><result><partyCode>LAB </partyCode><votes>7102</votes><share>16.60</share></result><result><partyCode>UKIP</partyCode><votes>1397</votes><share>3.30</share></result><result><partyCode>OTH</partyCode><votes>0</votes><share>0.00</share></result></results></constituencyResult></constituencyResults>
<constituencyResults><constituencyResult seqNo="625"><consituencyId>50</consituencyId><constituencyName>Berwick Upon Tweed</constituencyName><results><result><partyCode>LD  </partyCode><votes>19147</votes><share>52.60</share></result><result><partyCode>CON </partyCode><votes>10562</votes><share>29.00</share></result><result><partyCode>LAB </partyCode><votes>6697</votes><share>18.40</share></result><result><partyCode>OTH</partyCode><votes>0</votes><share>0.00</share></result></results></constituencyResult></constituencyResults>
<constituencyResults><constituencyResult seqNo="626"><consituencyId>312</consituencyId><constituencyName>Hexham</constituencyName><results><result><partyCode>CON </partyCode><votes>17463</votes><share>42.40</share></result><result><partyCode>LAB </partyCode><votes>12506</votes><share>30.40</share></result><result><partyCode>LD  </partyCode><votes>10578</votes><share>25.70</share></result><result><partyCode>OTH</partyCode><votes>650</votes><share>1.60</share></result></results></constituencyResult></constituencyResults>
<constituencyResults><constituencyResult seqNo="627"><consituencyId>494</consituencyId><constituencyName>St. Ives</constituencyName><results><result><partyCode>LD  </partyCode><votes>22651</votes><share>51.80</share></result><result><partyCode>CON </partyCode><votes>11940</votes><share>27.30</share></result><result><partyCode>LAB </partyCode><votes>5473</votes><share>12.50</share></result><result><partyCode>UKIP</partyCode><votes>1889</votes><share>4.30</share></result><result><partyCode>GRN </partyCode><votes>1738</votes><share>4.00</share></result><result><partyCode>OTH</partyCode><votes>0</votes><share>0.00</share></result></results></constituencyResult></constituencyResults>
<constituencyResults><constituencyResult seqNo="628"><consituencyId>17</consituencyId><constituencyName>Argyll &amp; Bute</constituencyName><results><result><partyCode>LD  </partyCode><votes>15786</votes><share>36.50</share></result><result><partyCode>CON </partyCode><votes>10150</votes><share>23.50</share></result><result><partyCode>LAB </partyCode><votes>9696</votes><share>22.40</share></result><result><partyCode>SNP </partyCode><votes>6716</votes><share>15.50</share></result><result><partyCode>SSP </partyCode><votes>881</votes><share>2.00</share></result><result><partyCode>OTH</partyCode><votes>0</votes><share>0.00</share></result></results></constituencyResult></constituencyResults>
<constituencyResults><constituencyResult seqNo="629"><consituencyId>513</consituencyId><constituencyName>Skipton &amp; Ripon</constituencyName><results><result><partyCode>CON </partyCode><votes>24747</votes><share>50.00</share></result><result><partyCode>LD  </partyCode><votes>13151</votes><share>26.60</share></result><result><partyCode>LAB </partyCode><votes>9038</votes><share>18.30</share></result><result><partyCode>UKIP</partyCode><votes>2274</votes><share>4.60</share></result><result><partyCode>OTH</partyCode><votes>274</votes><share>0.60</share></result></results></constituencyResult></constituencyResults>
<constituencyResults><constituencyResult seqNo="630"><consituencyId>625</consituencyId><constituencyName>Wirral West</constituencyName><results><result><partyCode>CON </partyCode><votes>15705</votes><share>41.80</share></result><result><partyCode>LAB </partyCode><votes>15136</votes><share>40.30</share></result><result><partyCode>LD  </partyCode><votes>6158</votes><share>16.40</share></result><result><partyCode>UKIP</partyCode><votes>437</votes><share>1.20</share></result><result><partyCode>OTH</partyCode><votes>163</votes><share>0.40</share></result></results></constituencyResult></constituencyResults>
<constituencyResults><constituencyResult seqNo="631"><consituencyId>168</consituencyId><constituencyName>Crawley</constituencyName><results><result><partyCode>LAB </partyCode><votes>16411</votes><share>39.10</share></result><result><partyCode>CON </partyCode><votes>16374</votes><share>39.00</share></result><result><partyCode>LD  </partyCode><votes>6503</votes><share>15.50</share></result><result><partyCode>OTH</partyCode><votes>1750</votes><share>4.20</share></result><result><partyCode>UKIP</partyCode><votes>935</votes><share>2.20</share></result></results></constituencyResult></constituencyResults>
<constituencyResults><constituencyResult seqNo="632"><consituencyId>48</consituencyId><constituencyName>Belfast West</constituencyName><results><result><partyCode>SF  </partyCode><votes>24348</votes><share>70.50</share></result><result><partyCode>SDLP</partyCode><votes>5033</votes><share>14.60</share></result><result><partyCode>DUP </partyCode><votes>3652</votes><share>10.60</share></result><result><partyCode>UUP </partyCode><votes>779</votes><share>2.30</share></result><result><partyCode>WP  </partyCode><votes>432</votes><share>1.30</share></result><result><partyCode>VFY </partyCode><votes>154</votes><share>0.40</share></result><result><partyCode>IND</partyCode><votes>147</votes><share>0.40</share></result><result><partyCode>OTH</partyCode><votes>0</votes><share>0.00</share></result></results></constituencyResult></constituencyResults>
<constituencyResults><constituencyResult seqNo="633"><consituencyId>47</consituencyId><constituencyName>Belfast South</constituencyName><results><result><partyCode>SDLP</partyCode><votes>10339</votes><share>32.30</share></result><result><partyCode>DUP </partyCode><votes>9104</votes><share>28.40</share></result><result><partyCode>UUP </partyCode><votes>7263</votes><share>22.70</share></result><result><partyCode>SF  </partyCode><votes>2882</votes><share>9.00</share></result><result><partyCode>AP  </partyCode><votes>2012</votes><share>6.30</share></result><result><partyCode>VFY </partyCode><votes>235</votes><share>0.70</share></result><result><partyCode>WP  </partyCode><votes>193</votes><share>0.60</share></result><result><partyCode>OTH</partyCode><votes>0</votes><share>0.00</share></result></results></constituencyResult></constituencyResults>
<constituencyResults><constituencyResult seqNo="634"><consituencyId>14</consituencyId><constituencyName>Antrim North</constituencyName><results><result><partyCode>DUP </partyCode><votes>25156</votes><share>54.80</share></result><result><partyCode>SF  </partyCode><votes>7191</votes><share>15.70</share></result><result><partyCode>UUP </partyCode><votes>6637</votes><share>14.50</share></result><result><partyCode>SDLP</partyCode><votes>5585</votes><share>12.20</share></result><result><partyCode>AP  </partyCode><votes>1357</votes><share>3.00</share></result><result><partyCode>OTH</partyCode><votes>0</votes><share>0.00</share></result></results></constituencyResult></constituencyResults>
<constituencyResults><constituencyResult seqNo="635"><consituencyId>46</consituencyId><constituencyName>Belfast North</constituencyName><results><result><partyCode>DUP </partyCode><votes>13935</votes><share>45.60</share></result><result><partyCode>SF  </partyCode><votes>8747</votes><share>28.60</share></result><result><partyCode>SDLP</partyCode><votes>4950</votes><share>16.20</share></result><result><partyCode>UUP </partyCode><votes>2154</votes><share>7.10</share></result><result><partyCode>AP  </partyCode><votes>438</votes><share>1.40</share></result><result><partyCode>WP  </partyCode><votes>165</votes><share>0.50</share></result><result><partyCode>VFY </partyCode><votes>151</votes><share>0.50</share></result><result><partyCode>OTH</partyCode><votes>0</votes><share>0.00</share></result></results></constituencyResult></constituencyResults>
<constituencyResults><constituencyResult seqNo="636"><consituencyId>13</consituencyId><constituencyName>Antrim East</constituencyName><results><result><partyCode>DUP </partyCode><votes>15766</votes><share>49.60</share></result><result><partyCode>UUP </partyCode><votes>8462</votes><share>26.60</share></result><result><partyCode>AP  </partyCode><votes>4869</votes><share>15.30</share></result><result><partyCode>SDLP</partyCode><votes>1695</votes><share>5.30</share></result><result><partyCode>SF  </partyCode><votes>828</votes><share>2.60</share></result><result><partyCode>VFY </partyCode><votes>147</votes><share>0.50</share></result><result><partyCode>OTH</partyCode><votes>0</votes><share>0.00</share></result></results></constituencyResult></constituencyResults>
<constituencyResults><constituencyResult seqNo="637"><consituencyId>45</consituencyId><constituencyName>Belfast East</constituencyName><results><result><partyCode>DUP </partyCode><votes>15152</votes><share>49.10</share></result><result><partyCode>UUP </partyCode><votes>9275</votes><share>30.10</share></result><result><partyCode>AP  </partyCode><votes>3746</votes><share>12.20</share></result><result><partyCode>SF  </partyCode><votes>1029</votes><share>3.30</share></result><result><partyCode>SDLP</partyCode><votes>844</votes><share>2.70</share></result><result><partyCode>CON </partyCode><votes>434</votes><share>1.40</share></result><result><partyCode>WP  </partyCode><votes>179</votes><share>0.60</share></result><result><partyCode>VFY </partyCode><votes>172</votes><share>0.60</share></result><result><partyCode>OTH</partyCode><votes>0</votes><share>0.00</share></result></results></constituencyResult></constituencyResults>
<constituencyResults><constituencyResult seqNo="638"><consituencyId>376</consituencyId><constituencyName>Londonderry East</constituencyName><results><result><partyCode>DUP </partyCode><votes>15225</votes><share>42.90</share></result><result><partyCode>UUP </partyCode><votes>7498</votes><share>21.10</share></result><result><partyCode>SDLP</partyCode><votes>6077</votes><share>17.10</share></result><result><partyCode>SF  </partyCode><votes>5709</votes><share>16.10</share></result><result><partyCode>AP  </partyCode><votes>924</votes><share>2.60</share></result><result><partyCode>IND</partyCode><votes>71</votes><share>0.20</share></result><result><partyCode>OTH</partyCode><votes>0</votes><share>0.00</share></result></results></constituencyResult></constituencyResults>
<constituencyResults><constituencyResult seqNo="639"><consituencyId>249</consituencyId><constituencyName>Fermanagh &amp; South Tyrone</constituencyName><results><result><partyCode>SF  </partyCode><votes>18638</votes><share>38.20</share></result><result><partyCode>DUP </partyCode><votes>14056</votes><share>28.80</share></result><result><partyCode>UUP </partyCode><votes>8869</votes><share>18.20</share></result><result><partyCode>SDLP</partyCode><votes>7230</votes><share>14.80</share></result><result><partyCode>OTH</partyCode><votes>0</votes><share>0.00</share></result></results></constituencyResult></constituencyResults>
<constituencyResults><constituencyResult seqNo="640"><consituencyId>584</consituencyId><constituencyName>Tyrone West</constituencyName><results><result><partyCode>SF  </partyCode><votes>16910</votes><share>38.90</share></result><result><partyCode>IND</partyCode><votes>11905</votes><share>27.40</share></result><result><partyCode>DUP </partyCode><votes>7742</votes><share>17.80</share></result><result><partyCode>SDLP</partyCode><votes>3949</votes><share>9.10</share></result><result><partyCode>UUP </partyCode><votes>2981</votes><share>6.90</share></result><result><partyCode>OTH</partyCode><votes>0</votes><share>0.00</share></result></results></constituencyResult></constituencyResults>
<constituencyResults><constituencyResult seqNo="641"><consituencyId>202</consituencyId><constituencyName>Down North</constituencyName><results><result><partyCode>UUP </partyCode><votes>16268</votes><share>50.40</share></result><result><partyCode>DUP </partyCode><votes>11324</votes><share>35.10</share></result><result><partyCode>AP  </partyCode><votes>2451</votes><share>7.60</share></result><result><partyCode>SDLP</partyCode><votes>1009</votes><share>3.10</share></result><result><partyCode>CON </partyCode><votes>822</votes><share>2.50</share></result><result><partyCode>IND</partyCode><votes>211</votes><share>0.70</share></result><result><partyCode>SF  </partyCode><votes>205</votes><share>0.60</share></result><result><partyCode>OTH</partyCode><votes>0</votes><share>0.00</share></result></results></constituencyResult></constituencyResults>
<constituencyResults><constituencyResult seqNo="642"><consituencyId>586</consituencyId><constituencyName>Upper Bann</constituencyName><results><result><partyCode>DUP </partyCode><votes>16679</votes><share>37.60</share></result><result><partyCode>UUP </partyCode><votes>11281</votes><share>25.50</share></result><result><partyCode>SF  </partyCode><votes>9305</votes><share>21.00</share></result><result><partyCode>SDLP</partyCode><votes>5747</votes><share>13.00</share></result><result><partyCode>AP  </partyCode><votes>955</votes><share>2.20</share></result><result><partyCode>WP  </partyCode><votes>355</votes><share>0.80</share></result><result><partyCode>OTH</partyCode><votes>0</votes><share>0.00</share></result></results></constituencyResult></constituencyResults>
<constituencyResults><constituencyResult seqNo="643"><consituencyId>15</consituencyId><constituencyName>Antrim South</constituencyName><results><result><partyCode>DUP </partyCode><votes>14507</votes><share>38.20</share></result><result><partyCode>UUP </partyCode><votes>11059</votes><share>29.10</share></result><result><partyCode>SDLP</partyCode><votes>4706</votes><share>12.40</share></result><result><partyCode>SF  </partyCode><votes>4407</votes><share>11.60</share></result><result><partyCode>AP  </partyCode><votes>3278</votes><share>8.60</share></result><result><partyCode>OTH</partyCode><votes>0</votes><share>0.00</share></result></results></constituencyResult></constituencyResults>
<constituencyResults><constituencyResult seqNo="644"><consituencyId>542</consituencyId><constituencyName>Strangford</constituencyName><results><result><partyCode>DUP </partyCode><votes>20921</votes><share>56.50</share></result><result><partyCode>UUP </partyCode><votes>7872</votes><share>21.30</share></result><result><partyCode>AP  </partyCode><votes>3332</votes><share>9.00</share></result><result><partyCode>SDLP</partyCode><votes>2496</votes><share>6.70</share></result><result><partyCode>CON </partyCode><votes>1462</votes><share>3.90</share></result><result><partyCode>SF  </partyCode><votes>949</votes><share>2.60</share></result><result><partyCode>OTH</partyCode><votes>0</votes><share>0.00</share></result></results></constituencyResult></constituencyResults>
<constituencyResults><constituencyResult seqNo="645"><consituencyId>347</consituencyId><constituencyName>Lagan Valley</constituencyName><results><result><partyCode>DUP </partyCode><votes>23289</votes><share>54.70</share></result><result><partyCode>UUP </partyCode><votes>9172</votes><share>21.50</share></result><result><partyCode>AP  </partyCode><votes>4316</votes><share>10.10</share></result><result><partyCode>SF  </partyCode><votes>3197</votes><share>7.50</share></result><result><partyCode>SDLP</partyCode><votes>2598</votes><share>6.10</share></result><result><partyCode>OTH</partyCode><votes>0</votes><share>0.00</share></result></results></constituencyResult></constituencyResults>
<constituencyResults><constituencyResult seqNo="646"><consituencyId>419</consituencyId><constituencyName>Newry &amp; Armagh</constituencyName><results><result><partyCode>SF  </partyCode><votes>20965</votes><share>41.40</share></result><result><partyCode>SDLP</partyCode><votes>12770</votes><share>25.20</share></result><result><partyCode>DUP </partyCode><votes>9311</votes><share>18.40</share></result><result><partyCode>UUP </partyCode><votes>7025</votes><share>13.90</share></result><result><partyCode>IND</partyCode><votes>625</votes><share>1.20</share></result><result><partyCode>OTH</partyCode><votes>0</votes><share>0.00</share></result></results></constituencyResult></constituencyResults>
<constituencyResults><constituencyResult seqNo="647"><consituencyId>255</consituencyId><constituencyName>Foyle</constituencyName><results><result><partyCode>SDLP</partyCode><votes>21119</votes><share>46.30</share></result><result><partyCode>SF  </partyCode><votes>15162</votes><share>33.20</share></result><result><partyCode>DUP </partyCode><votes>6557</votes><share>14.40</share></result><result><partyCode>SEA </partyCode><votes>1649</votes><share>3.60</share></result><result><partyCode>UUP </partyCode><votes>1091</votes><share>2.40</share></result><result><partyCode>VFY </partyCode><votes>31</votes><share>0.10</share></result><result><partyCode>OTH</partyCode><votes>0</votes><share>0.00</share></result></results></constituencyResult></constituencyResults>
<constituencyResults><constituencyResult seqNo="648"><consituencyId>203</consituencyId><constituencyName>Down South</constituencyName><results><result><partyCode>SDLP</partyCode><votes>21557</votes><share>44.70</share></result><result><partyCode>SF  </partyCode><votes>12417</votes><share>25.80</share></result><result><partyCode>DUP </partyCode><votes>8815</votes><share>18.30</share></result><result><partyCode>UUP </partyCode><votes>4775</votes><share>9.90</share></result><result><partyCode>AP  </partyCode><votes>613</votes><share>1.30</share></result><result><partyCode>OTH</partyCode><votes>0</votes><share>0.00</share></result></results></constituencyResult></constituencyResults>
<constituencyResults><constituencyResult seqNo="649"><consituencyId>585</consituencyId><constituencyName>Ulster Mid</constituencyName><results><result><partyCode>SF  </partyCode><votes>21641</votes><share>47.60</share></result><result><partyCode>DUP </partyCode><votes>10665</votes><share>23.50</share></result><result><partyCode>SDLP</partyCode><votes>7922</votes><share>17.40</share></result><result><partyCode>UUP </partyCode><votes>4853</votes><share>10.70</share></result><result><partyCode>WP  </partyCode><votes>345</votes><share>0.80</share></result><result><partyCode>OTH</partyCode><votes>0</votes><share>0.00</share></result></results></constituencyResult></constituencyResults>
<constituencyResults><constituencyResult seqNo="650"><consituencyId>292</consituencyId><constituencyName>Harlow</constituencyName><results><result><partyCode>LAB </partyCode><votes>16434</votes><share>41.40</share></result><result><partyCode>CON </partyCode><votes>16204</votes><share>40.80</share></result><result><partyCode>LD  </partyCode><votes>5148</votes><share>13.00</share></result><result><partyCode>UKIP</partyCode><votes>994</votes><share>2.50</share></result><result><partyCode>OTH</partyCode><votes>941</votes><share>2.40</share></result></results></constituencyResult></constituencyResults>
